Component: ARM Compiler 5.05 update 1 (build 106) Tool: armlink [4d0efa]

==============================================================================

Section Cross References

    main.o(i.interface) refers to key.o(i.Get_KeyValue) for Get_KeyValue
    main.o(i.interface) refers to lcd.o(i.LCD_Clear) for LCD_Clear
    main.o(i.interface) refers to lcd.o(i.LCD_DisplayString) for LCD_DisplayString
    main.o(i.interface) refers to lcd.o(i.LCD_Draw_Line) for LCD_Draw_Line
    main.o(i.interface) refers to lcd.o(i.LCD_Draw_Rectangle) for LCD_Draw_Rectangle
    main.o(i.interface) refers to f2d.o(.text) for __aeabi_f2d
    main.o(i.interface) refers to printfa.o(i.__0sprintf) for __2sprintf
    main.o(i.interface) refers to lcd.o(i.LCD_Draw_Circle) for LCD_Draw_Circle
    main.o(i.interface) refers to ctrl.o(.data) for mode
    main.o(i.interface) refers to main.o(.data) for String
    main.o(i.interface) refers to imu.o(.data) for Roll
    main.o(i.interface) refers to tb6612fng.o(i.Set_Motor) for Set_Motor
    main.o(i.interface) refers to timer.o(i.Delay_ms) for Delay_ms
    main.o(i.interface) refers to pid.o(.data) for Motor_X
    main.o(i.main) refers to bsp.o(i.All_Init) for All_Init
    main.o(i.main) refers to mpu6050.o(i.MPU6050_Data_Offset) for MPU6050_Data_Offset
    main.o(i.main) refers to main.o(i.interface) for interface
    main.o(i.main) refers to ctrl.o(.data) for mode
    startup_stm32f40xx.o(RESET) refers to startup_stm32f40xx.o(STACK) for __initial_sp
    startup_stm32f40xx.o(RESET) refers to startup_stm32f40xx.o(.text) for Reset_Handler
    startup_stm32f40xx.o(RESET) refers to timer.o(i.TIM3_IRQHandler) for TIM3_IRQHandler
    startup_stm32f40xx.o(RESET) refers to usart.o(i.USART1_IRQHandler) for USART1_IRQHandler
    startup_stm32f40xx.o(RESET) refers to usart.o(i.USART2_IRQHandler) for USART2_IRQHandler
    startup_stm32f40xx.o(RESET) refers to timer.o(i.TIM5_IRQHandler) for TIM5_IRQHandler
    startup_stm32f40xx.o(RESET) refers to timer.o(i.TIM6_DAC_IRQHandler) for TIM6_DAC_IRQHandler
    startup_stm32f40xx.o(.text) refers to system_stm32f4xx.o(i.SystemInit) for SystemInit
    startup_stm32f40xx.o(.text) refers to entry.o(.ARM.Collect$$$$00000000) for __main
    ak8975.o(i.ANO_AK8975_CalOffset_Mag) refers to ak8975.o(.data) for Mag_CALIBRATED
    ak8975.o(i.ANO_AK8975_CalOffset_Mag) refers to ak8975.o(.bss) for MagSum
    ak8975.o(i.ANO_AK8975_Get_Mag) refers to ak8975.o(.data) for ak8975
    ak8975.o(i.ANO_AK8975_Read) refers to ak8975.o(i.ANO_AK8975_Read_Mag_Data) for ANO_AK8975_Read_Mag_Data
    ak8975.o(i.ANO_AK8975_Read_Mag_Data) refers to i2c_soft.o(i.IIC_Read_1Byte) for IIC_Read_1Byte
    ak8975.o(i.ANO_AK8975_Read_Mag_Data) refers to ak8975.o(i.ANO_AK8975_CalOffset_Mag) for ANO_AK8975_CalOffset_Mag
    ak8975.o(i.ANO_AK8975_Read_Mag_Data) refers to ak8975.o(i.ANO_AK8975_Run) for ANO_AK8975_Run
    ak8975.o(i.ANO_AK8975_Read_Mag_Data) refers to i2c_soft.o(.data) for I2C_FastMode
    ak8975.o(i.ANO_AK8975_Read_Mag_Data) refers to ak8975.o(.data) for ak8975
    ak8975.o(i.ANO_AK8975_Run) refers to i2c_soft.o(i.IIC_Write_1Byte) for IIC_Write_1Byte
    bsp.o(i.All_Init) refers to misc.o(i.NVIC_PriorityGroupConfig) for NVIC_PriorityGroupConfig
    bsp.o(i.All_Init) refers to led.o(i.LED_Configuration) for LED_Configuration
    bsp.o(i.All_Init) refers to timer.o(i.TIM5_Configuration) for TIM5_Configuration
    bsp.o(i.All_Init) refers to timer.o(i.TIM3_Configuration) for TIM3_Configuration
    bsp.o(i.All_Init) refers to usart.o(i.Usart1_Init) for Usart1_Init
    bsp.o(i.All_Init) refers to usart.o(i.Usart2_Init) for Usart2_Init
    bsp.o(i.All_Init) refers to pwm.o(i.PWM_Configuration) for PWM_Configuration
    bsp.o(i.All_Init) refers to gpio.o(i.GPIO_Configuration) for GPIO_Configuration
    bsp.o(i.All_Init) refers to i2c_soft.o(i.I2c_Soft_Init) for I2c_Soft_Init
    bsp.o(i.All_Init) refers to timer.o(i.Delay_ms) for Delay_ms
    bsp.o(i.All_Init) refers to mpu6050.o(i.MPU6050_Init) for MPU6050_Init
    bsp.o(i.All_Init) refers to ak8975.o(i.ANO_AK8975_Run) for ANO_AK8975_Run
    bsp.o(i.All_Init) refers to lcd.o(i.LCD_Init) for LCD_Init
    bsp.o(i.All_Init) refers to lcd.o(i.LCD_Clear) for LCD_Clear
    bsp.o(i.All_Init) refers to key.o(i.Key_Configuration) for Key_Configuration
    bsp.o(i.All_Init) refers to timer.o(i.InnerLoopInit) for InnerLoopInit
    bsp.o(i.All_Init) refers to bsp.o(.bss) for MX
    bsp.o(i.All_Init) refers to pid.o(.data) for Motor_X
    bsp.o(i.All_Init) refers to ak8975.o(.data) for ak8975_ok
    bsp.o(i.All_Init) refers to ctrl.o(.data) for mode_change_flag
    bsp_flash.o(i.BSP_FLASH_Read) refers to bsp_flash.o(i.BSP_FLASH_ReadByte) for BSP_FLASH_ReadByte
    bsp_flash.o(i.BSP_FLASH_Write) refers to stm32f4xx_flash.o(i.FLASH_Unlock) for FLASH_Unlock
    bsp_flash.o(i.BSP_FLASH_Write) refers to stm32f4xx_flash.o(i.FLASH_DataCacheCmd) for FLASH_DataCacheCmd
[...]
    .text                                    0x08000416   Section        0  ddiv.o(.text)
    .text                                    0x080004f4   Section        0  dflti.o(.text)
    .text                                    0x08000516   Section        0  dfltui.o(.text)
    .text                                    0x08000530   Section        0  f2d.o(.text)
    .text                                    0x08000558   Section       48  cdcmple.o(.text)
    .text                                    0x08000588   Section       48  cdrcmple.o(.text)
    .text                                    0x080005b8   Section        0  d2f.o(.text)
    .text                                    0x080005f0   Section        0  uidiv.o(.text)
    .text                                    0x0800061c   Section        0  uldiv.o(.text)
    .text                                    0x0800067e   Section        0  llshl.o(.text)
    .text                                    0x0800069c   Section        0  llsshr.o(.text)
    .text                                    0x080006c0   Section        0  fepilogue.o(.text)
    .text                                    0x080006c0   Section        0  iusefp.o(.text)
    .text                                    0x0800072e   Section        0  depilogue.o(.text)
    .text                                    0x080007e8   Section        0  dfixul.o(.text)
    .text                                    0x08000818   Section       36  init.o(.text)
    .text                                    0x0800083c   Section        0  llushr.o(.text)
    .text                                    0x0800085c   Section        0  dsqrt.o(.text)
    .text                                    0x080008fe   Section        0  __dczerorl2.o(.text)
    i.ANO_AK8975_CalOffset_Mag               0x08000954   Section        0  ak8975.o(i.ANO_AK8975_CalOffset_Mag)
    i.ANO_AK8975_Read                        0x08000c54   Section        0  ak8975.o(i.ANO_AK8975_Read)
    i.ANO_AK8975_Read_Mag_Data               0x08000c5c   Section        0  ak8975.o(i.ANO_AK8975_Read_Mag_Data)
    i.ANO_AK8975_Run                         0x08000d58   Section        0  ak8975.o(i.ANO_AK8975_Run)
    i.ANO_DT_Send_Check                      0x08000d68   Section        0  datatransfer.o(i.ANO_DT_Send_Check)
    i.ANO_DT_Send_Senser                     0x08000db0   Section        0  datatransfer.o(i.ANO_DT_Send_Senser)
    i.ANO_DT_Send_Status                     0x08000f4c   Section        0  datatransfer.o(i.ANO_DT_Send_Status)
    i.All_Init                               0x080010a4   Section        0  bsp.o(i.All_Init)
    i.DMA_ClearFlag                          0x0800115c   Section        0  stm32f4xx_dma.o(i.DMA_ClearFlag)
    i.DMA_Cmd                                0x08001190   Section        0  stm32f4xx_dma.o(i.DMA_Cmd)
    i.DMA_DeInit                             0x080011a8   Section        0  stm32f4xx_dma.o(i.DMA_DeInit)
    i.DMA_GetCmdStatus                       0x08001300   Section        0  stm32f4xx_dma.o(i.DMA_GetCmdStatus)
    i.DMA_GetCurrDataCounter                 0x08001314   Section        0  stm32f4xx_dma.o(i.DMA_GetCurrDataCounter)
    i.DMA_Init                               0x0800131c   Section        0  stm32f4xx_dma.o(i.DMA_Init)
    i.DataTransferTask                       0x08001374   Section        0  datatransfer.o(i.DataTransferTask)
    i.Data_Receive_Anl                       0x080014c0   Section        0  datatransfer.o(i.Data_Receive_Anl)
    i.Delay_ms                               0x08001774   Section        0  timer.o(i.Delay_ms)
    i.Delay_us                               0x0800178c   Section        0  timer.o(i.Delay_us)
    i.FSMC_NORSRAMCmd                        0x080017a4   Section        0  stm32f4xx_fsmc.o(i.FSMC_NORSRAMCmd)
    i.FSMC_NORSRAMInit                       0x080017d8   Section        0  stm32f4xx_fsmc.o(i.FSMC_NORSRAMInit)
    i.GPIO_Configuration                     0x080018c0   Section        0  gpio.o(i.GPIO_Configuration)
    i.GPIO_Init                              0x08001910   Section        0  stm32f4xx_gpio.o(i.GPIO_Init)
    i.GPIO_PinAFConfig                       0x080019a0   Section        0  stm32f4xx_gpio.o(i.GPIO_PinAFConfig)
    i.GPIO_ResetBits                         0x080019e6   Section        0  stm32f4xx_gpio.o(i.GPIO_ResetBits)
    i.GPIO_SetBits                           0x080019ea   Section        0  stm32f4xx_gpio.o(i.GPIO_SetBits)
    i.GPIO_ToggleBits                        0x080019ee   Section        0  stm32f4xx_gpio.o(i.GPIO_ToggleBits)
    i.GetInnerLoop                           0x080019f8   Section        0  timer.o(i.GetInnerLoop)
    i.Get_KeyValue                           0x08001a2c   Section        0  key.o(i.Get_KeyValue)
    i.I2c_Soft_Ask                           0x08001cb8   Section        0  i2c_soft.o(i.I2c_Soft_Ask)
    i.I2c_Soft_Init                          0x08001cf0   Section        0  i2c_soft.o(i.I2c_Soft_Init)
    i.I2c_Soft_NoAsk                         0x08001d24   Section        0  i2c_soft.o(i.I2c_Soft_NoAsk)
    i.I2c_Soft_ReadByte                      0x08001d5c   Section        0  i2c_soft.o(i.I2c_Soft_ReadByte)
    i.I2c_Soft_SendByte                      0x08001dbc   Section        0  i2c_soft.o(i.I2c_Soft_SendByte)
    i.I2c_Soft_Start                         0x08001e14   Section        0  i2c_soft.o(i.I2c_Soft_Start)
    i.I2c_Soft_Stop                          0x08001e6c   Section        0  i2c_soft.o(i.I2c_Soft_Stop)
    i.I2c_Soft_WaitAsk                       0x08001ea4   Section        0  i2c_soft.o(i.I2c_Soft_WaitAsk)
    i.I2c_Soft_delay                         0x08001f00   Section        0  i2c_soft.o(i.I2c_Soft_delay)
    i.IIC_Read_1Byte                         0x08001f30   Section        0  i2c_soft.o(i.IIC_Read_1Byte)
    i.IIC_Read_nByte                         0x08001f80   Section        0  i2c_soft.o(i.IIC_Read_nByte)
    i.IIC_Write_1Byte                        0x08001fec   Section        0  i2c_soft.o(i.IIC_Write_1Byte)
    i.IICwriteBit                            0x0800202c   Section        0  mpu6050.o(i.IICwriteBit)
    i.IICwriteBits                           0x08002080   Section        0  mpu6050.o(i.IICwriteBits)
    i.IMUupdate                              0x080020e8   Section        0  imu.o(i.IMUupdate)
    i.InnerLoopInit                          0x08002b20   Section        0  timer.o(i.InnerLoopInit)
    i.Key_Configuration                      0x08002b38   Section        0  key.o(i.Key_Configuration)
    i.LCD_AUTOScan_Dir                       0x08002ba0   Section        0  lcd.o(i.LCD_AUTOScan_Dir)
    i.LCD_Clear                              0x08002d1c   Section        0  lcd.o(i.LCD_Clear)
    i.LCD_Color_DrawPoint                    0x08002d58   Section        0  lcd.o(i.LCD_Color_DrawPoint)
    i.LCD_DisplayChar                        0x08002de8   Section        0  lcd.o(i.LCD_DisplayChar)
    i.LCD_DisplayString                      0x08002eec   Section        0  lcd.o(i.LCD_DisplayString)
    i.LCD_Display_Dir                        0x08002f30   Section        0  lcd.o(i.LCD_Display_Dir)
    i.LCD_DrawPoint                          0x08002fe8   Section        0  lcd.o(i.LCD_DrawPoint)
    i.LCD_Draw_Circle                        0x0800300c   Section        0  lcd.o(i.LCD_Draw_Circle)
    i.LCD_Draw_Line                          0x080030a4   Section        0  lcd.o(i.LCD_Draw_Line)
    i.LCD_Draw_Rectangle                     0x08003154   Section        0  lcd.o(i.LCD_Draw_Rectangle)
    i.LCD_FSMC_Config                        0x08003190   Section        0  lcd.o(i.LCD_FSMC_Config)
    i.LCD_Init                               0x080033c0   Section        0  lcd.o(i.LCD_Init)
    i.LCD_ReadReg                            0x08003a60   Section        0  lcd.o(i.LCD_ReadReg)
    i.LCD_SetCursor                          0x08003a7c   Section        0  lcd.o(i.LCD_SetCursor)
    i.LCD_WriteRAM_Prepare                   0x08003af8   Section        0  lcd.o(i.LCD_WriteRAM_Prepare)
    i.LCD_WriteReg                           0x08003b08   Section        0  lcd.o(i.LCD_WriteReg)
    i.LED_Configuration                      0x08003b18   Section        0  led.o(i.LED_Configuration)
    i.MPU6050_Data_Offset                    0x08003b54   Section        0  mpu6050.o(i.MPU6050_Data_Offset)
    i.MPU6050_Data_Prepare                   0x08003d84   Section        0  mpu6050.o(i.MPU6050_Data_Prepare)
    i.MPU6050_INT_Config                     0x08004218   Section        0  mpu6050.o(i.MPU6050_INT_Config)
    i.MPU6050_Init                           0x08004254   Section        0  mpu6050.o(i.MPU6050_Init)
    i.MPU6050_Read                           0x0800430c   Section        0  mpu6050.o(i.MPU6050_Read)
    i.MPU6050_setClockSource                 0x0800432c   Section        0  mpu6050.o(i.MPU6050_setClockSource)
    i.MPU6050_setDLPF                        0x08004340   Section        0  mpu6050.o(i.MPU6050_setDLPF)
    i.MPU6050_setFullScaleAccelRange         0x08004354   Section        0  mpu6050.o(i.MPU6050_setFullScaleAccelRange)
    i.MPU6050_setFullScaleGyroRange          0x08004378   Section        0  mpu6050.o(i.MPU6050_setFullScaleGyroRange)
    i.MPU6050_setI2CBypassEnabled            0x0800439c   Section        0  mpu6050.o(i.MPU6050_setI2CBypassEnabled)
    i.MPU6050_setI2CMasterModeEnabled        0x080043ae   Section        0  mpu6050.o(i.MPU6050_setI2CMasterModeEnabled)
    i.MPU6050_setSleepEnabled                0x080043c0   Section        0  mpu6050.o(i.MPU6050_setSleepEnabled)
    i.MPU6050_set_SMPLRT_DIV                 0x080043d2   Section        0  mpu6050.o(i.MPU6050_set_SMPLRT_DIV)
    i.NVIC_Init                              0x080043f0   Section        0  misc.o(i.NVIC_Init)
    i.NVIC_PriorityGroupConfig               0x08004468   Section        0  misc.o(i.NVIC_PriorityGroupConfig)
    i.PWM_Configuration                      0x0800447c   Section        0  pwm.o(i.PWM_Configuration)
    i.RCC_AHB1PeriphClockCmd                 0x08004558   Section        0  stm32f4xx_rcc.o(i.RCC_AHB1PeriphClockCmd)
    i.RCC_AHB3PeriphClockCmd                 0x08004578   Section        0  stm32f4xx_rcc.o(i.RCC_AHB3PeriphClockCmd)
    i.RCC_APB1PeriphClockCmd                 0x08004598   Section        0  stm32f4xx_rcc.o(i.RCC_APB1PeriphClockCmd)
    i.RCC_APB2PeriphClockCmd                 0x080045b8   Section        0  stm32f4xx_rcc.o(i.RCC_APB2PeriphClockCmd)
    i.RCC_GetClocksFreq                      0x080045d8   Section        0  stm32f4xx_rcc.o(i.RCC_GetClocksFreq)
    i.SetSysClock                            0x080046c0   Section        0  system_stm32f4xx.o(i.SetSysClock)
    SetSysClock                              0x080046c1   Thumb Code   220  system_stm32f4xx.o(i.SetSysClock)
    i.Set_Motor                              0x080047ac   Section        0  tb6612fng.o(i.Set_Motor)
    i.SystemInit                             0x08004864   Section        0  system_stm32f4xx.o(i.SystemInit)
    i.TIM3_Configuration                     0x080048cc   Section        0  timer.o(i.TIM3_Configuration)
    i.TIM3_IRQHandler                        0x08004930   Section        0  timer.o(i.TIM3_IRQHandler)
    i.TIM5_Configuration                     0x08004a84   Section        0  timer.o(i.TIM5_Configuration)
    i.TIM5_IRQHandler                        0x08004ac4   Section        0  timer.o(i.TIM5_IRQHandler)
    i.TIM6_DAC_IRQHandler                    0x08004ae8   Section        0  timer.o(i.TIM6_DAC_IRQHandler)
    i.TIM_ARRPreloadConfig                   0x08004b0c   Section        0  stm32f4xx_tim.o(i.TIM_ARRPreloadConfig)
    i.TIM_ClearFlag                          0x08004b24   Section        0  stm32f4xx_tim.o(i.TIM_ClearFlag)
    i.TIM_ClearITPendingBit                  0x08004b2a   Section        0  stm32f4xx_tim.o(i.TIM_ClearITPendingBit)
    i.TIM_Cmd                                0x08004b30   Section        0  stm32f4xx_tim.o(i.TIM_Cmd)
    i.TIM_CtrlPWMOutputs                     0x08004b48   Section        0  stm32f4xx_tim.o(i.TIM_CtrlPWMOutputs)
    i.TIM_GetITStatus                        0x08004b66   Section        0  stm32f4xx_tim.o(i.TIM_GetITStatus)
    i.TIM_ITConfig                           0x08004b88   Section        0  stm32f4xx_tim.o(i.TIM_ITConfig)
    i.TIM_OC1Init                            0x08004b9c   Section        0  stm32f4xx_tim.o(i.TIM_OC1Init)
    i.TIM_OC2Init                            0x08004c18   Section        0  stm32f4xx_tim.o(i.TIM_OC2Init)
    i.TIM_OCStructInit                       0x08004cbc   Section        0  stm32f4xx_tim.o(i.TIM_OCStructInit)
    i.TIM_TimeBaseInit                       0x08004cd0   Section        0  stm32f4xx_tim.o(i.TIM_TimeBaseInit)
    i.TIM_TimeBaseStructInit                 0x08004d54   Section        0  stm32f4xx_tim.o(i.TIM_TimeBaseStructInit)
    i.To_180_degrees                         0x08004d68   Section        0  mymath.o(i.To_180_degrees)
    i.Transform                              0x08004db0   Section        0  mpu6050.o(i.Transform)
    i.USART1_IRQHandler                      0x08004dc0   Section        0  usart.o(i.USART1_IRQHandler)
    i.USART2_IRQHandler                      0x08004f0c   Section        0  usart.o(i.USART2_IRQHandler)
    i.USART_ClearITPendingBit                0x08004f4c   Section        0  stm32f4xx_usart.o(i.USART_ClearITPendingBit)
    i.USART_ClockInit                        0x08004f6a   Section        0  stm32f4xx_usart.o(i.USART_ClockInit)
    i.USART_Cmd                              0x08004f8a   Section        0  stm32f4xx_usart.o(i.USART_Cmd)
    i.USART_DMACmd                           0x08004fa2   Section        0  stm32f4xx_usart.o(i.USART_DMACmd)
    i.USART_GetITStatus                      0x08004fb4   Section        0  stm32f4xx_usart.o(i.USART_GetITStatus)
    i.USART_ITConfig                         0x08005008   Section        0  stm32f4xx_usart.o(i.USART_ITConfig)
    i.USART_Init                             0x08005054   Section        0  stm32f4xx_usart.o(i.USART_Init)
    i.Usart1_Init                            0x08005128   Section        0  usart.o(i.Usart1_Init)
    i.Usart2_DataPrepare                     0x08005248   Section        0  datatransfer.o(i.Usart2_DataPrepare)
    i.Usart2_Init                            0x08005330   Section        0  usart.o(i.Usart2_Init)
    i.Usart2_Send                            0x0800548c   Section        0  usart.o(i.Usart2_Send)
    i.X_Backward                             0x08005554   Section        0  tb6612fng.o(i.X_Backward)
    i.X_Forward                              0x08005574   Section        0  tb6612fng.o(i.X_Forward)
    i.Y_Backward                             0x08005594   Section        0  tb6612fng.o(i.Y_Backward)
    i.Y_Forward                              0x080055b4   Section        0  tb6612fng.o(i.Y_Forward)
    i.__0sprintf                             0x080055d4   Section        0  printfa.o(i.__0sprintf)
    i.__ARM_fpclassify                       0x080055fc   Section        0  fpclassify.o(i.__ARM_fpclassify)
    i.__hardfp_asin                          0x08005630   Section        0  asin.o(i.__hardfp_asin)
    i.__hardfp_fabs                          0x08005990   Section        0  fabs.o(i.__hardfp_fabs)
    i.__kernel_poly                          0x080059a4   Section        0  poly.o(i.__kernel_poly)
    i.__mathlib_dbl_infnan                   0x08005a9c   Section        0  dunder.o(i.__mathlib_dbl_infnan)
    i.__mathlib_dbl_invalid                  0x08005ab0   Section        0  dunder.o(i.__mathlib_dbl_invalid)
    i.__mathlib_dbl_underflow                0x08005ad0   Section        0  dunder.o(i.__mathlib_dbl_underflow)
    i.__scatterload_copy                     0x08005af0   Section       14  handlers.o(i.__scatterload_copy)
    i.__scatterload_null                     0x08005afe   Section        2  handlers.o(i.__scatterload_null)
    i.__scatterload_zeroinit                 0x08005b00   Section       14  handlers.o(i.__scatterload_zeroinit)
    i.__set_errno                            0x08005b10   Section        0  errno.o(i.__set_errno)
    i._fp_digits                             0x08005b1c   Section        0  printfa.o(i._fp_digits)
    _fp_digits                               0x08005b1d   Thumb Code   334  printfa.o(i._fp_digits)
    i._printf_core                           0x08005c80   Section        0  printfa.o(i._printf_core)
    _printf_core                             0x08005c81   Thumb Code  1744  printfa.o(i._printf_core)
    i._printf_post_padding                   0x0800635c   Section        0  printfa.o(i._printf_post_padding)
    _printf_post_padding                     0x0800635d   Thumb Code    36  printfa.o(i._printf_post_padding)
    i._printf_pre_padding                    0x08006380   Section        0  printfa.o(i._printf_pre_padding)
    _printf_pre_padding                      0x08006381   Thumb Code    46  printfa.o(i._printf_pre_padding)
    i._sputc                                 0x080063ae   Section        0  printfa.o(i._sputc)
    _sputc                                   0x080063af   Thumb Code    10  printfa.o(i._sputc)
    i.calibration                            0x080063b8   Section        0  ctrl.o(i.calibration)
    i.fabs                                   0x08006554   Section        0  fabs.o(i.fabs)
    i.fast_atan2                             0x0800656c   Section        0  mymath.o(i.fast_atan2)
    i.interface                              0x080066e8   Section        0  main.o(i.interface)
    i.main                                   0x0800730c   Section        0  main.o(i.main)
    i.mode0                                  0x08007324   Section        0  ctrl.o(i.mode0)
    i.mode1                                  0x08007338   Section        0  ctrl.o(i.mode1)
    i.mode2                                  0x08007534   Section        0  ctrl.o(i.mode2)
    i.mode3                                  0x08007730   Section        0  ctrl.o(i.mode3)
    i.mode4                                  0x08007a24   Section        0  ctrl.o(i.mode4)
    i.my_abs                                 0x08007c20   Section        0  mymath.o(i.my_abs)
    i.my_sqrt                                0x08007c3c   Section        0  mymath.o(i.my_sqrt)
    i.pid_cal                                0x08007c98   Section        0  pid.o(i.pid_cal)
    i.set_pid                                0x08007d58   Section        0  pid.o(i.set_pid)
    i.simple_3d_trans                        0x08007d84   Section        0  imu.o(i.simple_3d_trans)
    i.sqrt                                   0x08007e80   Section        0  sqrt.o(i.sqrt)
    .constdata                               0x08007eee   Section     6080  lcd.o(.constdata)
    .constdata                               0x080096ae   Section       16  key.o(.constdata)
    Key_Mem                                  0x080096ae   Data          16  key.o(.constdata)
    .constdata                               0x080096c0   Section       80  asin.o(.constdata)
    pS                                       0x080096c0   Data          48  asin.o(.constdata)
    qS                                       0x080096f0   Data          32  asin.o(.constdata)
    .data                                    0x20000000   Section      180  main.o(.data)
    .data                                    0x200000b4   Section       74  ak8975.o(.data)
    MagMAX                                   0x200000e4   Data          12  ak8975.o(.data)
    MagMIN                                   0x200000f0   Data          12  ak8975.o(.data)
    cnt_m                                    0x200000fc   Data           2  ak8975.o(.data)
    .data                                    0x200000fe   Section        1  i2c_soft.o(.data)
    .data                                    0x20000100   Section       28  mpu6050.o(.data)
    .data                                    0x2000011c   Section        8  timer.o(.data)
    Time_Ms                                  0x2000011c   Data           4  timer.o(.data)
    Time_Last                                0x20000120   Data           4  timer.o(.data)
    .data                                    0x20000124   Section       18  lcd.o(.data)
    .data                                    0x20000136   Section       17  usart.o(.data)
    num                                      0x2000013c   Data           2  usart.o(.data)
    len                                      0x2000013e   Data           1  usart.o(.data)
    num                                      0x20000140   Data           2  usart.o(.data)
    len                                      0x20000142   Data           1  usart.o(.data)
    num                                      0x20000144   Data           2  usart.o(.data)
    len                                      0x20000146   Data           1  usart.o(.data)
    .data                                    0x20000148   Section       20  datatransfer.o(.data)
    _data_len                                0x20000159   Data           1  datatransfer.o(.data)
    _data_cnt                                0x2000015a   Data           1  datatransfer.o(.data)
    state                                    0x2000015b   Data           1  datatransfer.o(.data)
    .data                                    0x2000015c   Section       68  imu.o(.data)
    pn                                       0x2000018d   Data           1  imu.o(.data)
    h_tmp_x                                  0x20000190   Data           4  imu.o(.data)
    h_tmp_y                                  0x20000194   Data           4  imu.o(.data)
    yaw_correct                              0x20000198   Data           4  imu.o(.data)
    yaw_mag                                  0x2000019c   Data           4  imu.o(.data)
    .data                                    0x200001a0   Section     1028  mymath.o(.data)
    .data                                    0x200005a4   Section       16  pid.o(.data)
    .data                                    0x200005b8   Section       56  ctrl.o(.data)
    .data                                    0x200005f0   Section       16  stm32f4xx_rcc.o(.data)
    APBAHBPrescTable                         0x200005f0   Data          16  stm32f4xx_rcc.o(.data)
    .data                                    0x20000600   Section        4  errno.o(.data)
    _errno                                   0x20000600   Data           4  errno.o(.data)
    .bss                                     0x20000604   Section       12  ak8975.o(.bss)
    MagSum                                   0x20000604   Data          12  ak8975.o(.bss)
    .bss                                     0x20000610   Section      160  bsp.o(.bss)
    .bss                                     0x200006b0   Section      448  mpu6050.o(.bss)
    .bss                                     0x20000870   Section      160  timer.o(.bss)
    Time                                     0x20000870   Data         160  timer.o(.bss)
    .bss                                     0x20000910   Section     1736  usart.o(.bss)
    .bss                                     0x20000fd8   Section      100  datatransfer.o(.bss)
    RxBuffer                                 0x2000100a   Data          50  datatransfer.o(.bss)
    .bss                                     0x2000103c   Section      132  imu.o(.bss)
    mag_tmp                                  0x200010b4   Data          12  imu.o(.bss)
    STACK                                    0x200010c0   Section     1024  startup_stm32f40xx.o(STACK)

    Global Symbols

    Symbol Name                              Value     Ov Type        Size  Object(Section)

    BuildAttributes$$THM_ISAv4$E$P$D$K$B$S$7EM$VFPi3$EXTD16$VFPS$VFMA$PE$A:L22UL41UL21$X:L11$S22US41US21$IEEE1$IW$USESV6$~STKCKD$USESV7$~SHL$OTIME$ROPI$IEEEX$EBA8$MICROLIB$REQ8$PRES8$EABIv2 0x00000000   Number         0  anon$$obj.o ABSOLUTE
    __ARM_use_no_argv                        0x00000000   Number         0  main.o ABSOLUTE
    _printf_a                                0x00000000   Number         0  stubs.o ABSOLUTE
    _printf_c                                0x00000000   Number         0  stubs.o ABSOLUTE
    _printf_charcount                        0x00000000   Number         0  stubs.o ABSOLUTE
    _printf_d                                0x00000000   Number         0  stubs.o ABSOLUTE
    _printf_e                                0x00000000   Number         0  stubs.o ABSOLUTE
    _printf_f                                0x00000000   Number         0  stubs.o ABSOLUTE
    _printf_flags                            0x00000000   Number         0  stubs.o ABSOLUTE
    _printf_fp_dec                           0x00000000   Number         0  stubs.o ABSOLUTE
    _printf_fp_hex                           0x00000000   Number         0  stubs.o ABSOLUTE
    _printf_g                                0x00000000   Number         0  stubs.o ABSOLUTE
    _printf_i                                0x00000000   Number         0  stubs.o ABSOLUTE
    _printf_int_dec                          0x00000000   Number         0  stubs.o ABSOLUTE
    _printf_l                                0x00000000   Number         0  stubs.o ABSOLUTE
    _printf_lc                               0x00000000   Number         0  stubs.o ABSOLUTE
    _printf_ll                               0x00000000   Number         0  stubs.o ABSOLUTE
    _printf_lld                              0x00000000   Number         0  stubs.o ABSOLUTE
    _printf_lli                              0x00000000   Number         0  stubs.o ABSOLUTE
    _printf_llo                              0x00000000   Number         0  stubs.o ABSOLUTE
    _printf_llu                              0x00000000   Number         0  stubs.o ABSOLUTE
    _printf_llx                              0x00000000   Number         0  stubs.o ABSOLUTE
    _printf_longlong_dec                     0x00000000   Number         0  stubs.o ABSOLUTE
    _printf_longlong_hex                     0x00000000   Number         0  stubs.o ABSOLUTE
    _printf_longlong_oct                     0x00000000   Number         0  stubs.o ABSOLUTE
    _printf_ls                               0x00000000   Number         0  stubs.o ABSOLUTE
    _printf_mbtowc                           0x00000000   Number         0  stubs.o ABSOLUTE
    _printf_n                                0x00000000   Number         0  stubs.o ABSOLUTE
    _printf_o                                0x00000000   Number         0  stubs.o ABSOLUTE
    _printf_p                                0x00000000   Number         0  stubs.o ABSOLUTE
    _printf_percent                          0x00000000   Number         0  stubs.o ABSOLUTE
    _printf_pre_padding                      0x00000000   Number         0  stubs.o ABSOLUTE
    _printf_return_value                     0x00000000   Number         0  stubs.o ABSOLUTE
    _printf_s                                0x00000000   Number         0  stubs.o ABSOLUTE
    _printf_sizespec                         0x00000000   Number         0  stubs.o ABSOLUTE
    _printf_str                              0x00000000   Number         0  stubs.o ABSOLUTE
    _printf_truncate_signed                  0x00000000   Number         0  stubs.o ABSOLUTE
    _printf_truncate_unsigned                0x00000000   Number         0  stubs.o ABSOLUTE
    _printf_u                                0x00000000   Number         0  stubs.o ABSOLUTE
    _printf_wc                               0x00000000   Number         0  stubs.o ABSOLUTE
    _printf_wctomb                           0x00000000   Number         0  stubs.o ABSOLUTE
    _printf_widthprec                        0x00000000   Number         0  stubs.o ABSOLUTE
    _printf_x                                0x00000000   Number         0  stubs.o ABSOLUTE
    __cpp_initialize__aeabi_                  - Undefined Weak Reference
    __cxa_finalize                            - Undefined Weak Reference
    _clock_init                               - Undefined Weak Reference
    _microlib_exit                            - Undefined Weak Reference
    __Vectors_Size                           0x00000188   Number         0  startup_stm32f40xx.o ABSOLUTE
    __Vectors                                0x08000000   Data           4  startup_stm32f40xx.o(RESET)
    __Vectors_End                            0x08000188   Data           0  startup_stm32f40xx.o(RESET)
    __main                                   0x08000189   Thumb Code     0  entry.o(.ARM.Collect$$$$00000000)
    _main_stk                                0x08000189   Thumb Code     0  entry2.o(.ARM.Collect$$$$00000001)
    _main_scatterload                        0x0800018d   Thumb Code     0  entry5.o(.ARM.Collect$$$$00000004)
    __main_after_scatterload                 0x08000191   Thumb Code     0  entry5.o(.ARM.Collect$$$$00000004)
    _main_clock                              0x08000191   Thumb Code     0  entry7b.o(.ARM.Collect$$$$00000008)
    _main_cpp_init                           0x08000191   Thumb Code     0  entry8b.o(.ARM.Collect$$$$0000000A)
    _main_init                               0x08000191   Thumb Code     0  entry9a.o(.ARM.Collect$$$$0000000B)
    __rt_final_cpp                           0x08000199   Thumb Code     0  entry10a.o(.ARM.Collect$$$$0000000D)
    __rt_final_exit                          0x08000199   Thumb Code     0  entry11a.o(.ARM.Collect$$$$0000000F)
    Reset_Handler                            0x0800019d   Thumb Code     8  startup_stm32f40xx.o(.text)
    NMI_Handler                              0x080001a5   Thumb Code     2  startup_stm32f40xx.o(.text)
    HardFault_Handler                        0x080001a7   Thumb Code     2  startup_stm32f40xx.o(.text)
    MemManage_Handler                        0x080001a9   Thumb Code     2  startup_stm32f40xx.o(.text)
    BusFault_Handler                         0x080001ab   Thumb Code     2  startup_stm32f40xx.o(.text)
    UsageFault_Handler                       0x080001ad   Thumb Code     2  startup_stm32f40xx.o(.text)
    SVC_Handler                              0x080001af   Thumb Code     2  startup_stm32f40xx.o(.text)
    DebugMon_Handler                         0x080001b1   Thumb Code     2  startup_stm32f40xx.o(.text)
    PendSV_Handler                           0x080001b3   Thumb Code     2  startup_stm32f40xx.o(.text)
    SysTick_Handler                          0x080001b5   Thumb Code     2  startup_stm32f40xx.o(.text)
    ADC_IRQHandler                           0x080001b7   Thumb Code     0  startup_stm32f40xx.o(.text)
    CAN1_RX0_IRQHandler                      0x080001b7   Thumb Code     0  startup_stm32f40xx.o(.text)
    CAN1_RX1_IRQHandler                      0x080001b7   Thumb Code     0  startup_stm32f40xx.o(.text)
    CAN1_SCE_IRQHandler                      0x080001b7   Thumb Code     0  startup_stm32f40xx.o(.text)
    CAN1_TX_IRQHandler                       0x080001b7   Thumb Code     0  startup_stm32f40xx.o(.text)
    CAN2_RX0_IRQHandler                      0x080001b7   Thumb Code     0  startup_stm32f40xx.o(.text)
    CAN2_RX1_IRQHandler                      0x080001b7   Thumb Code     0  startup_stm32f40xx.o(.text)
    CAN2_SCE_IRQHandler                      0x080001b7   Thumb Code     0  startup_stm32f40xx.o(.text)
    CAN2_TX_IRQHandler                       0x080001b7   Thumb Code     0  startup_stm32f40xx.o(.text)
    CRYP_IRQHandler                          0x080001b7   Thumb Code     0  startup_stm32f40xx.o(.text)
    DCMI_IRQHandler                          0x080001b7   Thumb Code     0  startup_stm32f40xx.o(.text)
    DMA1_Stream0_IRQHandler                  0x080001b7   Thumb Code     0  startup_stm32f40xx.o(.text)
    DMA1_Stream1_IRQHandler                  0x080001b7   Thumb Code     0  startup_stm32f40xx.o(.text)
    DMA1_Stream2_IRQHandler                  0x080001b7   Thumb Code     0  startup_stm32f40xx.o(.text)
    DMA1_Stream3_IRQHandler                  0x080001b7   Thumb Code     0  startup_stm32f40xx.o(.text)
    DMA1_Stream4_IRQHandler                  0x080001b7   Thumb Code     0  startup_stm32f40xx.o(.text)
    DMA1_Stream5_IRQHandler                  0x080001b7   Thumb Code     0  startup_stm32f40xx.o(.text)
    DMA1_Stream6_IRQHandler                  0x080001b7   Thumb Code     0  startup_stm32f40xx.o(.text)
    DMA1_Stream7_IRQHandler                  0x080001b7   Thumb Code     0  startup_stm32f40xx.o(.text)
    DMA2_Stream0_IRQHandler                  0x080001b7   Thumb Code     0  startup_stm32f40xx.o(.text)
    DMA2_Stream1_IRQHandler                  0x080001b7   Thumb Code     0  startup_stm32f40xx.o(.text)
    DMA2_Stream2_IRQHandler                  0x080001b7   Thumb Code     0  startup_stm32f40xx.o(.text)
    DMA2_Stream3_IRQHandler                  0x080001b7   Thumb Code     0  startup_stm32f40xx.o(.text)
    DMA2_Stream4_IRQHandler                  0x080001b7   Thumb Code     0  startup_stm32f40xx.o(.text)
    DMA2_Stream5_IRQHandler                  0x080001b7   Thumb Code     0  startup_stm32f40xx.o(.text)
    DMA2_Stream6_IRQHandler                  0x080001b7   Thumb Code     0  startup_stm32f40xx.o(.text)
    DMA2_Stream7_IRQHandler                  0x080001b7   Thumb Code     0  startup_stm32f40xx.o(.text)
    ETH_IRQHandler                           0x080001b7   Thumb Code     0  startup_stm32f40xx.o(.text)
    ETH_WKUP_IRQHandler                      0x080001b7   Thumb Code     0  startup_stm32f40xx.o(.text)
    EXTI0_IRQHandler                         0x080001b7   Thumb Code     0  startup_stm32f40xx.o(.text)
    EXTI15_10_IRQHandler                     0x080001b7   Thumb Code     0  startup_stm32f40xx.o(.text)
    EXTI1_IRQHandler                         0x080001b7   Thumb Code     0  startup_stm32f40xx.o(.text)
    EXTI2_IRQHandler                         0x080001b7   Thumb Code     0  startup_stm32f40xx.o(.text)
    EXTI3_IRQHandler                         0x080001b7   Thumb Code     0  startup_stm32f40xx.o(.text)
    EXTI4_IRQHandler                         0x080001b7   Thumb Code     0  startup_stm32f40xx.o(.text)
    EXTI9_5_IRQHandler                       0x080001b7   Thumb Code     0  startup_stm32f40xx.o(.text)
    FLASH_IRQHandler                         0x080001b7   Thumb Code     0  startup_stm32f40xx.o(.text)
    FPU_IRQHandler                           0x080001b7   Thumb Code     0  startup_stm32f40xx.o(.text)
    FSMC_IRQHandler                          0x080001b7   Thumb Code     0  startup_stm32f40xx.o(.text)
    HASH_RNG_IRQHandler                      0x080001b7   Thumb Code     0  startup_stm32f40xx.o(.text)
    I2C1_ER_IRQHandler                       0x080001b7   Thumb Code     0  startup_stm32f40xx.o(.text)
    I2C1_EV_IRQHandler                       0x080001b7   Thumb Code     0  startup_stm32f40xx.o(.text)
    I2C2_ER_IRQHandler                       0x080001b7   Thumb Code     0  startup_stm32f40xx.o(.text)
    I2C2_EV_IRQHandler                       0x080001b7   Thumb Code     0  startup_stm32f40xx.o(.text)
    I2C3_ER_IRQHandler                       0x080001b7   Thumb Code     0  startup_stm32f40xx.o(.text)
    I2C3_EV_IRQHandler                       0x080001b7   Thumb Code     0  startup_stm32f40xx.o(.text)
    OTG_FS_IRQHandler                        0x080001b7   Thumb Code     0  startup_stm32f40xx.o(.text)
    OTG_FS_WKUP_IRQHandler                   0x080001b7   Thumb Code     0  startup_stm32f40xx.o(.text)
    OTG_HS_EP1_IN_IRQHandler                 0x080001b7   Thumb Code     0  startup_stm32f40xx.o(.text)
    OTG_HS_EP1_OUT_IRQHandler                0x080001b7   Thumb Code     0  startup_stm32f40xx.o(.text)
    OTG_HS_IRQHandler                        0x080001b7   Thumb Code     0  startup_stm32f40xx.o(.text)
    OTG_HS_WKUP_IRQHandler                   0x080001b7   Thumb Code     0  startup_stm32f40xx.o(.text)
    PVD_IRQHandler                           0x080001b7   Thumb Code     0  startup_stm32f40xx.o(.text)
    RCC_IRQHandler                           0x080001b7   Thumb Code     0  startup_stm32f40xx.o(.text)
    RTC_Alarm_IRQHandler                     0x080001b7   Thumb Code     0  startup_stm32f40xx.o(.text)
    RTC_WKUP_IRQHandler                      0x080001b7   Thumb Code     0  startup_stm32f40xx.o(.text)
    SDIO_IRQHandler                          0x080001b7   Thumb Code     0  startup_stm32f40xx.o(.text)
    SPI1_IRQHandler                          0x080001b7   Thumb Code     0  startup_stm32f40xx.o(.text)
    SPI2_IRQHandler                          0x080001b7   Thumb Code     0  startup_stm32f40xx.o(.text)
    SPI3_IRQHandler                          0x080001b7   Thumb Code     0  startup_stm32f40xx.o(.text)
    TAMP_STAMP_IRQHandler                    0x080001b7   Thumb Code     0  startup_stm32f40xx.o(.text)
    TIM1_BRK_TIM9_IRQHandler                 0x080001b7   Thumb Code     0  startup_stm32f40xx.o(.text)
    TIM1_CC_IRQHandler                       0x080001b7   Thumb Code     0  startup_stm32f40xx.o(.text)
    TIM1_TRG_COM_TIM11_IRQHandler            0x080001b7   Thumb Code     0  startup_stm32f40xx.o(.text)
    TIM1_UP_TIM10_IRQHandler                 0x080001b7   Thumb Code     0  startup_stm32f40xx.o(.text)
    TIM2_IRQHandler                          0x080001b7   Thumb Code     0  startup_stm32f40xx.o(.text)
    TIM4_IRQHandler                          0x080001b7   Thumb Code     0  startup_stm32f40xx.o(.text)
    TIM7_IRQHandler                          0x080001b7   Thumb Code     0  startup_stm32f40xx.o(.text)
    TIM8_BRK_TIM12_IRQHandler                0x080001b7   Thumb Code     0  startup_stm32f40xx.o(.text)
    TIM8_CC_IRQHandler                       0x080001b7   Thumb Code     0  startup_stm32f40xx.o(.text)
    TIM8_TRG_COM_TIM14_IRQHandler            0x080001b7   Thumb Code     0  startup_stm32f40xx.o(.text)
    TIM8_UP_TIM13_IRQHandler                 0x080001b7   Thumb Code     0  startup_stm32f40xx.o(.text)
    UART4_IRQHandler                         0x080001b7   Thumb Code     0  startup_stm32f40xx.o(.text)
    UART5_IRQHandler                         0x080001b7   Thumb Code     0  startup_stm32f40xx.o(.text)
    USART3_IRQHandler                        0x080001b7   Thumb Code     0  startup_stm32f40xx.o(.text)
    USART6_IRQHandler                        0x080001b7   Thumb Code     0  startup_stm32f40xx.o(.text)
    WWDG_IRQHandler                          0x080001b7   Thumb Code     0  startup_stm32f40xx.o(.text)
    __aeabi_memset                           0x080001c1   Thumb Code    14  memseta.o(.text)
    __aeabi_memset4                          0x080001c1   Thumb Code     0  memseta.o(.text)
    __aeabi_memset8                          0x080001c1   Thumb Code     0  memseta.o(.text)
    __aeabi_memclr                           0x080001cf   Thumb Code     4  memseta.o(.text)
    __aeabi_memclr4                          0x080001cf   Thumb Code     0  memseta.o(.text)
    __aeabi_memclr8                          0x080001cf   Thumb Code     0  memseta.o(.text)
    _memset$wrapper                          0x080001d3   Thumb Code    18  memseta.o(.text)
    __aeabi_dadd                             0x080001e5   Thumb Code   322  dadd.o(.text)
    __aeabi_dsub                             0x08000327   Thumb Code     6  dadd.o(.text)
    __aeabi_drsub                            0x0800032d   Thumb Code     6  dadd.o(.text)
    __aeabi_dmul                             0x08000333   Thumb Code   228  dmul.o(.text)
    __aeabi_ddiv                             0x08000417   Thumb Code   222  ddiv.o(.text)
    __aeabi_i2d                              0x080004f5   Thumb Code    34  dflti.o(.text)
    __aeabi_ui2d                             0x08000517   Thumb Code    26  dfltui.o(.text)
    __aeabi_f2d                              0x08000531   Thumb Code    38  f2d.o(.text)
    __aeabi_cdcmpeq                          0x08000559   Thumb Code     0  cdcmple.o(.text)
    __aeabi_cdcmple                          0x08000559   Thumb Code    48  cdcmple.o(.text)
    __aeabi_cdrcmple                         0x08000589   Thumb Code    48  cdrcmple.o(.text)
    __aeabi_d2f                              0x080005b9   Thumb Code    56  d2f.o(.text)
    __aeabi_uidiv                            0x080005f1   Thumb Code     0  uidiv.o(.text)
    __aeabi_uidivmod                         0x080005f1   Thumb Code    44  uidiv.o(.text)
    __aeabi_uldivmod                         0x0800061d   Thumb Code    98  uldiv.o(.text)
    __aeabi_llsl                             0x0800067f   Thumb Code    30  llshl.o(.text)
    _ll_shift_l                              0x0800067f   Thumb Code     0  llshl.o(.text)
    __aeabi_lasr                             0x0800069d   Thumb Code    36  llsshr.o(.text)
    _ll_sshift_r                             0x0800069d   Thumb Code     0  llsshr.o(.text)
    __I$use$fp                               0x080006c1   Thumb Code     0  iusefp.o(.text)
    _float_round                             0x080006c1   Thumb Code    18  fepilogue.o(.text)
    _float_epilogue                          0x080006d3   Thumb Code    92  fepilogue.o(.text)
    _double_round                            0x0800072f   Thumb Code    30  depilogue.o(.text)
    _double_epilogue                         0x0800074d   Thumb Code   156  depilogue.o(.text)
    __aeabi_d2ulz                            0x080007e9   Thumb Code    48  dfixul.o(.text)
    __scatterload                            0x08000819   Thumb Code    28  init.o(.text)
    __scatterload_rt2                        0x08000819   Thumb Code     0  init.o(.text)
    __aeabi_llsr                             0x0800083d   Thumb Code    32  llushr.o(.text)
    _ll_ushift_r                             0x0800083d   Thumb Code     0  llushr.o(.text)
    _dsqrt                                   0x0800085d   Thumb Code   162  dsqrt.o(.text)
    __decompress                             0x080008ff   Thumb Code     0  __dczerorl2.o(.text)
    __decompress1                            0x080008ff   Thumb Code    86  __dczerorl2.o(.text)
    ANO_AK8975_CalOffset_Mag                 0x08000955   Thumb Code   742  ak8975.o(i.ANO_AK8975_CalOffset_Mag)
    ANO_AK8975_Read                          0x08000c55   Thumb Code     8  ak8975.o(i.ANO_AK8975_Read)
    ANO_AK8975_Read_Mag_Data                 0x08000c5d   Thumb Code   242  ak8975.o(i.ANO_AK8975_Read_Mag_Data)
    ANO_AK8975_Run                           0x08000d59   Thumb Code    14  ak8975.o(i.ANO_AK8975_Run)
    ANO_DT_Send_Check                        0x08000d69   Thumb Code    66  datatransfer.o(i.ANO_DT_Send_Check)
    ANO_DT_Send_Senser                       0x08000db1   Thumb Code   406  datatransfer.o(i.ANO_DT_Send_Senser)
    ANO_DT_Send_Status                       0x08000f4d   Thumb Code   336  datatransfer.o(i.ANO_DT_Send_Status)
    All_Init                                 0x080010a5   Thumb Code   142  bsp.o(i.All_Init)
    DMA_ClearFlag                            0x0800115d   Thumb Code    38  stm32f4xx_dma.o(i.DMA_ClearFlag)
    DMA_Cmd                                  0x08001191   Thumb Code    22  stm32f4xx_dma.o(i.DMA_Cmd)
    DMA_DeInit                               0x080011a9   Thumb Code   324  stm32f4xx_dma.o(i.DMA_DeInit)
    DMA_GetCmdStatus                         0x08001301   Thumb Code    20  stm32f4xx_dma.o(i.DMA_GetCmdStatus)
    DMA_GetCurrDataCounter                   0x08001315   Thumb Code     8  stm32f4xx_dma.o(i.DMA_GetCurrDataCounter)
    DMA_Init                                 0x0800131d   Thumb Code    82  stm32f4xx_dma.o(i.DMA_Init)
    DataTransferTask                         0x08001375   Thumb Code   282  datatransfer.o(i.DataTransferTask)
    Data_Receive_Anl                         0x080014c1   Thumb Code   618  datatransfer.o(i.Data_Receive_Anl)
    Delay_ms                                 0x08001775   Thumb Code    24  timer.o(i.Delay_ms)
    Delay_us                                 0x0800178d   Thumb Code    18  timer.o(i.Delay_us)
    FSMC_NORSRAMCmd                          0x080017a5   Thumb Code    46  stm32f4xx_fsmc.o(i.FSMC_NORSRAMCmd)
    FSMC_NORSRAMInit                         0x080017d9   Thumb Code   230  stm32f4xx_fsmc.o(i.FSMC_NORSRAMInit)
    GPIO_Configuration                       0x080018c1   Thumb Code    70  gpio.o(i.GPIO_Configuration)
    GPIO_Init                                0x08001911   Thumb Code   144  stm32f4xx_gpio.o(i.GPIO_Init)
    GPIO_PinAFConfig                         0x080019a1   Thumb Code    70  stm32f4xx_gpio.o(i.GPIO_PinAFConfig)
    GPIO_ResetBits                           0x080019e7   Thumb Code     4  stm32f4xx_gpio.o(i.GPIO_ResetBits)
    GPIO_SetBits                             0x080019eb   Thumb Code     4  stm32f4xx_gpio.o(i.GPIO_SetBits)
    GPIO_ToggleBits                          0x080019ef   Thumb Code     8  stm32f4xx_gpio.o(i.GPIO_ToggleBits)
    GetInnerLoop                             0x080019f9   Thumb Code    42  timer.o(i.GetInnerLoop)
    Get_KeyValue                             0x08001a2d   Thumb Code   634  key.o(i.Get_KeyValue)
    I2c_Soft_Ask                             0x08001cb9   Thumb Code    52  i2c_soft.o(i.I2c_Soft_Ask)
    I2c_Soft_Init                            0x08001cf1   Thumb Code    48  i2c_soft.o(i.I2c_Soft_Init)
    I2c_Soft_NoAsk                           0x08001d25   Thumb Code    52  i2c_soft.o(i.I2c_Soft_NoAsk)
    I2c_Soft_ReadByte                        0x08001d5d   Thumb Code    92  i2c_soft.o(i.I2c_Soft_ReadByte)
    I2c_Soft_SendByte                        0x08001dbd   Thumb Code    84  i2c_soft.o(i.I2c_Soft_SendByte)
    I2c_Soft_Start                           0x08001e15   Thumb Code    82  i2c_soft.o(i.I2c_Soft_Start)
    I2c_Soft_Stop                            0x08001e6d   Thumb Code    52  i2c_soft.o(i.I2c_Soft_Stop)
    I2c_Soft_WaitAsk                         0x08001ea5   Thumb Code    86  i2c_soft.o(i.I2c_Soft_WaitAsk)
    I2c_Soft_delay                           0x08001f01   Thumb Code    42  i2c_soft.o(i.I2c_Soft_delay)
    IIC_Read_1Byte                           0x08001f31   Thumb Code    80  i2c_soft.o(i.IIC_Read_1Byte)
    IIC_Read_nByte                           0x08001f81   Thumb Code   108  i2c_soft.o(i.IIC_Read_nByte)
    IIC_Write_1Byte                          0x08001fed   Thumb Code    62  i2c_soft.o(i.IIC_Write_1Byte)
    IICwriteBit                              0x0800202d   Thumb Code    78  mpu6050.o(i.IICwriteBit)
    IICwriteBits                             0x08002081   Thumb Code   102  mpu6050.o(i.IICwriteBits)
    IMUupdate                                0x080020e9   Thumb Code  2594  imu.o(i.IMUupdate)
    InnerLoopInit                            0x08002b21   Thumb Code    22  timer.o(i.InnerLoopInit)
    Key_Configuration                        0x08002b39   Thumb Code    90  key.o(i.Key_Configuration)
    LCD_AUTOScan_Dir                         0x08002ba1   Thumb Code   352  lcd.o(i.LCD_AUTOScan_Dir)
    LCD_Clear                                0x08002d1d   Thumb Code    48  lcd.o(i.LCD_Clear)
    LCD_Color_DrawPoint                      0x08002d59   Thumb Code   116  lcd.o(i.LCD_Color_DrawPoint)
    LCD_DisplayChar                          0x08002de9   Thumb Code   230  lcd.o(i.LCD_DisplayChar)
    LCD_DisplayString                        0x08002eed   Thumb Code    64  lcd.o(i.LCD_DisplayString)
    LCD_Display_Dir                          0x08002f31   Thumb Code   156  lcd.o(i.LCD_Display_Dir)
    LCD_DrawPoint                            0x08002fe9   Thumb Code    28  lcd.o(i.LCD_DrawPoint)
    LCD_Draw_Circle                          0x0800300d   Thumb Code   152  lcd.o(i.LCD_Draw_Circle)
    LCD_Draw_Line                            0x080030a5   Thumb Code   176  lcd.o(i.LCD_Draw_Line)
    LCD_Draw_Rectangle                       0x08003155   Thumb Code    60  lcd.o(i.LCD_Draw_Rectangle)
    LCD_FSMC_Config                          0x08003191   Thumb Code   550  lcd.o(i.LCD_FSMC_Config)
    LCD_Init                                 0x080033c1   Thumb Code  1684  lcd.o(i.LCD_Init)
    LCD_ReadReg                              0x08003a61   Thumb Code    22  lcd.o(i.LCD_ReadReg)
    LCD_SetCursor                            0x08003a7d   Thumb Code   100  lcd.o(i.LCD_SetCursor)
    LCD_WriteRAM_Prepare                     0x08003af9   Thumb Code    12  lcd.o(i.LCD_WriteRAM_Prepare)
    LCD_WriteReg                             0x08003b09   Thumb Code    12  lcd.o(i.LCD_WriteReg)
    LED_Configuration                        0x08003b19   Thumb Code    54  led.o(i.LED_Configuration)
    MPU6050_Data_Offset                      0x08003b55   Thumb Code   528  mpu6050.o(i.MPU6050_Data_Offset)
    MPU6050_Data_Prepare                     0x08003d85   Thumb Code  1162  mpu6050.o(i.MPU6050_Data_Prepare)
    MPU6050_INT_Config                       0x08004219   Thumb Code    56  mpu6050.o(i.MPU6050_INT_Config)
    MPU6050_Init                             0x08004255   Thumb Code   184  mpu6050.o(i.MPU6050_Init)
    MPU6050_Read                             0x0800430d   Thumb Code    22  mpu6050.o(i.MPU6050_Read)
    MPU6050_setClockSource                   0x0800432d   Thumb Code    20  mpu6050.o(i.MPU6050_setClockSource)
    MPU6050_setDLPF                          0x08004341   Thumb Code    20  mpu6050.o(i.MPU6050_setDLPF)
    MPU6050_setFullScaleAccelRange           0x08004355   Thumb Code    36  mpu6050.o(i.MPU6050_setFullScaleAccelRange)
    MPU6050_setFullScaleGyroRange            0x08004379   Thumb Code    36  mpu6050.o(i.MPU6050_setFullScaleGyroRange)
    MPU6050_setI2CBypassEnabled              0x0800439d   Thumb Code    18  mpu6050.o(i.MPU6050_setI2CBypassEnabled)
    MPU6050_setI2CMasterModeEnabled          0x080043af   Thumb Code    18  mpu6050.o(i.MPU6050_setI2CMasterModeEnabled)
    MPU6050_setSleepEnabled                  0x080043c1   Thumb Code    18  mpu6050.o(i.MPU6050_setSleepEnabled)
    MPU6050_set_SMPLRT_DIV                   0x080043d3   Thumb Code    28  mpu6050.o(i.MPU6050_set_SMPLRT_DIV)
    NVIC_Init                                0x080043f1   Thumb Code   106  misc.o(i.NVIC_Init)
    NVIC_PriorityGroupConfig                 0x08004469   Thumb Code    10  misc.o(i.NVIC_PriorityGroupConfig)
    PWM_Configuration                        0x0800447d   Thumb Code   212  pwm.o(i.PWM_Configuration)
    RCC_AHB1PeriphClockCmd                   0x08004559   Thumb Code    26  stm32f4xx_rcc.o(i.RCC_AHB1PeriphClockCmd)
    RCC_AHB3PeriphClockCmd                   0x08004579   Thumb Code    26  stm32f4xx_rcc.o(i.RCC_AHB3PeriphClockCmd)
    RCC_APB1PeriphClockCmd                   0x08004599   Thumb Code    26  stm32f4xx_rcc.o(i.RCC_APB1PeriphClockCmd)
    RCC_APB2PeriphClockCmd                   0x080045b9   Thumb Code    26  stm32f4xx_rcc.o(i.RCC_APB2PeriphClockCmd)
    RCC_GetClocksFreq                        0x080045d9   Thumb Code   214  stm32f4xx_rcc.o(i.RCC_GetClocksFreq)
    Set_Motor                                0x080047ad   Thumb Code   162  tb6612fng.o(i.Set_Motor)
    SystemInit                               0x08004865   Thumb Code    88  system_stm32f4xx.o(i.SystemInit)
    TIM3_Configuration                       0x080048cd   Thumb Code    94  timer.o(i.TIM3_Configuration)
    TIM3_IRQHandler                          0x08004931   Thumb Code   300  timer.o(i.TIM3_IRQHandler)
    TIM5_Configuration                       0x08004a85   Thumb Code    58  timer.o(i.TIM5_Configuration)
    TIM5_IRQHandler                          0x08004ac5   Thumb Code    30  timer.o(i.TIM5_IRQHandler)
    TIM6_DAC_IRQHandler                      0x08004ae9   Thumb Code    30  timer.o(i.TIM6_DAC_IRQHandler)
    TIM_ARRPreloadConfig                     0x08004b0d   Thumb Code    24  stm32f4xx_tim.o(i.TIM_ARRPreloadConfig)
    TIM_ClearFlag                            0x08004b25   Thumb Code     6  stm32f4xx_tim.o(i.TIM_ClearFlag)
    TIM_ClearITPendingBit                    0x08004b2b   Thumb Code     6  stm32f4xx_tim.o(i.TIM_ClearITPendingBit)
    TIM_Cmd                                  0x08004b31   Thumb Code    24  stm32f4xx_tim.o(i.TIM_Cmd)
    TIM_CtrlPWMOutputs                       0x08004b49   Thumb Code    30  stm32f4xx_tim.o(i.TIM_CtrlPWMOutputs)
    TIM_GetITStatus                          0x08004b67   Thumb Code    34  stm32f4xx_tim.o(i.TIM_GetITStatus)
    TIM_ITConfig                             0x08004b89   Thumb Code    18  stm32f4xx_tim.o(i.TIM_ITConfig)
    TIM_OC1Init                              0x08004b9d   Thumb Code   114  stm32f4xx_tim.o(i.TIM_OC1Init)
    TIM_OC2Init                              0x08004c19   Thumb Code   154  stm32f4xx_tim.o(i.TIM_OC2Init)
    TIM_OCStructInit                         0x08004cbd   Thumb Code    20  stm32f4xx_tim.o(i.TIM_OCStructInit)
    TIM_TimeBaseInit                         0x08004cd1   Thumb Code   104  stm32f4xx_tim.o(i.TIM_TimeBaseInit)
    TIM_TimeBaseStructInit                   0x08004d55   Thumb Code    18  stm32f4xx_tim.o(i.TIM_TimeBaseStructInit)
    To_180_degrees                           0x08004d69   Thumb Code    58  mymath.o(i.To_180_degrees)
    Transform                                0x08004db1   Thumb Code    14  mpu6050.o(i.Transform)
    USART1_IRQHandler                        0x08004dc1   Thumb Code   312  usart.o(i.USART1_IRQHandler)
    USART2_IRQHandler                        0x08004f0d   Thumb Code    58  usart.o(i.USART2_IRQHandler)
    USART_ClearITPendingBit                  0x08004f4d   Thumb Code    30  stm32f4xx_usart.o(i.USART_ClearITPendingBit)
    USART_ClockInit                          0x08004f6b   Thumb Code    32  stm32f4xx_usart.o(i.USART_ClockInit)
    USART_Cmd                                0x08004f8b   Thumb Code    24  stm32f4xx_usart.o(i.USART_Cmd)
    USART_DMACmd                             0x08004fa3   Thumb Code    18  stm32f4xx_usart.o(i.USART_DMACmd)
    USART_GetITStatus                        0x08004fb5   Thumb Code    84  stm32f4xx_usart.o(i.USART_GetITStatus)
    USART_ITConfig                           0x08005009   Thumb Code    74  stm32f4xx_usart.o(i.USART_ITConfig)
    USART_Init                               0x08005055   Thumb Code   204  stm32f4xx_usart.o(i.USART_Init)
    Usart1_Init                              0x08005129   Thumb Code   270  usart.o(i.Usart1_Init)
    Usart2_DataPrepare                       0x08005249   Thumb Code   216  datatransfer.o(i.Usart2_DataPrepare)
    Usart2_Init                              0x08005331   Thumb Code   332  usart.o(i.Usart2_Init)
    Usart2_Send                              0x0800548d   Thumb Code   172  usart.o(i.Usart2_Send)
    X_Backward                               0x08005555   Thumb Code    20  tb6612fng.o(i.X_Backward)
    X_Forward                                0x08005575   Thumb Code    20  tb6612fng.o(i.X_Forward)
    Y_Backward                               0x08005595   Thumb Code    20  tb6612fng.o(i.Y_Backward)
    Y_Forward                                0x080055b5   Thumb Code    20  tb6612fng.o(i.Y_Forward)
    __0sprintf                               0x080055d5   Thumb Code    34  printfa.o(i.__0sprintf)
    __1sprintf                               0x080055d5   Thumb Code     0  printfa.o(i.__0sprintf)
    __2sprintf                               0x080055d5   Thumb Code     0  printfa.o(i.__0sprintf)
    __c89sprintf                             0x080055d5   Thumb Code     0  printfa.o(i.__0sprintf)
    sprintf                                  0x080055d5   Thumb Code     0  printfa.o(i.__0sprintf)
    __ARM_fpclassify                         0x080055fd   Thumb Code    48  fpclassify.o(i.__ARM_fpclassify)
    __hardfp_asin                            0x08005631   Thumb Code   770  asin.o(i.__hardfp_asin)
    __hardfp_fabs                            0x08005991   Thumb Code    20  fabs.o(i.__hardfp_fabs)
    __kernel_poly                            0x080059a5   Thumb Code   248  poly.o(i.__kernel_poly)
    __mathlib_dbl_infnan                     0x08005a9d   Thumb Code    20  dunder.o(i.__mathlib_dbl_infnan)
    __mathlib_dbl_invalid                    0x08005ab1   Thumb Code    24  dunder.o(i.__mathlib_dbl_invalid)
    __mathlib_dbl_underflow                  0x08005ad1   Thumb Code    24  dunder.o(i.__mathlib_dbl_underflow)
    __scatterload_copy                       0x08005af1   Thumb Code    14  handlers.o(i.__scatterload_copy)
    __scatterload_null                       0x08005aff   Thumb Code     2  handlers.o(i.__scatterload_null)
    __scatterload_zeroinit                   0x08005b01   Thumb Code    14  handlers.o(i.__scatterload_zeroinit)
    __set_errno                              0x08005b11   Thumb Code     6  errno.o(i.__set_errno)
    calibration                              0x080063b9   Thumb Code   362  ctrl.o(i.calibration)
    fabs                                     0x08006555   Thumb Code    24  fabs.o(i.fabs)
    fast_atan2                               0x0800656d   Thumb Code   350  mymath.o(i.fast_atan2)
    interface                                0x080066e9   Thumb Code  3054  main.o(i.interface)
    main                                     0x0800730d   Thumb Code    18  main.o(i.main)
    mode0                                    0x08007325   Thumb Code    16  ctrl.o(i.mode0)
    mode1                                    0x08007339   Thumb Code   444  ctrl.o(i.mode1)
    mode2                                    0x08007535   Thumb Code   444  ctrl.o(i.mode2)
    mode3                                    0x08007731   Thumb Code   682  ctrl.o(i.mode3)
    mode4                                    0x08007a25   Thumb Code   444  ctrl.o(i.mode4)
    my_abs                                   0x08007c21   Thumb Code    26  mymath.o(i.my_abs)
    my_sqrt                                  0x08007c3d   Thumb Code    88  mymath.o(i.my_sqrt)
    pid_cal                                  0x08007c99   Thumb Code   182  pid.o(i.pid_cal)
    set_pid                                  0x08007d59   Thumb Code    38  pid.o(i.set_pid)
    simple_3d_trans                          0x08007d85   Thumb Code   240  imu.o(i.simple_3d_trans)
    sqrt                                     0x08007e81   Thumb Code   110  sqrt.o(i.sqrt)
    char_1206                                0x08007eee   Data        1140  lcd.o(.constdata)
    char_1608                                0x08008362   Data        1520  lcd.o(.constdata)
    char_2412                                0x08008952   Data        3420  lcd.o(.constdata)
    Region$$Table$$Base                      0x08009710   Number         0  anon$$obj.o(Region$$Table)
    Region$$Table$$Limit                     0x08009730   Number         0  anon$$obj.o(Region$$Table)
    String                                   0x20000000   Data         180  main.o(.data)
    ak8975                                   0x200000b4   Data          44  ak8975.o(.data)
    ak8975_ok                                0x200000e0   Data           1  ak8975.o(.data)
    Mag_CALIBRATED                           0x200000e1   Data           1  ak8975.o(.data)
    I2C_FastMode                             0x200000fe   Data           1  i2c_soft.o(.data)
    mpu6050_ok                               0x20000100   Data           1  mpu6050.o(.data)
    acc_sum_cnt                              0x20000102   Data           2  mpu6050.o(.data)
    gyro_sum_cnt                             0x20000104   Data           2  mpu6050.o(.data)
    filter_cnt                               0x20000106   Data           1  mpu6050.o(.data)
    filter_cnt_old                           0x20000107   Data           1  mpu6050.o(.data)
    test_ang                                 0x20000108   Data           4  mpu6050.o(.data)
    test_ang_old                             0x2000010c   Data           4  mpu6050.o(.data)
    test_ang_d                               0x20000110   Data           4  mpu6050.o(.data)
    test_fli_a                               0x20000114   Data           4  mpu6050.o(.data)
    test_i                                   0x20000118   Data           4  mpu6050.o(.data)
    BRUSH_COLOR                              0x20000124   Data           2  lcd.o(.data)
    BACK_COLOR                               0x20000126   Data           2  lcd.o(.data)
    lcd_id                                   0x20000128   Data           2  lcd.o(.data)
    dir_flag                                 0x2000012a   Data           1  lcd.o(.data)
    lcd_width                                0x2000012c   Data           2  lcd.o(.data)
    lcd_height                               0x2000012e   Data           2  lcd.o(.data)
    write_gramcmd                            0x20000130   Data           2  lcd.o(.data)
    setxcmd                                  0x20000132   Data           2  lcd.o(.data)
    setycmd                                  0x20000134   Data           2  lcd.o(.data)
    USART_RX_STA                             0x20000136   Data           2  usart.o(.data)
    Tx1Counter                               0x20000138   Data           1  usart.o(.data)
    count1                                   0x20000139   Data           1  usart.o(.data)
    Tx2Counter                               0x2000013a   Data           1  usart.o(.data)
    count2                                   0x2000013b   Data           1  usart.o(.data)
    send_pid1                                0x20000148   Data           1  datatransfer.o(.data)
    send_pid2                                0x20000149   Data           1  datatransfer.o(.data)
    send_pid3                                0x2000014a   Data           1  datatransfer.o(.data)
    send_check                               0x2000014b   Data           1  datatransfer.o(.data)
    checkdata_to_send                        0x2000014c   Data           1  datatransfer.o(.data)
    checksum_to_send                         0x2000014d   Data           1  datatransfer.o(.data)
    appTosave                                0x2000014e   Data           1  datatransfer.o(.data)
    AngleWithGradiantFromUsart               0x20000150   Data           4  datatransfer.o(.data)
    ExpAngleFromUsart                        0x20000154   Data           4  datatransfer.o(.data)
    NS                                       0x20000158   Data           1  datatransfer.o(.data)
    Roll                                     0x2000015c   Data           4  imu.o(.data)
    Pitch                                    0x20000160   Data           4  imu.o(.data)
    Yaw                                      0x20000164   Data           4  imu.o(.data)
    ref_q                                    0x20000168   Data          16  imu.o(.data)
    norm_acc                                 0x20000178   Data           4  imu.o(.data)
    norm_q                                   0x2000017c   Data           4  imu.o(.data)
    norm_acc_lpf                             0x20000180   Data           4  imu.o(.data)
    mag_norm                                 0x20000184   Data           4  imu.o(.data)
    mag_norm_xyz                             0x20000188   Data           4  imu.o(.data)
    acc_ng_cali                              0x2000018c   Data           1  imu.o(.data)
    fast_atan_table                          0x200001a0   Data        1028  mymath.o(.data)
    Speed_X                                  0x200005a4   Data           4  pid.o(.data)
    Speed_Y                                  0x200005a8   Data           4  pid.o(.data)
    Motor_X                                  0x200005ac   Data           4  pid.o(.data)
    Motor_Y                                  0x200005b0   Data           4  pid.o(.data)
    mode                                     0x200005b8   Data           1  ctrl.o(.data)
    mode_change_flag                         0x200005bc   Data           4  ctrl.o(.data)
    time                                     0x200005c0   Data           4  ctrl.o(.data)
    time_count_begin                         0x200005c4   Data           4  ctrl.o(.data)
    static_time_begin                        0x200005c8   Data           4  ctrl.o(.data)
    x_pre                                    0x200005cc   Data           4  ctrl.o(.data)
    y_pre                                    0x200005d0   Data           4  ctrl.o(.data)
    x_pos                                    0x200005d4   Data           4  ctrl.o(.data)
    y_pos                                    0x200005d8   Data           4  ctrl.o(.data)
    x_speed                                  0x200005e0   Data           8  ctrl.o(.data)
    y_speed                                  0x200005e8   Data           8  ctrl.o(.data)
    MX                                       0x20000610   Data          40  bsp.o(.bss)
    MY                                       0x20000638   Data          40  bsp.o(.bss)
    SX                                       0x20000660   Data          40  bsp.o(.bss)
    SY                                       0x20000688   Data          40  bsp.o(.bss)
    mpu6050                                  0x200006b0   Data         128  mpu6050.o(.bss)
    sensor_setup                             0x20000730   Data          64  mpu6050.o(.bss)
    mpu6050_buffer                           0x20000770   Data          14  mpu6050.o(.bss)
    sum_temp                                 0x20000780   Data          28  mpu6050.o(.bss)
    FILT_BUF                                 0x2000079c   Data         154  mpu6050.o(.bss)
    mpu6050_tmp                              0x20000838   Data          28  mpu6050.o(.bss)
    mpu_fil_tmp                              0x20000854   Data          28  mpu6050.o(.bss)
    USART_RX_BUF                             0x20000910   Data         200  usart.o(.bss)
    Rx_1_Buf                                 0x200009d8   Data         256  usart.o(.bss)
    Tx1Buffer                                0x20000ad8   Data         256  usart.o(.bss)
    Tx1DMABuffer                             0x20000bd8   Data         256  usart.o(.bss)
    Rx_2_Buf                                 0x20000cd8   Data         256  usart.o(.bss)
    Tx2Buffer                                0x20000dd8   Data         256  usart.o(.bss)
    Tx2DMABuffer                             0x20000ed8   Data         256  usart.o(.bss)
    data_to_send                             0x20000fd8   Data          50  datatransfer.o(.bss)
    reference_v                              0x2000103c   Data          12  imu.o(.bss)
    ref                                      0x20001048   Data          60  imu.o(.bss)
    mag_sim_3d                               0x20001084   Data          12  imu.o(.bss)
    acc_3d_hg                                0x20001090   Data          12  imu.o(.bss)
    acc_ng                                   0x2000109c   Data          12  imu.o(.bss)
    acc_ng_offset                            0x200010a8   Data          12  imu.o(.bss)
    __initial_sp                             0x200014c0   Data           0  startup_stm32f40xx.o(STACK)



==============================================================================

Memory Map of the image

  Image Entry point : 0x08000189

  Load Region LR_IROM1 (Base: 0x08000000, Size: 0x00009d34, Max: 0x00080000, ABSOLUTE, COMPRESSED[0x00009ba8])

    Execution Region ER_IROM1 (Base: 0x08000000, Size: 0x00009730, Max: 0x00080000, ABSOLUTE)

    Base Addr    Size         Type   Attr      Idx    E Section Name        Object

    0x08000000   0x00000188   Data   RO          184    RESET               startup_stm32f40xx.o
    0x08000188   0x00000000   Code   RO         5270  * .ARM.Collect$$$$00000000  mc_w.l(entry.o)
    0x08000188   0x00000004   Code   RO         5584    .ARM.Collect$$$$00000001  mc_w.l(entry2.o)
    0x0800018c   0x00000004   Code   RO         5587    .ARM.Collect$$$$00000004  mc_w.l(entry5.o)
    0x08000190   0x00000000   Code   RO         5589    .ARM.Collect$$$$00000008  mc_w.l(entry7b.o)
    0x08000190   0x00000000   Code   RO         5591    .ARM.Collect$$$$0000000A  mc_w.l(entry8b.o)
    0x08000190   0x00000008   Code   RO         5592    .ARM.Collect$$$$0000000B  mc_w.l(entry9a.o)
    0x08000198   0x00000000   Code   RO         5594    .ARM.Collect$$$$0000000D  mc_w.l(entry10a.o)
    0x08000198   0x00000000   Code   RO         5596    .ARM.Collect$$$$0000000F  mc_w.l(entry11a.o)
    0x08000198   0x00000004   Code   RO         5585    .ARM.Collect$$$$00002712  mc_w.l(entry2.o)
    0x0800019c   0x00000024   Code   RO          185    .text               startup_stm32f40xx.o
    0x080001c0   0x00000024   Code   RO         5273    .text               mc_w.l(memseta.o)
    0x080001e4   0x0000014e   Code   RO         5536    .text               mf_w.l(dadd.o)
    0x08000332   0x000000e4   Code   RO         5538    .text               mf_w.l(dmul.o)
    0x08000416   0x000000de   Code   RO         5540    .text               mf_w.l(ddiv.o)
    0x080004f4   0x00000022   Code   RO         5542    .text               mf_w.l(dflti.o)
    0x08000516   0x0000001a   Code   RO         5544    .text               mf_w.l(dfltui.o)
    0x08000530   0x00000026   Code   RO         5546    .text               mf_w.l(f2d.o)
    0x08000556   0x00000002   PAD
    0x08000558   0x00000030   Code   RO         5548    .text               mf_w.l(cdcmple.o)
    0x08000588   0x00000030   Code   RO         5550    .text               mf_w.l(cdrcmple.o)
    0x080005b8   0x00000038   Code   RO         5552    .text               mf_w.l(d2f.o)
    0x080005f0   0x0000002c   Code   RO         5599    .text               mc_w.l(uidiv.o)
    0x0800061c   0x00000062   Code   RO         5601    .text               mc_w.l(uldiv.o)
    0x0800067e   0x0000001e   Code   RO         5603    .text               mc_w.l(llshl.o)
    0x0800069c   0x00000024   Code   RO         5605    .text               mc_w.l(llsshr.o)
    0x080006c0   0x00000000   Code   RO         5614    .text               mc_w.l(iusefp.o)
    0x080006c0   0x0000006e   Code   RO         5615    .text               mf_w.l(fepilogue.o)
    0x0800072e   0x000000ba   Code   RO         5617    .text               mf_w.l(depilogue.o)
    0x080007e8   0x00000030   Code   RO         5621    .text               mf_w.l(dfixul.o)
    0x08000818   0x00000024   Code   RO         5623    .text               mc_w.l(init.o)
    0x0800083c   0x00000020   Code   RO         5625    .text               mc_w.l(llushr.o)
    0x0800085c   0x000000a2   Code   RO         5627    .text               mf_w.l(dsqrt.o)
    0x080008fe   0x00000056   Code   RO         5637    .text               mc_w.l(__dczerorl2.o)
    0x08000954   0x00000300   Code   RO          190    i.ANO_AK8975_CalOffset_Mag  ak8975.o
    0x08000c54   0x00000008   Code   RO          192    i.ANO_AK8975_Read   ak8975.o
    0x08000c5c   0x000000fc   Code   RO          193    i.ANO_AK8975_Read_Mag_Data  ak8975.o
    0x08000d58   0x0000000e   Code   RO          194    i.ANO_AK8975_Run    ak8975.o
    0x08000d66   0x00000002   PAD
    0x08000d68   0x00000048   Code   RO         1092    i.ANO_DT_Send_Check  datatransfer.o
    0x08000db0   0x0000019c   Code   RO         1095    i.ANO_DT_Send_Senser  datatransfer.o
    0x08000f4c   0x00000158   Code   RO         1096    i.ANO_DT_Send_Status  datatransfer.o
    0x080010a4   0x000000b8   Code   RO          246    i.All_Init          bsp.o
    0x0800115c   0x00000034   Code   RO         2361    i.DMA_ClearFlag     stm32f4xx_dma.o
    0x08001190   0x00000016   Code   RO         2363    i.DMA_Cmd           stm32f4xx_dma.o
    0x080011a6   0x00000002   PAD
    0x080011a8   0x00000158   Code   RO         2364    i.DMA_DeInit        stm32f4xx_dma.o
    0x08001300   0x00000014   Code   RO         2368    i.DMA_GetCmdStatus  stm32f4xx_dma.o
    0x08001314   0x00000008   Code   RO         2369    i.DMA_GetCurrDataCounter  stm32f4xx_dma.o
    0x0800131c   0x00000058   Code   RO         2375    i.DMA_Init          stm32f4xx_dma.o
    0x08001374   0x0000014c   Code   RO         1097    i.DataTransferTask  datatransfer.o
    0x080014c0   0x000002b4   Code   RO         1098    i.Data_Receive_Anl  datatransfer.o
    0x08001774   0x00000018   Code   RO          562    i.Delay_ms          timer.o
    0x0800178c   0x00000018   Code   RO          563    i.Delay_us          timer.o
    0x080017a4   0x00000034   Code   RO         2753    i.FSMC_NORSRAMCmd   stm32f4xx_fsmc.o
    0x080017d8   0x000000e6   Code   RO         2755    i.FSMC_NORSRAMInit  stm32f4xx_fsmc.o
    0x080018be   0x00000002   PAD
    0x080018c0   0x00000050   Code   RO          306    i.GPIO_Configuration  gpio.o
    0x08001910   0x00000090   Code   RO         2870    i.GPIO_Init         stm32f4xx_gpio.o
    0x080019a0   0x00000046   Code   RO         2871    i.GPIO_PinAFConfig  stm32f4xx_gpio.o
    0x080019e6   0x00000004   Code   RO         2877    i.GPIO_ResetBits    stm32f4xx_gpio.o
    0x080019ea   0x00000004   Code   RO         2878    i.GPIO_SetBits      stm32f4xx_gpio.o
    0x080019ee   0x00000008   Code   RO         2880    i.GPIO_ToggleBits   stm32f4xx_gpio.o
    0x080019f6   0x00000002   PAD
    0x080019f8   0x00000034   Code   RO          564    i.GetInnerLoop      timer.o
    0x08001a2c   0x0000028c   Code   RO          975    i.Get_KeyValue      key.o
    0x08001cb8   0x00000038   Code   RO          322    i.I2c_Soft_Ask      i2c_soft.o
    0x08001cf0   0x00000034   Code   RO          323    i.I2c_Soft_Init     i2c_soft.o
    0x08001d24   0x00000038   Code   RO          324    i.I2c_Soft_NoAsk    i2c_soft.o
    0x08001d5c   0x00000060   Code   RO          325    i.I2c_Soft_ReadByte  i2c_soft.o
    0x08001dbc   0x00000058   Code   RO          326    i.I2c_Soft_SendByte  i2c_soft.o
    0x08001e14   0x00000058   Code   RO          327    i.I2c_Soft_Start    i2c_soft.o
    0x08001e6c   0x00000038   Code   RO          328    i.I2c_Soft_Stop     i2c_soft.o
    0x08001ea4   0x0000005c   Code   RO          329    i.I2c_Soft_WaitAsk  i2c_soft.o
    0x08001f00   0x00000030   Code   RO          330    i.I2c_Soft_delay    i2c_soft.o
    0x08001f30   0x00000050   Code   RO          331    i.IIC_Read_1Byte    i2c_soft.o
    0x08001f80   0x0000006c   Code   RO          332    i.IIC_Read_nByte    i2c_soft.o
    0x08001fec   0x0000003e   Code   RO          333    i.IIC_Write_1Byte   i2c_soft.o
    0x0800202a   0x00000002   PAD
    0x0800202c   0x00000054   Code   RO          432    i.IICwriteBit       mpu6050.o
    0x08002080   0x00000066   Code   RO          433    i.IICwriteBits      mpu6050.o
    0x080020e6   0x00000002   PAD
    0x080020e8   0x00000a38   Code   RO         1193    i.IMUupdate         imu.o
    0x08002b20   0x00000016   Code   RO          565    i.InnerLoopInit     timer.o
    0x08002b36   0x00000002   PAD
    0x08002b38   0x00000068   Code   RO          976    i.Key_Configuration  key.o
    0x08002ba0   0x0000017c   Code   RO          642    i.LCD_AUTOScan_Dir  lcd.o
    0x08002d1c   0x0000003c   Code   RO          644    i.LCD_Clear         lcd.o
    0x08002d58   0x00000090   Code   RO          645    i.LCD_Color_DrawPoint  lcd.o
    0x08002de8   0x00000104   Code   RO          646    i.LCD_DisplayChar   lcd.o
    0x08002eec   0x00000044   Code   RO          651    i.LCD_DisplayString  lcd.o
    0x08002f30   0x000000b8   Code   RO          653    i.LCD_Display_Dir   lcd.o
    0x08002fe8   0x00000024   Code   RO          654    i.LCD_DrawPoint     lcd.o
    0x0800300c   0x00000098   Code   RO          655    i.LCD_Draw_Circle   lcd.o
    0x080030a4   0x000000b0   Code   RO          656    i.LCD_Draw_Line     lcd.o
    0x08003154   0x0000003c   Code   RO          658    i.LCD_Draw_Rectangle  lcd.o
    0x08003190   0x00000230   Code   RO          659    i.LCD_FSMC_Config   lcd.o
    0x080033c0   0x000006a0   Code   RO          662    i.LCD_Init          lcd.o
    0x08003a60   0x0000001c   Code   RO          664    i.LCD_ReadReg       lcd.o
    0x08003a7c   0x0000007c   Code   RO          665    i.LCD_SetCursor     lcd.o
    0x08003af8   0x00000010   Code   RO          667    i.LCD_WriteRAM_Prepare  lcd.o
    0x08003b08   0x00000010   Code   RO          668    i.LCD_WriteReg      lcd.o
    0x08003b18   0x0000003c   Code   RO          416    i.LED_Configuration  led.o
    0x08003b54   0x00000230   Code   RO          434    i.MPU6050_Data_Offset  mpu6050.o
    0x08003d84   0x00000494   Code   RO          435    i.MPU6050_Data_Prepare  mpu6050.o
    0x08004218   0x0000003c   Code   RO          436    i.MPU6050_INT_Config  mpu6050.o
    0x08004254   0x000000b8   Code   RO          437    i.MPU6050_Init      mpu6050.o
    0x0800430c   0x00000020   Code   RO          438    i.MPU6050_Read      mpu6050.o
    0x0800432c   0x00000014   Code   RO          439    i.MPU6050_setClockSource  mpu6050.o
    0x08004340   0x00000014   Code   RO          440    i.MPU6050_setDLPF   mpu6050.o
    0x08004354   0x00000024   Code   RO          441    i.MPU6050_setFullScaleAccelRange  mpu6050.o
    0x08004378   0x00000024   Code   RO          442    i.MPU6050_setFullScaleGyroRange  mpu6050.o
    0x0800439c   0x00000012   Code   RO          443    i.MPU6050_setI2CBypassEnabled  mpu6050.o
    0x080043ae   0x00000012   Code   RO          444    i.MPU6050_setI2CMasterModeEnabled  mpu6050.o
    0x080043c0   0x00000012   Code   RO          445    i.MPU6050_setSleepEnabled  mpu6050.o
    0x080043d2   0x0000001c   Code   RO          446    i.MPU6050_set_SMPLRT_DIV  mpu6050.o
    0x080043ee   0x00000002   PAD
    0x080043f0   0x00000078   Code   RO         1395    i.NVIC_Init         misc.o
    0x08004468   0x00000014   Code   RO         1396    i.NVIC_PriorityGroupConfig  misc.o
    0x0800447c   0x000000dc   Code   RO          546    i.PWM_Configuration  pwm.o
    0x08004558   0x00000020   Code   RO         3311    i.RCC_AHB1PeriphClockCmd  stm32f4xx_rcc.o
    0x08004578   0x00000020   Code   RO         3317    i.RCC_AHB3PeriphClockCmd  stm32f4xx_rcc.o
    0x08004598   0x00000020   Code   RO         3320    i.RCC_APB1PeriphClockCmd  stm32f4xx_rcc.o
    0x080045b8   0x00000020   Code   RO         3323    i.RCC_APB2PeriphClockCmd  stm32f4xx_rcc.o
    0x080045d8   0x000000e8   Code   RO         3332    i.RCC_GetClocksFreq  stm32f4xx_rcc.o
    0x080046c0   0x000000ec   Code   RO         5218    i.SetSysClock       system_stm32f4xx.o
    0x080047ac   0x000000b8   Code   RO         1010    i.Set_Motor         tb6612fng.o
    0x08004864   0x00000068   Code   RO         5220    i.SystemInit        system_stm32f4xx.o
    0x080048cc   0x00000064   Code   RO          566    i.TIM3_Configuration  timer.o
    0x08004930   0x00000154   Code   RO          567    i.TIM3_IRQHandler   timer.o
    0x08004a84   0x00000040   Code   RO          568    i.TIM5_Configuration  timer.o
    0x08004ac4   0x00000024   Code   RO          569    i.TIM5_IRQHandler   timer.o
    0x08004ae8   0x00000024   Code   RO          571    i.TIM6_DAC_IRQHandler  timer.o
    0x08004b0c   0x00000018   Code   RO         4413    i.TIM_ARRPreloadConfig  stm32f4xx_tim.o
    0x08004b24   0x00000006   Code   RO         4419    i.TIM_ClearFlag     stm32f4xx_tim.o
    0x08004b2a   0x00000006   Code   RO         4420    i.TIM_ClearITPendingBit  stm32f4xx_tim.o
    0x08004b30   0x00000018   Code   RO         4425    i.TIM_Cmd           stm32f4xx_tim.o
    0x08004b48   0x0000001e   Code   RO         4427    i.TIM_CtrlPWMOutputs  stm32f4xx_tim.o
    0x08004b66   0x00000022   Code   RO         4446    i.TIM_GetITStatus   stm32f4xx_tim.o
    0x08004b88   0x00000012   Code   RO         4450    i.TIM_ITConfig      stm32f4xx_tim.o
    0x08004b9a   0x00000002   PAD
    0x08004b9c   0x0000007c   Code   RO         4454    i.TIM_OC1Init       stm32f4xx_tim.o
    0x08004c18   0x000000a4   Code   RO         4459    i.TIM_OC2Init       stm32f4xx_tim.o
    0x08004cbc   0x00000014   Code   RO         4472    i.TIM_OCStructInit  stm32f4xx_tim.o
    0x08004cd0   0x00000084   Code   RO         4497    i.TIM_TimeBaseInit  stm32f4xx_tim.o
    0x08004d54   0x00000012   Code   RO         4498    i.TIM_TimeBaseStructInit  stm32f4xx_tim.o
    0x08004d66   0x00000002   PAD
    0x08004d68   0x00000048   Code   RO         1223    i.To_180_degrees    mymath.o
    0x08004db0   0x0000000e   Code   RO          447    i.Transform         mpu6050.o
    0x08004dbe   0x00000002   PAD
    0x08004dc0   0x0000014c   Code   RO          833    i.USART1_IRQHandler  usart.o
    0x08004f0c   0x00000040   Code   RO          834    i.USART2_IRQHandler  usart.o
    0x08004f4c   0x0000001e   Code   RO         4971    i.USART_ClearITPendingBit  stm32f4xx_usart.o
    0x08004f6a   0x00000020   Code   RO         4972    i.USART_ClockInit   stm32f4xx_usart.o
    0x08004f8a   0x00000018   Code   RO         4974    i.USART_Cmd         stm32f4xx_usart.o
    0x08004fa2   0x00000012   Code   RO         4975    i.USART_DMACmd      stm32f4xx_usart.o
    0x08004fb4   0x00000054   Code   RO         4978    i.USART_GetITStatus  stm32f4xx_usart.o
    0x08005008   0x0000004a   Code   RO         4980    i.USART_ITConfig    stm32f4xx_usart.o
    0x08005052   0x00000002   PAD
    0x08005054   0x000000d4   Code   RO         4981    i.USART_Init        stm32f4xx_usart.o
    0x08005128   0x00000120   Code   RO          835    i.Usart1_Init       usart.o
    0x08005248   0x000000e8   Code   RO         1100    i.Usart2_DataPrepare  datatransfer.o
    0x08005330   0x0000015c   Code   RO          837    i.Usart2_Init       usart.o
    0x0800548c   0x000000c8   Code   RO          838    i.Usart2_Send       usart.o
    0x08005554   0x00000020   Code   RO         1011    i.X_Backward        tb6612fng.o
    0x08005574   0x00000020   Code   RO         1012    i.X_Forward         tb6612fng.o
    0x08005594   0x00000020   Code   RO         1013    i.Y_Backward        tb6612fng.o
    0x080055b4   0x00000020   Code   RO         1014    i.Y_Forward         tb6612fng.o
    0x080055d4   0x00000028   Code   RO         5510    i.__0sprintf        mc_w.l(printfa.o)
    0x080055fc   0x00000030   Code   RO         5568    i.__ARM_fpclassify  m_wm.l(fpclassify.o)
    0x0800562c   0x00000004   PAD
    0x08005630   0x00000360   Code   RO         5250    i.__hardfp_asin     m_wm.l(asin.o)
    0x08005990   0x00000014   Code   RO         5264    i.__hardfp_fabs     m_wm.l(fabs.o)
    0x080059a4   0x000000f8   Code   RO         5570    i.__kernel_poly     m_wm.l(poly.o)
    0x08005a9c   0x00000014   Code   RO         5555    i.__mathlib_dbl_infnan  m_wm.l(dunder.o)
    0x08005ab0   0x00000020   Code   RO         5557    i.__mathlib_dbl_invalid  m_wm.l(dunder.o)
    0x08005ad0   0x00000020   Code   RO         5560    i.__mathlib_dbl_underflow  m_wm.l(dunder.o)
    0x08005af0   0x0000000e   Code   RO         5631    i.__scatterload_copy  mc_w.l(handlers.o)
    0x08005afe   0x00000002   Code   RO         5632    i.__scatterload_null  mc_w.l(handlers.o)
    0x08005b00   0x0000000e   Code   RO         5633    i.__scatterload_zeroinit  mc_w.l(handlers.o)
    0x08005b0e   0x00000002   PAD
    0x08005b10   0x0000000c   Code   RO         5609    i.__set_errno       mc_w.l(errno.o)
    0x08005b1c   0x00000164   Code   RO         5515    i._fp_digits        mc_w.l(printfa.o)
    0x08005c80   0x000006dc   Code   RO         5516    i._printf_core      mc_w.l(printfa.o)
    0x0800635c   0x00000024   Code   RO         5517    i._printf_post_padding  mc_w.l(printfa.o)
    0x08006380   0x0000002e   Code   RO         5518    i._printf_pre_padding  mc_w.l(printfa.o)
    0x080063ae   0x0000000a   Code   RO         5520    i._sputc            mc_w.l(printfa.o)
    0x080063b8   0x0000019c   Code   RO         1345    i.calibration       ctrl.o
    0x08006554   0x00000018   Code   RO         5266    i.fabs              m_wm.l(fabs.o)
    0x0800656c   0x0000017c   Code   RO         1225    i.fast_atan2        mymath.o
    0x080066e8   0x00000c24   Code   RO            2    i.interface         main.o
    0x0800730c   0x00000018   Code   RO            3    i.main              main.o
    0x08007324   0x00000014   Code   RO         1346    i.mode0             ctrl.o
    0x08007338   0x000001fc   Code   RO         1347    i.mode1             ctrl.o
    0x08007534   0x000001fc   Code   RO         1348    i.mode2             ctrl.o
    0x08007730   0x000002f4   Code   RO         1349    i.mode3             ctrl.o
    0x08007a24   0x000001fc   Code   RO         1350    i.mode4             ctrl.o
    0x08007c20   0x0000001a   Code   RO         1228    i.my_abs            mymath.o
    0x08007c3a   0x00000002   PAD
    0x08007c3c   0x0000005c   Code   RO         1236    i.my_sqrt           mymath.o
    0x08007c98   0x000000c0   Code   RO         1320    i.pid_cal           pid.o
    0x08007d58   0x0000002c   Code   RO         1321    i.set_pid           pid.o
    0x08007d84   0x000000fc   Code   RO         1194    i.simple_3d_trans   imu.o
    0x08007e80   0x0000006e   Code   RO         5574    i.sqrt              m_wm.l(sqrt.o)
    0x08007eee   0x000017c0   Data   RO          670    .constdata          lcd.o
    0x080096ae   0x00000010   Data   RO          978    .constdata          key.o
    0x080096be   0x00000002   PAD
    0x080096c0   0x00000050   Data   RO         5253    .constdata          m_wm.l(asin.o)
    0x08009710   0x00000020   Data   RO         5629    Region$$Table       anon$$obj.o


    Execution Region RW_IRAM1 (Base: 0x20000000, Size: 0x000014c0, Max: 0x00020000, ABSOLUTE, COMPRESSED[0x00000478])

    Base Addr    Size         Type   Attr      Idx    E Section Name        Object

    0x20000000   0x000000b4   Data   RW            4    .data               main.o
    0x200000b4   0x0000004a   Data   RW          197    .data               ak8975.o
    0x200000fe   0x00000001   Data   RW          335    .data               i2c_soft.o
    0x200000ff   0x00000001   PAD
    0x20000100   0x0000001c   Data   RW          449    .data               mpu6050.o
    0x2000011c   0x00000008   Data   RW          574    .data               timer.o
    0x20000124   0x00000012   Data   RW          671    .data               lcd.o
    0x20000136   0x00000011   Data   RW          843    .data               usart.o
    0x20000147   0x00000001   PAD
    0x20000148   0x00000014   Data   RW         1102    .data               datatransfer.o
    0x2000015c   0x00000044   Data   RW         1196    .data               imu.o
    0x200001a0   0x00000404   Data   RW         1237    .data               mymath.o
    0x200005a4   0x00000010   Data   RW         1322    .data               pid.o
    0x200005b4   0x00000004   PAD
    0x200005b8   0x00000038   Data   RW         1351    .data               ctrl.o
    0x200005f0   0x00000010   Data   RW         3355    .data               stm32f4xx_rcc.o
    0x20000600   0x00000004   Data   RW         5610    .data               mc_w.l(errno.o)
    0x20000604   0x0000000c   Zero   RW          196    .bss                ak8975.o
    0x20000610   0x000000a0   Zero   RW          247    .bss                bsp.o
    0x200006b0   0x000001c0   Zero   RW          448    .bss                mpu6050.o
    0x20000870   0x000000a0   Zero   RW          573    .bss                timer.o
    0x20000910   0x000006c8   Zero   RW          842    .bss                usart.o
    0x20000fd8   0x00000064   Zero   RW         1101    .bss                datatransfer.o
    0x2000103c   0x00000084   Zero   RW         1195    .bss                imu.o
    0x200010c0   0x00000400   Zero   RW          182    STACK               startup_stm32f40xx.o


==============================================================================

Image component sizes


      Code (inc. data)   RO Data    RW Data    ZI Data      Debug   Object Name

      1042         36          0         74         12       3159   ak8975.o
       184         42          0          0        160       1169   bsp.o
      2712        320          0         56          0       4282   ctrl.o
      2084        160          0         20        100       6659   datatransfer.o
        80         10          0          0          0        541   gpio.o
       882         42          0          1          0       7688   i2c_soft.o
      2868        170          0         68        132       3718   imu.o
       756         32         16          0          0       2014   key.o
      3960        240       6080         18          0      12843   lcd.o
        60          6          0          0          0        512   led.o
      3132        224          0        180          0     284188   main.o
       140         24          0          0          0     210715   misc.o
      2402        112          0         28        448      21802   mpu6050.o
       570         48          0       1028          0       3271   mymath.o
       236         16          0         16          0       1766   pid.o
       220          8          0          0          0        736   pwm.o
        36          8        392          0       1024        820   startup_stm32f40xx.o
       534         40          0          0          0      17506   stm32f4xx_dma.o
       282          6          0          0          0       9753   stm32f4xx_fsmc.o
       230          0          0          0          0       9817   stm32f4xx_gpio.o
       360         42          0         16          0      18064   stm32f4xx_rcc.o
       600         48          0          0          0      27798   stm32f4xx_tim.o
       474          8          0          0          0      11577   stm32f4xx_usart.o
       340         32          0          0          0       1601   system_stm32f4xx.o
       312         70          0          0          0       2570   tb6612fng.o
       698         90          0          8        160       4941   timer.o
      1232         88          0         17       1736       6060   usart.o

    ----------------------------------------------------------------------
     26452       1922       6522       1536       3772     675570   Object Totals
         0          0         32          0          0          0   (incl. Generated)
        26          0          2          6          0          0   (incl. Padding)

    ----------------------------------------------------------------------

      Code (inc. data)   RO Data    RW Data    ZI Data      Debug   Library Member Name

       864         94         80          0          0        280   asin.o
        84         16          0          0          0        372   dunder.o
        44          0          0          0          0        248   fabs.o
        48          0          0          0          0        124   fpclassify.o
       248          0          0          0          0        152   poly.o
       110          0          0          0          0        148   sqrt.o
        86          0          0          0          0          0   __dczerorl2.o
         0          0          0          0          0          0   entry.o
         0          0          0          0          0          0   entry10a.o
         0          0          0          0          0          0   entry11a.o
         8          4          0          0          0          0   entry2.o
         4          0          0          0          0          0   entry5.o
         0          0          0          0          0          0   entry7b.o
         0          0          0          0          0          0   entry8b.o
         8          4          0          0          0          0   entry9a.o
        12          6          0          4          0         68   errno.o
        30          0          0          0          0          0   handlers.o
        36          8          0          0          0         68   init.o
         0          0          0          0          0          0   iusefp.o
        30          0          0          0          0         68   llshl.o
        36          0          0          0          0         68   llsshr.o
        32          0          0          0          0         68   llushr.o
        36          0          0          0          0        108   memseta.o
      2244         86          0          0          0        512   printfa.o
        44          0          0          0          0         80   uidiv.o
        98          0          0          0          0         92   uldiv.o
        48          0          0          0          0         68   cdcmple.o
        48          0          0          0          0         68   cdrcmple.o
        56          0          0          0          0         88   d2f.o
       334          0          0          0          0        148   dadd.o
       222          0          0          0          0        100   ddiv.o
       186          0          0          0          0        176   depilogue.o
        48          0          0          0          0         68   dfixul.o
        34          0          0          0          0         76   dflti.o
        26          0          0          0          0         76   dfltui.o
       228          0          0          0          0         96   dmul.o
       162          0          0          0          0        100   dsqrt.o
        38          0          0          0          0         68   f2d.o
       110          0          0          0          0        168   fepilogue.o

    ----------------------------------------------------------------------
      5650        218         80          4          0       3756   Library Totals
         8          0          0          0          0          0   (incl. Padding)

    ----------------------------------------------------------------------

      Code (inc. data)   RO Data    RW Data    ZI Data      Debug   Library Name

      1398        110         80          0          0       1324   m_wm.l
      2704        108          0          4          0       1132   mc_w.l
      1540          0          0          0          0       1300   mf_w.l

    ----------------------------------------------------------------------
      5650        218         80          4          0       3756   Library Totals

    ----------------------------------------------------------------------

==============================================================================


      Code (inc. data)   RO Data    RW Data    ZI Data      Debug   

     32102       2140       6602       1540       3772     664962   Grand Totals
     32102       2140       6602       1144       3772     664962   ELF Image Totals (compressed)
     32102       2140       6602       1144          0          0   ROM Totals

==============================================================================

    Total RO  Size (Code + RO Data)                38704 (  37.80kB)
    Total RW  Size (RW Data + ZI Data)              5312 (   5.19kB)
    Total ROM Size (Code + RO Data + RW Data)      39848 (  38.91kB)

==============================================================================

