<html>
<body>
<pre>
<h1>µVision Build Log</h1>
<h2>Tool Versions:</h2>
IDE-Version: ¦ÌVision V5.14.0.0
Copyright (C) 2015 ARM Ltd and ARM Germany GmbH. All rights reserved.
License Information: zz Teresa, zz, LIC=W96CX-HMK1L-BX0UY-I5TWK-H7EGX-V1RUJ
 
Tool Versions:
Toolchain:       MDK-ARM Professional  Version: 5.14.0.0
Toolchain Path:  C:\Keil_v55\ARM\ARMCC\Bin
C Compiler:      Armcc.exe V5.05 update 1 (build 106)
Assembler:       Armasm.exe V5.05 update 1 (build 106)
Linker/Locator:  ArmLink.exe V5.05 update 1 (build 106)
Library Manager: ArmAr.exe V5.05 update 1 (build 106)
Hex Converter:   FromElf.exe V5.05 update 1 (build 106)
CPU DLL:         SARMCM3.DLL V5.14.0.0
Dialog DLL:      DCM.DLL V1.13.1.0
Target DLL:      STLink\ST-LINKIII-KEIL_SWO.dll V2.0.14.0_KEIL
Dialog DLL:      TCM.DLL V1.14.4.0
 
<h2>Project:</h2>
C:\Users\Teresa\Documents\GitHub\2017_Competition\NJUControl.uvprojx
Project File Date:  08/12/2017

<h2>Output:</h2>
Build target 'NJUControl'
compiling main.c...
users\main.c(81): warning:  #167-D: argument of type "u8 *" is incompatible with parameter of type "char *restrict"
                        DISPLAY
users\main.c(87): warning:  #167-D: argument of type "u8 *" is incompatible with parameter of type "char *restrict"
                                        DISPLAY
users\main.c(92): warning:  #167-D: argument of type "u8 *" is incompatible with parameter of type "char *restrict"
                                        DISPLAY
users\main.c(104): warning:  #167-D: argument of type "u8 *" is incompatible with parameter of type "char *restrict"
                        sprintf(str,"P:%1.1f",Pitch);
users\main.c(106): warning:  #167-D: argument of type "u8 *" is incompatible with parameter of type "char *restrict"
                        sprintf(str,"R:%1.1f",Roll>0?180-Roll:-180-Roll);
users\main.c(110): warning:  #167-D: argument of type "u8 *" is incompatible with parameter of type "char *restrict"
                        sprintf(str,"P:%1.f  I:%1.3f  D:%1.f",Motor_X->kp,Motor_X->ki,Motor_X->kd);
users\main.c(113): warning:  #167-D: argument of type "u8 *" is incompatible with parameter of type "char *restrict"
                        sprintf(str,"P:%1.f  I:%1.3f  D:%1.f",Motor_Y->kp,Motor_Y->ki,Motor_Y->kd);
users\main.c(116): warning:  #167-D: argument of type "u8 *" is incompatible with parameter of type "char *restrict"
                        sprintf(str,"P:%1.3f  I:%1.3f  D:%1.f",Speed_X->kp,Speed_X->ki,Speed_X->kd);
users\main.c(119): warning:  #167-D: argument of type "u8 *" is incompatible with parameter of type "char *restrict"
                        sprintf(str,"P:%1.3f  I:%1.3f  D:%1.f",Speed_Y->kp,Speed_Y->ki,Speed_Y->kd);
users\main.c(122): warning:  #167-D: argument of type "u8 *" is incompatible with parameter of type "char *restrict"
                        sprintf(str,"Skip:%f",skip);
users\main.c(152): warning:  #167-D: argument of type "u8 *" is incompatible with parameter of type "char *restrict"
                        sprintf(str,"P:%1.1f",Pitch);
users\main.c(154): warning:  #167-D: argument of type "u8 *" is incompatible with parameter of type "char *restrict"
                        sprintf(str,"R:%1.1f",Roll>0?180-Roll:-180-Roll);
users\main.c(158): warning:  #167-D: argument of type "u8 *" is incompatible with parameter of type "char *restrict"
                        sprintf(str,"P:%1.f  I:%1.3f  D:%1.f",Motor_X->kp,Motor_X->ki,Motor_X->kd);
users\main.c(161): warning:  #167-D: argument of type "u8 *" is incompatible with parameter of type "char *restrict"
                        sprintf(str,"P:%1.f  I:%1.3f  D:%1.f",Motor_Y->kp,Motor_Y->ki,Motor_Y->kd);
users\main.c(164): warning:  #167-D: argument of type "u8 *" is incompatible with parameter of type "char *restrict"
                        sprintf(str,"P:%1.3f  I:%1.3f  D:%1.f",Speed_X->kp,Speed_X->ki,Speed_X->kd);
users\main.c(167): warning:  #167-D: argument of type "u8 *" is incompatible with parameter of type "char *restrict"
                        sprintf(str,"P:%1.3f  I:%1.3f  D:%1.f",Speed_Y->kp,Speed_Y->ki,Speed_Y->kd);
users\main.c(170): warning:  #167-D: argument of type "u8 *" is incompatible with parameter of type "char *restrict"
                        sprintf(str,"Skip:%f",skip);
users\main.c(217): warning:  #167-D: argument of type "u8 *" is incompatible with parameter of type "char *restrict"
                                        sprintf(str,"P:%1.1f",Pitch);
users\main.c(219): warning:  #167-D: argument of type "u8 *" is incompatible with parameter of type "char *restrict"
                                        sprintf(str,"R:%1.1f",Roll>0?180-Roll:-180-Roll);
users\main.c(223): warning:  #167-D: argument of type "u8 *" is incompatible with parameter of type "char *restrict"
                                        sprintf(str,"P:%1.3f  I:%1.3f  D:%1.f",Motor_X->kp,Motor_X->ki,Motor_X->kd);
users\main.c(226): warning:  #167-D: argument of type "u8 *" is incompatible with parameter of type "char *restrict"
                                        sprintf(str,"P:%1.3f  I:%1.3f  D:%1.f",Motor_Y->kp,Motor_Y->ki,Motor_Y->kd);
users\main.c(229): warning:  #167-D: argument of type "u8 *" is incompatible with parameter of type "char *restrict"
                                        sprintf(str,"P:%1.3f  I:%1.3f  D:%1.f",Speed_X->kp,Speed_X->ki,Speed_X->kd);
users\main.c(232): warning:  #167-D: argument of type "u8 *" is incompatible with parameter of type "char *restrict"
                                        sprintf(str,"P:%1.3f  I:%1.3f  D:%1.f",Speed_Y->kp,Speed_Y->ki,Speed_Y->kd);
users\main.c(235): warning:  #167-D: argument of type "u8 *" is incompatible with parameter of type "char *restrict"
                                        sprintf(str,"Skip:%f",skip);
users\main.c: 24 warnings, 0 errors
compiling bsp.c...
linking...
Program Size: Code=18208 RO-data=504 RW-data=1328 ZI-data=3528  
".\output\NJUControl.axf" - 0 Error(s), 24 Warning(s).

<h2>Collection of Component include folders:</h2>
  C:\Users\Teresa\Documents\GitHub\2017_Competition\RTE
  C:\Keil_v55\ARM\PACK\Keil\STM32F4xx_DFP\2.8.0

<h2>Collection of Component Files used:</h2>
</pre>
</body>
</html>
