Component: ARM Compiler 5.05 update 1 (build 106) Tool: armlink [4d0efa]

==============================================================================

Section Cross References

    main.o(i.main) refers to bsp.o(i.All_Init) for All_Init
    startup_stm32f40xx.o(RESET) refers to startup_stm32f40xx.o(STACK) for __initial_sp
    startup_stm32f40xx.o(RESET) refers to startup_stm32f40xx.o(.text) for Reset_Handler
    startup_stm32f40xx.o(RESET) refers to timer.o(i.TIM3_IRQHandler) for TIM3_IRQHandler
    startup_stm32f40xx.o(RESET) refers to usart.o(i.USART1_IRQHandler) for USART1_IRQHandler
    startup_stm32f40xx.o(RESET) refers to usart.o(i.USART2_IRQHandler) for USART2_IRQHandler
    startup_stm32f40xx.o(RESET) refers to timer.o(i.TIM5_IRQHandler) for TIM5_IRQHandler
    startup_stm32f40xx.o(RESET) refers to timer.o(i.TIM6_DAC_IRQHandler) for TIM6_DAC_IRQHandler
    startup_stm32f40xx.o(RESET) refers to ov7670.o(i.DCMI_IRQHandler) for DCMI_IRQHandler
    startup_stm32f40xx.o(.text) refers to system_stm32f4xx.o(i.SystemInit) for SystemInit
    startup_stm32f40xx.o(.text) refers to entry.o(.ARM.Collect$$$$00000000) for __main
    ak8975.o(i.ANO_AK8975_CalOffset_Mag) refers to ak8975.o(.data) for Mag_CALIBRATED
    ak8975.o(i.ANO_AK8975_CalOffset_Mag) refers to ak8975.o(.bss) for MagSum
    ak8975.o(i.ANO_AK8975_Get_Mag) refers to ak8975.o(.data) for ak8975
    ak8975.o(i.ANO_AK8975_Read) refers to ak8975.o(i.ANO_AK8975_Read_Mag_Data) for ANO_AK8975_Read_Mag_Data
    ak8975.o(i.ANO_AK8975_Read_Mag_Data) refers to i2c_soft.o(i.IIC_Read_1Byte) for IIC_Read_1Byte
    ak8975.o(i.ANO_AK8975_Read_Mag_Data) refers to ak8975.o(i.ANO_AK8975_CalOffset_Mag) for ANO_AK8975_CalOffset_Mag
    ak8975.o(i.ANO_AK8975_Read_Mag_Data) refers to ak8975.o(i.ANO_AK8975_Run) for ANO_AK8975_Run
    ak8975.o(i.ANO_AK8975_Read_Mag_Data) refers to i2c_soft.o(.data) for I2C_FastMode
    ak8975.o(i.ANO_AK8975_Read_Mag_Data) refers to ak8975.o(.data) for ak8975
    ak8975.o(i.ANO_AK8975_Run) refers to i2c_soft.o(i.IIC_Write_1Byte) for IIC_Write_1Byte
    bsp.o(i.All_Init) refers to misc.o(i.NVIC_PriorityGroupConfig) for NVIC_PriorityGroupConfig
    bsp.o(i.All_Init) refers to led.o(i.LED_Configuration) for LED_Configuration
    bsp.o(i.All_Init) refers to timer.o(i.TIM5_Configuration) for TIM5_Configuration
    bsp.o(i.All_Init) refers to timer.o(i.TIM6_Configuration) for TIM6_Configuration
    bsp.o(i.All_Init) refers to timer.o(i.TIM3_Configuration) for TIM3_Configuration
    bsp.o(i.All_Init) refers to usart.o(i.Usart2_Init) for Usart2_Init
    bsp.o(i.All_Init) refers to pwm.o(i.PWM_Configuration) for PWM_Configuration
    bsp.o(i.All_Init) refers to gpio.o(i.GPIO_Configuration) for GPIO_Configuration
    bsp.o(i.All_Init) refers to i2c_soft.o(i.I2c_Soft_Init) for I2c_Soft_Init
    bsp.o(i.All_Init) refers to timer.o(i.Delay_ms) for Delay_ms
    bsp.o(i.All_Init) refers to mpu6050.o(i.MPU6050_Init) for MPU6050_Init
    bsp.o(i.All_Init) refers to ak8975.o(i.ANO_AK8975_Run) for ANO_AK8975_Run
    bsp.o(i.All_Init) refers to lcd.o(i.LCD_Init) for LCD_Init
    bsp.o(i.All_Init) refers to lcd.o(i.LCD_Clear) for LCD_Clear
    bsp.o(i.All_Init) refers to ov7670.o(i.OV7670_Configuration) for OV7670_Configuration
    bsp.o(i.All_Init) refers to timer.o(i.InnerLoopInit) for InnerLoopInit
    bsp.o(i.All_Init) refers to timer.o(i.TIM6_Start) for TIM6_Start
    bsp.o(i.All_Init) refers to bsp.o(.bss) for MX
    bsp.o(i.All_Init) refers to pid.o(.data) for Motor_X
    bsp.o(i.All_Init) refers to ak8975.o(.data) for ak8975_ok
    bsp.o(i.All_Init) refers to ctrl.o(.data) for mode_change_flag
    bsp_flash.o(i.BSP_FLASH_Read) refers to bsp_flash.o(i.BSP_FLASH_ReadByte) for BSP_FLASH_ReadByte
    bsp_flash.o(i.BSP_FLASH_Write) refers to stm32f4xx_flash.o(i.FLASH_Unlock) for FLASH_Unlock
    bsp_flash.o(i.BSP_FLASH_Write) refers to stm32f4xx_flash.o(i.FLASH_DataCacheCmd) for FLASH_DataCacheCmd
    bsp_flash.o(i.BSP_FLASH_Write) refers to bsp_flash.o(i.BSP_FLASH_GetFlashSector) for BSP_FLASH_GetFlashSector
    bsp_flash.o(i.BSP_FLASH_Write) refers to stm32f4xx_flash.o(i.FLASH_EraseSector) for FLASH_EraseSector
    bsp_flash.o(i.BSP_FLASH_Write) refers to stm32f4xx_flash.o(i.FLASH_ProgramByte) for FLASH_ProgramByte
    bsp_flash.o(i.BSP_FLASH_Write) refers to stm32f4xx_flash.o(i.FLASH_Lock) for FLASH_Lock
    gpio.o(i.GPIO_Configuration) refers to stm32f4xx_rcc.o(i.RCC_AHB1PeriphClockCmd) for RCC_AHB1PeriphClockCmd
    gpio.o(i.GPIO_Configuration) refers to stm32f4xx_gpio.o(i.GPIO_Init) for GPIO_Init
    i2c_soft.o(i.I2c_Soft_Ask) refers to i2c_soft.o(i.I2c_Soft_delay) for I2c_Soft_delay
    i2c_soft.o(i.I2c_Soft_Init) refers to stm32f4xx_rcc.o(i.RCC_AHB1PeriphClockCmd) for RCC_AHB1PeriphClockCmd
    i2c_soft.o(i.I2c_Soft_Init) refers to stm32f4xx_gpio.o(i.GPIO_Init) for GPIO_Init
    i2c_soft.o(i.I2c_Soft_NoAsk) refers to i2c_soft.o(i.I2c_Soft_delay) for I2c_Soft_delay
[...]
    driver\timer.c                           0x00000000   Number         0  timer.o ABSOLUTE
    driver\usart.c                           0x00000000   Number         0  usart.o ABSOLUTE
    handlers.s                               0x00000000   Number         0  handlers.o ABSOLUTE
    init.s                                   0x00000000   Number         0  init.o ABSOLUTE
    libraries\STLibraries\misc.c             0x00000000   Number         0  misc.o ABSOLUTE
    libraries\STLibraries\stm32f4xx_adc.c    0x00000000   Number         0  stm32f4xx_adc.o ABSOLUTE
    libraries\STLibraries\stm32f4xx_can.c    0x00000000   Number         0  stm32f4xx_can.o ABSOLUTE
    libraries\STLibraries\stm32f4xx_crc.c    0x00000000   Number         0  stm32f4xx_crc.o ABSOLUTE
    libraries\STLibraries\stm32f4xx_cryp.c   0x00000000   Number         0  stm32f4xx_cryp.o ABSOLUTE
    libraries\STLibraries\stm32f4xx_cryp_aes.c 0x00000000   Number         0  stm32f4xx_cryp_aes.o ABSOLUTE
    libraries\STLibraries\stm32f4xx_cryp_des.c 0x00000000   Number         0  stm32f4xx_cryp_des.o ABSOLUTE
    libraries\STLibraries\stm32f4xx_cryp_tdes.c 0x00000000   Number         0  stm32f4xx_cryp_tdes.o ABSOLUTE
    libraries\STLibraries\stm32f4xx_dac.c    0x00000000   Number         0  stm32f4xx_dac.o ABSOLUTE
    libraries\STLibraries\stm32f4xx_dbgmcu.c 0x00000000   Number         0  stm32f4xx_dbgmcu.o ABSOLUTE
    libraries\STLibraries\stm32f4xx_dcmi.c   0x00000000   Number         0  stm32f4xx_dcmi.o ABSOLUTE
    libraries\STLibraries\stm32f4xx_dma.c    0x00000000   Number         0  stm32f4xx_dma.o ABSOLUTE
    libraries\STLibraries\stm32f4xx_exti.c   0x00000000   Number         0  stm32f4xx_exti.o ABSOLUTE
    libraries\STLibraries\stm32f4xx_flash.c  0x00000000   Number         0  stm32f4xx_flash.o ABSOLUTE
    libraries\STLibraries\stm32f4xx_fsmc.c   0x00000000   Number         0  stm32f4xx_fsmc.o ABSOLUTE
    libraries\STLibraries\stm32f4xx_gpio.c   0x00000000   Number         0  stm32f4xx_gpio.o ABSOLUTE
    libraries\STLibraries\stm32f4xx_hash.c   0x00000000   Number         0  stm32f4xx_hash.o ABSOLUTE
    libraries\STLibraries\stm32f4xx_hash_md5.c 0x00000000   Number         0  stm32f4xx_hash_md5.o ABSOLUTE
    libraries\STLibraries\stm32f4xx_hash_sha1.c 0x00000000   Number         0  stm32f4xx_hash_sha1.o ABSOLUTE
    libraries\STLibraries\stm32f4xx_i2c.c    0x00000000   Number         0  stm32f4xx_i2c.o ABSOLUTE
    libraries\STLibraries\stm32f4xx_iwdg.c   0x00000000   Number         0  stm32f4xx_iwdg.o ABSOLUTE
    libraries\STLibraries\stm32f4xx_pwr.c    0x00000000   Number         0  stm32f4xx_pwr.o ABSOLUTE
    libraries\STLibraries\stm32f4xx_rcc.c    0x00000000   Number         0  stm32f4xx_rcc.o ABSOLUTE
    libraries\STLibraries\stm32f4xx_rng.c    0x00000000   Number         0  stm32f4xx_rng.o ABSOLUTE
    libraries\STLibraries\stm32f4xx_rtc.c    0x00000000   Number         0  stm32f4xx_rtc.o ABSOLUTE
    libraries\STLibraries\stm32f4xx_sdio.c   0x00000000   Number         0  stm32f4xx_sdio.o ABSOLUTE
    libraries\STLibraries\stm32f4xx_spi.c    0x00000000   Number         0  stm32f4xx_spi.o ABSOLUTE
    libraries\STLibraries\stm32f4xx_syscfg.c 0x00000000   Number         0  stm32f4xx_syscfg.o ABSOLUTE
    libraries\STLibraries\stm32f4xx_tim.c    0x00000000   Number         0  stm32f4xx_tim.o ABSOLUTE
    libraries\STLibraries\stm32f4xx_usart.c  0x00000000   Number         0  stm32f4xx_usart.o ABSOLUTE
    libraries\STLibraries\stm32f4xx_wwdg.c   0x00000000   Number         0  stm32f4xx_wwdg.o ABSOLUTE
    libraries\STLibraries\system_stm32f4xx.c 0x00000000   Number         0  system_stm32f4xx.o ABSOLUTE
    libraries\\STLibraries\\misc.c           0x00000000   Number         0  misc.o ABSOLUTE
    libraries\\STLibraries\\stm32f4xx_adc.c  0x00000000   Number         0  stm32f4xx_adc.o ABSOLUTE
    libraries\\STLibraries\\stm32f4xx_can.c  0x00000000   Number         0  stm32f4xx_can.o ABSOLUTE
    libraries\\STLibraries\\stm32f4xx_crc.c  0x00000000   Number         0  stm32f4xx_crc.o ABSOLUTE
    libraries\\STLibraries\\stm32f4xx_cryp.c 0x00000000   Number         0  stm32f4xx_cryp.o ABSOLUTE
    libraries\\STLibraries\\stm32f4xx_cryp_aes.c 0x00000000   Number         0  stm32f4xx_cryp_aes.o ABSOLUTE
    libraries\\STLibraries\\stm32f4xx_cryp_des.c 0x00000000   Number         0  stm32f4xx_cryp_des.o ABSOLUTE
    libraries\\STLibraries\\stm32f4xx_cryp_tdes.c 0x00000000   Number         0  stm32f4xx_cryp_tdes.o ABSOLUTE
    libraries\\STLibraries\\stm32f4xx_dac.c  0x00000000   Number         0  stm32f4xx_dac.o ABSOLUTE
    libraries\\STLibraries\\stm32f4xx_dbgmcu.c 0x00000000   Number         0  stm32f4xx_dbgmcu.o ABSOLUTE
    libraries\\STLibraries\\stm32f4xx_dcmi.c 0x00000000   Number         0  stm32f4xx_dcmi.o ABSOLUTE
    libraries\\STLibraries\\stm32f4xx_dma.c  0x00000000   Number         0  stm32f4xx_dma.o ABSOLUTE
    libraries\\STLibraries\\stm32f4xx_exti.c 0x00000000   Number         0  stm32f4xx_exti.o ABSOLUTE
    libraries\\STLibraries\\stm32f4xx_flash.c 0x00000000   Number         0  stm32f4xx_flash.o ABSOLUTE
    libraries\\STLibraries\\stm32f4xx_fsmc.c 0x00000000   Number         0  stm32f4xx_fsmc.o ABSOLUTE
    libraries\\STLibraries\\stm32f4xx_gpio.c 0x00000000   Number         0  stm32f4xx_gpio.o ABSOLUTE
    libraries\\STLibraries\\stm32f4xx_hash.c 0x00000000   Number         0  stm32f4xx_hash.o ABSOLUTE
    libraries\\STLibraries\\stm32f4xx_hash_md5.c 0x00000000   Number         0  stm32f4xx_hash_md5.o ABSOLUTE
    libraries\\STLibraries\\stm32f4xx_hash_sha1.c 0x00000000   Number         0  stm32f4xx_hash_sha1.o ABSOLUTE
    libraries\\STLibraries\\stm32f4xx_i2c.c  0x00000000   Number         0  stm32f4xx_i2c.o ABSOLUTE
    libraries\\STLibraries\\stm32f4xx_iwdg.c 0x00000000   Number         0  stm32f4xx_iwdg.o ABSOLUTE
    libraries\\STLibraries\\stm32f4xx_pwr.c  0x00000000   Number         0  stm32f4xx_pwr.o ABSOLUTE
    libraries\\STLibraries\\stm32f4xx_rcc.c  0x00000000   Number         0  stm32f4xx_rcc.o ABSOLUTE
    libraries\\STLibraries\\stm32f4xx_rng.c  0x00000000   Number         0  stm32f4xx_rng.o ABSOLUTE
    libraries\\STLibraries\\stm32f4xx_rtc.c  0x00000000   Number         0  stm32f4xx_rtc.o ABSOLUTE
    libraries\\STLibraries\\stm32f4xx_sdio.c 0x00000000   Number         0  stm32f4xx_sdio.o ABSOLUTE
    libraries\\STLibraries\\stm32f4xx_spi.c  0x00000000   Number         0  stm32f4xx_spi.o ABSOLUTE
    libraries\\STLibraries\\stm32f4xx_syscfg.c 0x00000000   Number         0  stm32f4xx_syscfg.o ABSOLUTE
    libraries\\STLibraries\\stm32f4xx_tim.c  0x00000000   Number         0  stm32f4xx_tim.o ABSOLUTE
    libraries\\STLibraries\\stm32f4xx_usart.c 0x00000000   Number         0  stm32f4xx_usart.o ABSOLUTE
    libraries\\STLibraries\\stm32f4xx_wwdg.c 0x00000000   Number         0  stm32f4xx_wwdg.o ABSOLUTE
    libraries\\STLibraries\\system_stm32f4xx.c 0x00000000   Number         0  system_stm32f4xx.o ABSOLUTE
    users\\main.c                            0x00000000   Number         0  main.o ABSOLUTE
    users\main.c                             0x00000000   Number         0  main.o ABSOLUTE
    users\startup_stm32f40xx.s               0x00000000   Number         0  startup_stm32f40xx.o ABSOLUTE
    RESET                                    0x08000000   Section      392  startup_stm32f40xx.o(RESET)
    .ARM.Collect$$$$00000000                 0x08000188   Section        0  entry.o(.ARM.Collect$$$$00000000)
    .ARM.Collect$$$$00000001                 0x08000188   Section        4  entry2.o(.ARM.Collect$$$$00000001)
    .ARM.Collect$$$$00000004                 0x0800018c   Section        4  entry5.o(.ARM.Collect$$$$00000004)
    .ARM.Collect$$$$00000008                 0x08000190   Section        0  entry7b.o(.ARM.Collect$$$$00000008)
    .ARM.Collect$$$$0000000A                 0x08000190   Section        0  entry8b.o(.ARM.Collect$$$$0000000A)
    .ARM.Collect$$$$0000000B                 0x08000190   Section        8  entry9a.o(.ARM.Collect$$$$0000000B)
    .ARM.Collect$$$$0000000D                 0x08000198   Section        0  entry10a.o(.ARM.Collect$$$$0000000D)
    .ARM.Collect$$$$0000000F                 0x08000198   Section        0  entry11a.o(.ARM.Collect$$$$0000000F)
    .ARM.Collect$$$$00002712                 0x08000198   Section        4  entry2.o(.ARM.Collect$$$$00002712)
    __lit__00000000                          0x08000198   Data           4  entry2.o(.ARM.Collect$$$$00002712)
    .text                                    0x0800019c   Section       36  startup_stm32f40xx.o(.text)
    $v0                                      0x0800019c   Number         0  startup_stm32f40xx.o(.text)
    .text                                    0x080001c0   Section        0  memseta.o(.text)
    .text                                    0x080001e4   Section        0  dadd.o(.text)
    .text                                    0x08000332   Section        0  dmul.o(.text)
    .text                                    0x08000416   Section        0  dflti.o(.text)
    .text                                    0x08000438   Section        0  f2d.o(.text)
    .text                                    0x0800045e   Section        0  d2f.o(.text)
    .text                                    0x08000496   Section        0  llshl.o(.text)
    .text                                    0x080004b4   Section        0  llsshr.o(.text)
    .text                                    0x080004d8   Section        0  iusefp.o(.text)
    .text                                    0x080004d8   Section        0  fepilogue.o(.text)
    .text                                    0x08000546   Section        0  depilogue.o(.text)
    .text                                    0x08000600   Section        0  ddiv.o(.text)
    .text                                    0x080006e0   Section       36  init.o(.text)
    .text                                    0x08000704   Section        0  llushr.o(.text)
    .text                                    0x08000724   Section        0  dsqrt.o(.text)
    .text                                    0x080007c6   Section        0  __dczerorl2.o(.text)
    i.ANO_AK8975_CalOffset_Mag               0x0800081c   Section        0  ak8975.o(i.ANO_AK8975_CalOffset_Mag)
    i.ANO_AK8975_Read                        0x08000b1c   Section        0  ak8975.o(i.ANO_AK8975_Read)
    i.ANO_AK8975_Read_Mag_Data               0x08000b24   Section        0  ak8975.o(i.ANO_AK8975_Read_Mag_Data)
    i.ANO_AK8975_Run                         0x08000c20   Section        0  ak8975.o(i.ANO_AK8975_Run)
    i.ANO_DT_Send_Check                      0x08000c30   Section        0  datatransfer.o(i.ANO_DT_Send_Check)
    i.ANO_DT_Send_Senser                     0x08000c78   Section        0  datatransfer.o(i.ANO_DT_Send_Senser)
    i.ANO_DT_Send_Status                     0x08000e14   Section        0  datatransfer.o(i.ANO_DT_Send_Status)
    i.All_Init                               0x08000f6c   Section        0  bsp.o(i.All_Init)
    i.ControlLoop                            0x08001008   Section        0  controltask.o(i.ControlLoop)
    i.DCMI_CaptureCmd                        0x08001080   Section        0  stm32f4xx_dcmi.o(i.DCMI_CaptureCmd)
    i.DCMI_ClearITPendingBit                 0x080010a4   Section        0  stm32f4xx_dcmi.o(i.DCMI_ClearITPendingBit)
    i.DCMI_Cmd                               0x080010b0   Section        0  stm32f4xx_dcmi.o(i.DCMI_Cmd)
    i.DCMI_GetITStatus                       0x080010d4   Section        0  stm32f4xx_dcmi.o(i.DCMI_GetITStatus)
    i.DCMI_IRQHandler                        0x080010f0   Section        0  ov7670.o(i.DCMI_IRQHandler)
    i.DCMI_ITConfig                          0x08001110   Section        0  stm32f4xx_dcmi.o(i.DCMI_ITConfig)
    i.DCMI_Init                              0x08001134   Section        0  stm32f4xx_dcmi.o(i.DCMI_Init)
    i.DMA_ClearFlag                          0x08001174   Section        0  stm32f4xx_dma.o(i.DMA_ClearFlag)
    i.DMA_Cmd                                0x080011a8   Section        0  stm32f4xx_dma.o(i.DMA_Cmd)
    i.DMA_DeInit                             0x080011c0   Section        0  stm32f4xx_dma.o(i.DMA_DeInit)
    i.DMA_GetCmdStatus                       0x08001318   Section        0  stm32f4xx_dma.o(i.DMA_GetCmdStatus)
    i.DMA_GetCurrDataCounter                 0x0800132c   Section        0  stm32f4xx_dma.o(i.DMA_GetCurrDataCounter)
    i.DMA_Init                               0x08001334   Section        0  stm32f4xx_dma.o(i.DMA_Init)
    i.DataTransferTask                       0x0800138c   Section        0  datatransfer.o(i.DataTransferTask)
    i.Data_Receive_Anl                       0x080014ac   Section        0  datatransfer.o(i.Data_Receive_Anl)
    i.Delay_ms                               0x080017b8   Section        0  timer.o(i.Delay_ms)
    i.Delay_us                               0x080017d0   Section        0  timer.o(i.Delay_us)
    i.FSMC_NORSRAMCmd                        0x080017e8   Section        0  stm32f4xx_fsmc.o(i.FSMC_NORSRAMCmd)
    i.FSMC_NORSRAMInit                       0x0800181c   Section        0  stm32f4xx_fsmc.o(i.FSMC_NORSRAMInit)
    i.GPIO_Configuration                     0x08001904   Section        0  gpio.o(i.GPIO_Configuration)
    i.GPIO_Init                              0x08001950   Section        0  stm32f4xx_gpio.o(i.GPIO_Init)
    i.GPIO_PinAFConfig                       0x080019e0   Section        0  stm32f4xx_gpio.o(i.GPIO_PinAFConfig)
    i.GPIO_ResetBits                         0x08001a26   Section        0  stm32f4xx_gpio.o(i.GPIO_ResetBits)
    i.GPIO_SetBits                           0x08001a2a   Section        0  stm32f4xx_gpio.o(i.GPIO_SetBits)
    i.GPIO_ToggleBits                        0x08001a2e   Section        0  stm32f4xx_gpio.o(i.GPIO_ToggleBits)
    i.GetInnerLoop                           0x08001a38   Section        0  timer.o(i.GetInnerLoop)
    i.I2c_Soft_Ask                           0x08001a6c   Section        0  i2c_soft.o(i.I2c_Soft_Ask)
    i.I2c_Soft_Init                          0x08001aa4   Section        0  i2c_soft.o(i.I2c_Soft_Init)
    i.I2c_Soft_NoAsk                         0x08001ad8   Section        0  i2c_soft.o(i.I2c_Soft_NoAsk)
    i.I2c_Soft_ReadByte                      0x08001b10   Section        0  i2c_soft.o(i.I2c_Soft_ReadByte)
    i.I2c_Soft_SendByte                      0x08001b70   Section        0  i2c_soft.o(i.I2c_Soft_SendByte)
    i.I2c_Soft_Start                         0x08001bc8   Section        0  i2c_soft.o(i.I2c_Soft_Start)
    i.I2c_Soft_Stop                          0x08001c20   Section        0  i2c_soft.o(i.I2c_Soft_Stop)
    i.I2c_Soft_WaitAsk                       0x08001c58   Section        0  i2c_soft.o(i.I2c_Soft_WaitAsk)
    i.I2c_Soft_delay                         0x08001cb4   Section        0  i2c_soft.o(i.I2c_Soft_delay)
    i.IIC_Read_1Byte                         0x08001ce4   Section        0  i2c_soft.o(i.IIC_Read_1Byte)
    i.IIC_Read_nByte                         0x08001d34   Section        0  i2c_soft.o(i.IIC_Read_nByte)
    i.IIC_Write_1Byte                        0x08001da0   Section        0  i2c_soft.o(i.IIC_Write_1Byte)
    i.IICwriteBit                            0x08001de0   Section        0  mpu6050.o(i.IICwriteBit)
    i.IICwriteBits                           0x08001e34   Section        0  mpu6050.o(i.IICwriteBits)
    i.IMUupdate                              0x08001e9c   Section        0  imu.o(i.IMUupdate)
    i.InnerLoopInit                          0x080028d4   Section        0  timer.o(i.InnerLoopInit)
    i.LCD_AUTOScan_Dir                       0x080028ec   Section        0  lcd.o(i.LCD_AUTOScan_Dir)
    i.LCD_Clear                              0x08002a68   Section        0  lcd.o(i.LCD_Clear)
    i.LCD_Display_Dir                        0x08002aa4   Section        0  lcd.o(i.LCD_Display_Dir)
    i.LCD_FSMC_Config                        0x08002b5c   Section        0  lcd.o(i.LCD_FSMC_Config)
    i.LCD_Init                               0x08002d8c   Section        0  lcd.o(i.LCD_Init)
    i.LCD_ReadReg                            0x0800342c   Section        0  lcd.o(i.LCD_ReadReg)
    i.LCD_SetCursor                          0x08003448   Section        0  lcd.o(i.LCD_SetCursor)
    i.LCD_WriteRAM_Prepare                   0x080034c4   Section        0  lcd.o(i.LCD_WriteRAM_Prepare)
    i.LCD_WriteReg                           0x080034d4   Section        0  lcd.o(i.LCD_WriteReg)
    i.LED_Configuration                      0x080034e4   Section        0  led.o(i.LED_Configuration)
    i.MPU6050_Data_Offset                    0x08003520   Section        0  mpu6050.o(i.MPU6050_Data_Offset)
    i.MPU6050_Data_Prepare                   0x08003770   Section        0  mpu6050.o(i.MPU6050_Data_Prepare)
    i.MPU6050_INT_Config                     0x08003c08   Section        0  mpu6050.o(i.MPU6050_INT_Config)
    i.MPU6050_Init                           0x08003c44   Section        0  mpu6050.o(i.MPU6050_Init)
    i.MPU6050_Read                           0x08003cfc   Section        0  mpu6050.o(i.MPU6050_Read)
    i.MPU6050_setClockSource                 0x08003d1c   Section        0  mpu6050.o(i.MPU6050_setClockSource)
    i.MPU6050_setDLPF                        0x08003d30   Section        0  mpu6050.o(i.MPU6050_setDLPF)
    i.MPU6050_setFullScaleAccelRange         0x08003d44   Section        0  mpu6050.o(i.MPU6050_setFullScaleAccelRange)
    i.MPU6050_setFullScaleGyroRange          0x08003d68   Section        0  mpu6050.o(i.MPU6050_setFullScaleGyroRange)
    i.MPU6050_setI2CBypassEnabled            0x08003d8c   Section        0  mpu6050.o(i.MPU6050_setI2CBypassEnabled)
    i.MPU6050_setI2CMasterModeEnabled        0x08003d9e   Section        0  mpu6050.o(i.MPU6050_setI2CMasterModeEnabled)
    i.MPU6050_setSleepEnabled                0x08003db0   Section        0  mpu6050.o(i.MPU6050_setSleepEnabled)
    i.MPU6050_set_SMPLRT_DIV                 0x08003dc2   Section        0  mpu6050.o(i.MPU6050_set_SMPLRT_DIV)
    i.NVIC_Init                              0x08003de0   Section        0  misc.o(i.NVIC_Init)
    i.NVIC_PriorityGroupConfig               0x08003e58   Section        0  misc.o(i.NVIC_PriorityGroupConfig)
    i.OV7670_Configuration                   0x08003e6c   Section        0  ov7670.o(i.OV7670_Configuration)
    i.OV_Reset                               0x080040f0   Section        0  sccb.o(i.OV_Reset)
    i.OV_WriteReg                            0x080040fc   Section        0  sccb.o(i.OV_WriteReg)
    i.PWM_Configuration                      0x0800414c   Section        0  pwm.o(i.PWM_Configuration)
    i.RCC_AHB1PeriphClockCmd                 0x08004264   Section        0  stm32f4xx_rcc.o(i.RCC_AHB1PeriphClockCmd)
    i.RCC_AHB2PeriphClockCmd                 0x08004284   Section        0  stm32f4xx_rcc.o(i.RCC_AHB2PeriphClockCmd)
    i.RCC_AHB3PeriphClockCmd                 0x080042a4   Section        0  stm32f4xx_rcc.o(i.RCC_AHB3PeriphClockCmd)
    i.RCC_APB1PeriphClockCmd                 0x080042c4   Section        0  stm32f4xx_rcc.o(i.RCC_APB1PeriphClockCmd)
    i.RCC_GetClocksFreq                      0x080042e4   Section        0  stm32f4xx_rcc.o(i.RCC_GetClocksFreq)
    i.RCC_MCO1Config                         0x080043cc   Section        0  stm32f4xx_rcc.o(i.RCC_MCO1Config)
    i.SCCB_Configuration                     0x080043e8   Section        0  sccb.o(i.SCCB_Configuration)
    i.SCCB_Start                             0x08004434   Section        0  sccb.o(i.SCCB_Start)
    i.SCCB_Stop                              0x08004474   Section        0  sccb.o(i.SCCB_Stop)
    i.SCCB_Write                             0x080044a8   Section        0  sccb.o(i.SCCB_Write)
    i.SetSysClock                            0x08004560   Section        0  system_stm32f4xx.o(i.SetSysClock)
    SetSysClock                              0x08004561   Thumb Code   220  system_stm32f4xx.o(i.SetSysClock)
    i.SystemInit                             0x0800464c   Section        0  system_stm32f4xx.o(i.SystemInit)
    i.TIM3_Configuration                     0x080046b4   Section        0  timer.o(i.TIM3_Configuration)
    i.TIM3_IRQHandler                        0x0800471c   Section        0  timer.o(i.TIM3_IRQHandler)
    i.TIM5_Configuration                     0x0800482c   Section        0  timer.o(i.TIM5_Configuration)
    i.TIM5_IRQHandler                        0x0800486c   Section        0  timer.o(i.TIM5_IRQHandler)
    i.TIM6_Configuration                     0x08004890   Section        0  timer.o(i.TIM6_Configuration)
    i.TIM6_DAC_IRQHandler                    0x080048dc   Section        0  timer.o(i.TIM6_DAC_IRQHandler)
    i.TIM6_Start                             0x08004904   Section        0  timer.o(i.TIM6_Start)
    i.TIM_ARRPreloadConfig                   0x08004928   Section        0  stm32f4xx_tim.o(i.TIM_ARRPreloadConfig)
    i.TIM_ClearFlag                          0x08004940   Section        0  stm32f4xx_tim.o(i.TIM_ClearFlag)
    i.TIM_ClearITPendingBit                  0x08004946   Section        0  stm32f4xx_tim.o(i.TIM_ClearITPendingBit)
    i.TIM_Cmd                                0x0800494c   Section        0  stm32f4xx_tim.o(i.TIM_Cmd)
    i.TIM_CtrlPWMOutputs                     0x08004964   Section        0  stm32f4xx_tim.o(i.TIM_CtrlPWMOutputs)
    i.TIM_GetITStatus                        0x08004982   Section        0  stm32f4xx_tim.o(i.TIM_GetITStatus)
    i.TIM_ITConfig                           0x080049a4   Section        0  stm32f4xx_tim.o(i.TIM_ITConfig)
    i.TIM_OC1Init                            0x080049b8   Section        0  stm32f4xx_tim.o(i.TIM_OC1Init)
    i.TIM_OC2Init                            0x08004a34   Section        0  stm32f4xx_tim.o(i.TIM_OC2Init)
    i.TIM_OC3Init                            0x08004ad8   Section        0  stm32f4xx_tim.o(i.TIM_OC3Init)
    i.TIM_OC4Init                            0x08004b78   Section        0  stm32f4xx_tim.o(i.TIM_OC4Init)
    i.TIM_OCStructInit                       0x08004bf0   Section        0  stm32f4xx_tim.o(i.TIM_OCStructInit)
    i.TIM_TimeBaseInit                       0x08004c04   Section        0  stm32f4xx_tim.o(i.TIM_TimeBaseInit)
    i.TIM_TimeBaseStructInit                 0x08004c88   Section        0  stm32f4xx_tim.o(i.TIM_TimeBaseStructInit)
    i.Task_10ms                              0x08004c9a   Section        0  controltask.o(i.Task_10ms)
    Task_10ms                                0x08004c9b   Thumb Code     8  controltask.o(i.Task_10ms)
    i.Task_20ms                              0x08004ca4   Section        0  controltask.o(i.Task_20ms)
    Task_20ms                                0x08004ca5   Thumb Code    30  controltask.o(i.Task_20ms)
    i.Task_2ms                               0x08004cc8   Section        0  controltask.o(i.Task_2ms)
    Task_2ms                                 0x08004cc9   Thumb Code   122  controltask.o(i.Task_2ms)
    i.Task_50ms                              0x08004d58   Section        0  controltask.o(i.Task_50ms)
    Task_50ms                                0x08004d59   Thumb Code     2  controltask.o(i.Task_50ms)
    i.Task_5ms                               0x08004d5a   Section        0  controltask.o(i.Task_5ms)
    Task_5ms                                 0x08004d5b   Thumb Code     2  controltask.o(i.Task_5ms)
    i.To_180_degrees                         0x08004d5c   Section        0  mymath.o(i.To_180_degrees)
    i.Transform                              0x08004da4   Section        0  mpu6050.o(i.Transform)
    i.USART1_IRQHandler                      0x08004db4   Section        0  usart.o(i.USART1_IRQHandler)
    i.USART2_IRQHandler                      0x08004de0   Section        0  usart.o(i.USART2_IRQHandler)
    i.USART_ClearITPendingBit                0x08004e20   Section        0  stm32f4xx_usart.o(i.USART_ClearITPendingBit)
    i.USART_ClockInit                        0x08004e3e   Section        0  stm32f4xx_usart.o(i.USART_ClockInit)
    i.USART_Cmd                              0x08004e5e   Section        0  stm32f4xx_usart.o(i.USART_Cmd)
    i.USART_DMACmd                           0x08004e76   Section        0  stm32f4xx_usart.o(i.USART_DMACmd)
    i.USART_GetITStatus                      0x08004e88   Section        0  stm32f4xx_usart.o(i.USART_GetITStatus)
    i.USART_ITConfig                         0x08004edc   Section        0  stm32f4xx_usart.o(i.USART_ITConfig)
    i.USART_Init                             0x08004f28   Section        0  stm32f4xx_usart.o(i.USART_Init)
    i.Usart1_DataPrepare                     0x08004ffc   Section        0  datatransfer.o(i.Usart1_DataPrepare)
    i.Usart2_DataPrepare                     0x08005000   Section        0  datatransfer.o(i.Usart2_DataPrepare)
    i.Usart2_Init                            0x080050e8   Section        0  usart.o(i.Usart2_Init)
    i.Usart2_Send                            0x08005244   Section        0  usart.o(i.Usart2_Send)
    i.__ARM_fpclassify                       0x0800530c   Section        0  fpclassify.o(i.__ARM_fpclassify)
    i.__hardfp_asin                          0x08005340   Section        0  asin.o(i.__hardfp_asin)
    i.__kernel_poly                          0x080056a0   Section        0  poly.o(i.__kernel_poly)
    i.__mathlib_dbl_infnan                   0x08005798   Section        0  dunder.o(i.__mathlib_dbl_infnan)
    i.__mathlib_dbl_invalid                  0x080057b0   Section        0  dunder.o(i.__mathlib_dbl_invalid)
    i.__mathlib_dbl_underflow                0x080057d0   Section        0  dunder.o(i.__mathlib_dbl_underflow)
    i.__scatterload_copy                     0x080057f0   Section       14  handlers.o(i.__scatterload_copy)
    i.__scatterload_null                     0x080057fe   Section        2  handlers.o(i.__scatterload_null)
    i.__scatterload_zeroinit                 0x08005800   Section       14  handlers.o(i.__scatterload_zeroinit)
    i.__set_errno                            0x08005810   Section        0  errno.o(i.__set_errno)
    i.fabs                                   0x0800581c   Section        0  fabs.o(i.fabs)
    i.fast_atan2                             0x08005834   Section        0  mymath.o(i.fast_atan2)
    i.main                                   0x080059b0   Section        0  main.o(i.main)
    i.my_Configuration                       0x080059b8   Section        0  ov7670.o(i.my_Configuration)
    my_Configuration                         0x080059b9   Thumb Code    12  ov7670.o(i.my_Configuration)
    i.my_abs                                 0x080059c4   Section        0  mymath.o(i.my_abs)
    i.my_sqrt                                0x080059e0   Section        0  mymath.o(i.my_sqrt)
    i.simple_3d_trans                        0x08005a3c   Section        0  imu.o(i.simple_3d_trans)
    i.sqrt                                   0x08005b38   Section        0  sqrt.o(i.sqrt)
    .constdata                               0x08005ba6   Section      334  ov7670.o(.constdata)
    OV7670_reg                               0x08005ba6   Data         334  ov7670.o(.constdata)
    .constdata                               0x08005cf8   Section       80  asin.o(.constdata)
    pS                                       0x08005cf8   Data          48  asin.o(.constdata)
    qS                                       0x08005d28   Data          32  asin.o(.constdata)
    .data                                    0x20000000   Section       74  ak8975.o(.data)
    MagMAX                                   0x20000030   Data          12  ak8975.o(.data)
    MagMIN                                   0x2000003c   Data          12  ak8975.o(.data)
    cnt_m                                    0x20000048   Data           2  ak8975.o(.data)
    .data                                    0x2000004a   Section        1  i2c_soft.o(.data)
    .data                                    0x2000004c   Section       28  mpu6050.o(.data)
    .data                                    0x20000068   Section        8  timer.o(.data)
    Time_Ms                                  0x20000068   Data           4  timer.o(.data)
    Time_Last                                0x2000006c   Data           4  timer.o(.data)
    .data                                    0x20000070   Section       15  usart.o(.data)
    num                                      0x20000074   Data           2  usart.o(.data)
    len                                      0x20000076   Data           1  usart.o(.data)
    num                                      0x20000078   Data           2  usart.o(.data)
    len                                      0x2000007a   Data           1  usart.o(.data)
    num                                      0x2000007c   Data           2  usart.o(.data)
    len                                      0x2000007e   Data           1  usart.o(.data)
    .data                                    0x20000080   Section       18  lcd.o(.data)
    .data                                    0x20000094   Section        4  controltask.o(.data)
    SystemTimeMs                             0x20000094   Data           4  controltask.o(.data)
    .data                                    0x20000098   Section       20  datatransfer.o(.data)
    _data_len                                0x200000a9   Data           1  datatransfer.o(.data)
    _data_cnt                                0x200000aa   Data           1  datatransfer.o(.data)
    state                                    0x200000ab   Data           1  datatransfer.o(.data)
    .data                                    0x200000ac   Section       68  imu.o(.data)
    pn                                       0x200000dd   Data           1  imu.o(.data)
    h_tmp_x                                  0x200000e0   Data           4  imu.o(.data)
    h_tmp_y                                  0x200000e4   Data           4  imu.o(.data)
    yaw_correct                              0x200000e8   Data           4  imu.o(.data)
    yaw_mag                                  0x200000ec   Data           4  imu.o(.data)
    .data                                    0x200000f0   Section     1028  mymath.o(.data)
    .data                                    0x200004f4   Section        8  pid.o(.data)
    .data                                    0x200004fc   Section        8  ctrl.o(.data)
    .data                                    0x20000504   Section       16  stm32f4xx_rcc.o(.data)
    APBAHBPrescTable                         0x20000504   Data          16  stm32f4xx_rcc.o(.data)
    .data                                    0x20000514   Section        4  errno.o(.data)
    _errno                                   0x20000514   Data           4  errno.o(.data)
    .bss                                     0x20000518   Section       12  ak8975.o(.bss)
    MagSum                                   0x20000518   Data          12  ak8975.o(.bss)
    .bss                                     0x20000524   Section       80  bsp.o(.bss)
    .bss                                     0x20000574   Section      448  mpu6050.o(.bss)
    .bss                                     0x20000734   Section      160  timer.o(.bss)
    Time                                     0x20000734   Data         160  timer.o(.bss)
    .bss                                     0x200007d4   Section     1536  usart.o(.bss)
    .bss                                     0x20000dd4   Section      100  datatransfer.o(.bss)
    RxBuffer                                 0x20000e06   Data          50  datatransfer.o(.bss)
    .bss                                     0x20000e38   Section      132  imu.o(.bss)
    mag_tmp                                  0x20000eb0   Data          12  imu.o(.bss)
    STACK                                    0x20000ec0   Section     1024  startup_stm32f40xx.o(STACK)

    Global Symbols

    Symbol Name                              Value     Ov Type        Size  Object(Section)

    BuildAttributes$$THM_ISAv4$E$P$D$K$B$S$7EM$VFPi3$EXTD16$VFPS$VFMA$PE$A:L22UL41UL21$X:L11$S22US41US21$IEEE1$IW$USESV6$~STKCKD$USESV7$~SHL$OTIME$ROPI$IEEEX$EBA8$MICROLIB$REQ8$PRES8$EABIv2 0x00000000   Number         0  anon$$obj.o ABSOLUTE
    __ARM_use_no_argv                        0x00000000   Number         0  main.o ABSOLUTE
    __cpp_initialize__aeabi_                  - Undefined Weak Reference
    __cxa_finalize                            - Undefined Weak Reference
    _clock_init                               - Undefined Weak Reference
    _microlib_exit                            - Undefined Weak Reference
    __Vectors_Size                           0x00000188   Number         0  startup_stm32f40xx.o ABSOLUTE
    __Vectors                                0x08000000   Data           4  startup_stm32f40xx.o(RESET)
    __Vectors_End                            0x08000188   Data           0  startup_stm32f40xx.o(RESET)
    __main                                   0x08000189   Thumb Code     0  entry.o(.ARM.Collect$$$$00000000)
    _main_stk                                0x08000189   Thumb Code     0  entry2.o(.ARM.Collect$$$$00000001)
    _main_scatterload                        0x0800018d   Thumb Code     0  entry5.o(.ARM.Collect$$$$00000004)
    __main_after_scatterload                 0x08000191   Thumb Code     0  entry5.o(.ARM.Collect$$$$00000004)
    _main_clock                              0x08000191   Thumb Code     0  entry7b.o(.ARM.Collect$$$$00000008)
    _main_cpp_init                           0x08000191   Thumb Code     0  entry8b.o(.ARM.Collect$$$$0000000A)
    _main_init                               0x08000191   Thumb Code     0  entry9a.o(.ARM.Collect$$$$0000000B)
    __rt_final_cpp                           0x08000199   Thumb Code     0  entry10a.o(.ARM.Collect$$$$0000000D)
    __rt_final_exit                          0x08000199   Thumb Code     0  entry11a.o(.ARM.Collect$$$$0000000F)
    Reset_Handler                            0x0800019d   Thumb Code     8  startup_stm32f40xx.o(.text)
    NMI_Handler                              0x080001a5   Thumb Code     2  startup_stm32f40xx.o(.text)
    HardFault_Handler                        0x080001a7   Thumb Code     2  startup_stm32f40xx.o(.text)
    MemManage_Handler                        0x080001a9   Thumb Code     2  startup_stm32f40xx.o(.text)
    BusFault_Handler                         0x080001ab   Thumb Code     2  startup_stm32f40xx.o(.text)
    UsageFault_Handler                       0x080001ad   Thumb Code     2  startup_stm32f40xx.o(.text)
    SVC_Handler                              0x080001af   Thumb Code     2  startup_stm32f40xx.o(.text)
    DebugMon_Handler                         0x080001b1   Thumb Code     2  startup_stm32f40xx.o(.text)
    PendSV_Handler                           0x080001b3   Thumb Code     2  startup_stm32f40xx.o(.text)
    SysTick_Handler                          0x080001b5   Thumb Code     2  startup_stm32f40xx.o(.text)
    ADC_IRQHandler                           0x080001b7   Thumb Code     0  startup_stm32f40xx.o(.text)
    CAN1_RX0_IRQHandler                      0x080001b7   Thumb Code     0  startup_stm32f40xx.o(.text)
    CAN1_RX1_IRQHandler                      0x080001b7   Thumb Code     0  startup_stm32f40xx.o(.text)
    CAN1_SCE_IRQHandler                      0x080001b7   Thumb Code     0  startup_stm32f40xx.o(.text)
    CAN1_TX_IRQHandler                       0x080001b7   Thumb Code     0  startup_stm32f40xx.o(.text)
    CAN2_RX0_IRQHandler                      0x080001b7   Thumb Code     0  startup_stm32f40xx.o(.text)
    CAN2_RX1_IRQHandler                      0x080001b7   Thumb Code     0  startup_stm32f40xx.o(.text)
    CAN2_SCE_IRQHandler                      0x080001b7   Thumb Code     0  startup_stm32f40xx.o(.text)
    CAN2_TX_IRQHandler                       0x080001b7   Thumb Code     0  startup_stm32f40xx.o(.text)
    CRYP_IRQHandler                          0x080001b7   Thumb Code     0  startup_stm32f40xx.o(.text)
    DMA1_Stream0_IRQHandler                  0x080001b7   Thumb Code     0  startup_stm32f40xx.o(.text)
    DMA1_Stream1_IRQHandler                  0x080001b7   Thumb Code     0  startup_stm32f40xx.o(.text)
    DMA1_Stream2_IRQHandler                  0x080001b7   Thumb Code     0  startup_stm32f40xx.o(.text)
    DMA1_Stream3_IRQHandler                  0x080001b7   Thumb Code     0  startup_stm32f40xx.o(.text)
    DMA1_Stream4_IRQHandler                  0x080001b7   Thumb Code     0  startup_stm32f40xx.o(.text)
    DMA1_Stream5_IRQHandler                  0x080001b7   Thumb Code     0  startup_stm32f40xx.o(.text)
    DMA1_Stream6_IRQHandler                  0x080001b7   Thumb Code     0  startup_stm32f40xx.o(.text)
    DMA1_Stream7_IRQHandler                  0x080001b7   Thumb Code     0  startup_stm32f40xx.o(.text)
    DMA2_Stream0_IRQHandler                  0x080001b7   Thumb Code     0  startup_stm32f40xx.o(.text)
    DMA2_Stream1_IRQHandler                  0x080001b7   Thumb Code     0  startup_stm32f40xx.o(.text)
    DMA2_Stream2_IRQHandler                  0x080001b7   Thumb Code     0  startup_stm32f40xx.o(.text)
    DMA2_Stream3_IRQHandler                  0x080001b7   Thumb Code     0  startup_stm32f40xx.o(.text)
    DMA2_Stream4_IRQHandler                  0x080001b7   Thumb Code     0  startup_stm32f40xx.o(.text)
    DMA2_Stream5_IRQHandler                  0x080001b7   Thumb Code     0  startup_stm32f40xx.o(.text)
    DMA2_Stream6_IRQHandler                  0x080001b7   Thumb Code     0  startup_stm32f40xx.o(.text)
    DMA2_Stream7_IRQHandler                  0x080001b7   Thumb Code     0  startup_stm32f40xx.o(.text)
    ETH_IRQHandler                           0x080001b7   Thumb Code     0  startup_stm32f40xx.o(.text)
    ETH_WKUP_IRQHandler                      0x080001b7   Thumb Code     0  startup_stm32f40xx.o(.text)
    EXTI0_IRQHandler                         0x080001b7   Thumb Code     0  startup_stm32f40xx.o(.text)
    EXTI15_10_IRQHandler                     0x080001b7   Thumb Code     0  startup_stm32f40xx.o(.text)
    EXTI1_IRQHandler                         0x080001b7   Thumb Code     0  startup_stm32f40xx.o(.text)
    EXTI2_IRQHandler                         0x080001b7   Thumb Code     0  startup_stm32f40xx.o(.text)
    EXTI3_IRQHandler                         0x080001b7   Thumb Code     0  startup_stm32f40xx.o(.text)
    EXTI4_IRQHandler                         0x080001b7   Thumb Code     0  startup_stm32f40xx.o(.text)
    EXTI9_5_IRQHandler                       0x080001b7   Thumb Code     0  startup_stm32f40xx.o(.text)
    FLASH_IRQHandler                         0x080001b7   Thumb Code     0  startup_stm32f40xx.o(.text)
    FPU_IRQHandler                           0x080001b7   Thumb Code     0  startup_stm32f40xx.o(.text)
    FSMC_IRQHandler                          0x080001b7   Thumb Code     0  startup_stm32f40xx.o(.text)
    HASH_RNG_IRQHandler                      0x080001b7   Thumb Code     0  startup_stm32f40xx.o(.text)
    I2C1_ER_IRQHandler                       0x080001b7   Thumb Code     0  startup_stm32f40xx.o(.text)
    I2C1_EV_IRQHandler                       0x080001b7   Thumb Code     0  startup_stm32f40xx.o(.text)
    I2C2_ER_IRQHandler                       0x080001b7   Thumb Code     0  startup_stm32f40xx.o(.text)
    I2C2_EV_IRQHandler                       0x080001b7   Thumb Code     0  startup_stm32f40xx.o(.text)
    I2C3_ER_IRQHandler                       0x080001b7   Thumb Code     0  startup_stm32f40xx.o(.text)
    I2C3_EV_IRQHandler                       0x080001b7   Thumb Code     0  startup_stm32f40xx.o(.text)
    OTG_FS_IRQHandler                        0x080001b7   Thumb Code     0  startup_stm32f40xx.o(.text)
    OTG_FS_WKUP_IRQHandler                   0x080001b7   Thumb Code     0  startup_stm32f40xx.o(.text)
    OTG_HS_EP1_IN_IRQHandler                 0x080001b7   Thumb Code     0  startup_stm32f40xx.o(.text)
    OTG_HS_EP1_OUT_IRQHandler                0x080001b7   Thumb Code     0  startup_stm32f40xx.o(.text)
    OTG_HS_IRQHandler                        0x080001b7   Thumb Code     0  startup_stm32f40xx.o(.text)
    OTG_HS_WKUP_IRQHandler                   0x080001b7   Thumb Code     0  startup_stm32f40xx.o(.text)
    PVD_IRQHandler                           0x080001b7   Thumb Code     0  startup_stm32f40xx.o(.text)
    RCC_IRQHandler                           0x080001b7   Thumb Code     0  startup_stm32f40xx.o(.text)
    RTC_Alarm_IRQHandler                     0x080001b7   Thumb Code     0  startup_stm32f40xx.o(.text)
    RTC_WKUP_IRQHandler                      0x080001b7   Thumb Code     0  startup_stm32f40xx.o(.text)
    SDIO_IRQHandler                          0x080001b7   Thumb Code     0  startup_stm32f40xx.o(.text)
    SPI1_IRQHandler                          0x080001b7   Thumb Code     0  startup_stm32f40xx.o(.text)
    SPI2_IRQHandler                          0x080001b7   Thumb Code     0  startup_stm32f40xx.o(.text)
    SPI3_IRQHandler                          0x080001b7   Thumb Code     0  startup_stm32f40xx.o(.text)
    TAMP_STAMP_IRQHandler                    0x080001b7   Thumb Code     0  startup_stm32f40xx.o(.text)
    TIM1_BRK_TIM9_IRQHandler                 0x080001b7   Thumb Code     0  startup_stm32f40xx.o(.text)
    TIM1_CC_IRQHandler                       0x080001b7   Thumb Code     0  startup_stm32f40xx.o(.text)
    TIM1_TRG_COM_TIM11_IRQHandler            0x080001b7   Thumb Code     0  startup_stm32f40xx.o(.text)
    TIM1_UP_TIM10_IRQHandler                 0x080001b7   Thumb Code     0  startup_stm32f40xx.o(.text)
    TIM2_IRQHandler                          0x080001b7   Thumb Code     0  startup_stm32f40xx.o(.text)
    TIM4_IRQHandler                          0x080001b7   Thumb Code     0  startup_stm32f40xx.o(.text)
    TIM7_IRQHandler                          0x080001b7   Thumb Code     0  startup_stm32f40xx.o(.text)
    TIM8_BRK_TIM12_IRQHandler                0x080001b7   Thumb Code     0  startup_stm32f40xx.o(.text)
    TIM8_CC_IRQHandler                       0x080001b7   Thumb Code     0  startup_stm32f40xx.o(.text)
    TIM8_TRG_COM_TIM14_IRQHandler            0x080001b7   Thumb Code     0  startup_stm32f40xx.o(.text)
    TIM8_UP_TIM13_IRQHandler                 0x080001b7   Thumb Code     0  startup_stm32f40xx.o(.text)
    UART4_IRQHandler                         0x080001b7   Thumb Code     0  startup_stm32f40xx.o(.text)
    UART5_IRQHandler                         0x080001b7   Thumb Code     0  startup_stm32f40xx.o(.text)
    USART3_IRQHandler                        0x080001b7   Thumb Code     0  startup_stm32f40xx.o(.text)
    USART6_IRQHandler                        0x080001b7   Thumb Code     0  startup_stm32f40xx.o(.text)
    WWDG_IRQHandler                          0x080001b7   Thumb Code     0  startup_stm32f40xx.o(.text)
    __aeabi_memset                           0x080001c1   Thumb Code    14  memseta.o(.text)
    __aeabi_memset4                          0x080001c1   Thumb Code     0  memseta.o(.text)
    __aeabi_memset8                          0x080001c1   Thumb Code     0  memseta.o(.text)
    __aeabi_memclr                           0x080001cf   Thumb Code     4  memseta.o(.text)
    __aeabi_memclr4                          0x080001cf   Thumb Code     0  memseta.o(.text)
    __aeabi_memclr8                          0x080001cf   Thumb Code     0  memseta.o(.text)
    _memset$wrapper                          0x080001d3   Thumb Code    18  memseta.o(.text)
    __aeabi_dadd                             0x080001e5   Thumb Code   322  dadd.o(.text)
    __aeabi_dsub                             0x08000327   Thumb Code     6  dadd.o(.text)
    __aeabi_drsub                            0x0800032d   Thumb Code     6  dadd.o(.text)
    __aeabi_dmul                             0x08000333   Thumb Code   228  dmul.o(.text)
    __aeabi_i2d                              0x08000417   Thumb Code    34  dflti.o(.text)
    __aeabi_f2d                              0x08000439   Thumb Code    38  f2d.o(.text)
    __aeabi_d2f                              0x0800045f   Thumb Code    56  d2f.o(.text)
    __aeabi_llsl                             0x08000497   Thumb Code    30  llshl.o(.text)
    _ll_shift_l                              0x08000497   Thumb Code     0  llshl.o(.text)
    __aeabi_lasr                             0x080004b5   Thumb Code    36  llsshr.o(.text)
    _ll_sshift_r                             0x080004b5   Thumb Code     0  llsshr.o(.text)
    __I$use$fp                               0x080004d9   Thumb Code     0  iusefp.o(.text)
    _float_round                             0x080004d9   Thumb Code    18  fepilogue.o(.text)
    _float_epilogue                          0x080004eb   Thumb Code    92  fepilogue.o(.text)
    _double_round                            0x08000547   Thumb Code    30  depilogue.o(.text)
    _double_epilogue                         0x08000565   Thumb Code   156  depilogue.o(.text)
    __aeabi_ddiv                             0x08000601   Thumb Code   222  ddiv.o(.text)
    __scatterload                            0x080006e1   Thumb Code    28  init.o(.text)
    __scatterload_rt2                        0x080006e1   Thumb Code     0  init.o(.text)
    __aeabi_llsr                             0x08000705   Thumb Code    32  llushr.o(.text)
    _ll_ushift_r                             0x08000705   Thumb Code     0  llushr.o(.text)
    _dsqrt                                   0x08000725   Thumb Code   162  dsqrt.o(.text)
    __decompress                             0x080007c7   Thumb Code     0  __dczerorl2.o(.text)
    __decompress1                            0x080007c7   Thumb Code    86  __dczerorl2.o(.text)
    ANO_AK8975_CalOffset_Mag                 0x0800081d   Thumb Code   742  ak8975.o(i.ANO_AK8975_CalOffset_Mag)
    ANO_AK8975_Read                          0x08000b1d   Thumb Code     8  ak8975.o(i.ANO_AK8975_Read)
    ANO_AK8975_Read_Mag_Data                 0x08000b25   Thumb Code   242  ak8975.o(i.ANO_AK8975_Read_Mag_Data)
    ANO_AK8975_Run                           0x08000c21   Thumb Code    14  ak8975.o(i.ANO_AK8975_Run)
    ANO_DT_Send_Check                        0x08000c31   Thumb Code    66  datatransfer.o(i.ANO_DT_Send_Check)
    ANO_DT_Send_Senser                       0x08000c79   Thumb Code   406  datatransfer.o(i.ANO_DT_Send_Senser)
    ANO_DT_Send_Status                       0x08000e15   Thumb Code   336  datatransfer.o(i.ANO_DT_Send_Status)
    All_Init                                 0x08000f6d   Thumb Code   130  bsp.o(i.All_Init)
    ControlLoop                              0x08001009   Thumb Code   116  controltask.o(i.ControlLoop)
    DCMI_CaptureCmd                          0x08001081   Thumb Code    30  stm32f4xx_dcmi.o(i.DCMI_CaptureCmd)
    DCMI_ClearITPendingBit                   0x080010a5   Thumb Code     6  stm32f4xx_dcmi.o(i.DCMI_ClearITPendingBit)
    DCMI_Cmd                                 0x080010b1   Thumb Code    30  stm32f4xx_dcmi.o(i.DCMI_Cmd)
    DCMI_GetITStatus                         0x080010d5   Thumb Code    24  stm32f4xx_dcmi.o(i.DCMI_GetITStatus)
    DCMI_IRQHandler                          0x080010f1   Thumb Code    26  ov7670.o(i.DCMI_IRQHandler)
    DCMI_ITConfig                            0x08001111   Thumb Code    30  stm32f4xx_dcmi.o(i.DCMI_ITConfig)
    DCMI_Init                                0x08001135   Thumb Code    60  stm32f4xx_dcmi.o(i.DCMI_Init)
    DMA_ClearFlag                            0x08001175   Thumb Code    38  stm32f4xx_dma.o(i.DMA_ClearFlag)
    DMA_Cmd                                  0x080011a9   Thumb Code    22  stm32f4xx_dma.o(i.DMA_Cmd)
    DMA_DeInit                               0x080011c1   Thumb Code   324  stm32f4xx_dma.o(i.DMA_DeInit)
    DMA_GetCmdStatus                         0x08001319   Thumb Code    20  stm32f4xx_dma.o(i.DMA_GetCmdStatus)
    DMA_GetCurrDataCounter                   0x0800132d   Thumb Code     8  stm32f4xx_dma.o(i.DMA_GetCurrDataCounter)
    DMA_Init                                 0x08001335   Thumb Code    82  stm32f4xx_dma.o(i.DMA_Init)
    DataTransferTask                         0x0800138d   Thumb Code   254  datatransfer.o(i.DataTransferTask)
    Data_Receive_Anl                         0x080014ad   Thumb Code   700  datatransfer.o(i.Data_Receive_Anl)
    Delay_ms                                 0x080017b9   Thumb Code    24  timer.o(i.Delay_ms)
    Delay_us                                 0x080017d1   Thumb Code    18  timer.o(i.Delay_us)
    FSMC_NORSRAMCmd                          0x080017e9   Thumb Code    46  stm32f4xx_fsmc.o(i.FSMC_NORSRAMCmd)
    FSMC_NORSRAMInit                         0x0800181d   Thumb Code   230  stm32f4xx_fsmc.o(i.FSMC_NORSRAMInit)
    GPIO_Configuration                       0x08001905   Thumb Code    68  gpio.o(i.GPIO_Configuration)
    GPIO_Init                                0x08001951   Thumb Code   144  stm32f4xx_gpio.o(i.GPIO_Init)
    GPIO_PinAFConfig                         0x080019e1   Thumb Code    70  stm32f4xx_gpio.o(i.GPIO_PinAFConfig)
    GPIO_ResetBits                           0x08001a27   Thumb Code     4  stm32f4xx_gpio.o(i.GPIO_ResetBits)
    GPIO_SetBits                             0x08001a2b   Thumb Code     4  stm32f4xx_gpio.o(i.GPIO_SetBits)
    GPIO_ToggleBits                          0x08001a2f   Thumb Code     8  stm32f4xx_gpio.o(i.GPIO_ToggleBits)
    GetInnerLoop                             0x08001a39   Thumb Code    42  timer.o(i.GetInnerLoop)
    I2c_Soft_Ask                             0x08001a6d   Thumb Code    52  i2c_soft.o(i.I2c_Soft_Ask)
    I2c_Soft_Init                            0x08001aa5   Thumb Code    48  i2c_soft.o(i.I2c_Soft_Init)
    I2c_Soft_NoAsk                           0x08001ad9   Thumb Code    52  i2c_soft.o(i.I2c_Soft_NoAsk)
    I2c_Soft_ReadByte                        0x08001b11   Thumb Code    92  i2c_soft.o(i.I2c_Soft_ReadByte)
    I2c_Soft_SendByte                        0x08001b71   Thumb Code    84  i2c_soft.o(i.I2c_Soft_SendByte)
    I2c_Soft_Start                           0x08001bc9   Thumb Code    82  i2c_soft.o(i.I2c_Soft_Start)
    I2c_Soft_Stop                            0x08001c21   Thumb Code    52  i2c_soft.o(i.I2c_Soft_Stop)
    I2c_Soft_WaitAsk                         0x08001c59   Thumb Code    86  i2c_soft.o(i.I2c_Soft_WaitAsk)
    I2c_Soft_delay                           0x08001cb5   Thumb Code    42  i2c_soft.o(i.I2c_Soft_delay)
    IIC_Read_1Byte                           0x08001ce5   Thumb Code    80  i2c_soft.o(i.IIC_Read_1Byte)
    IIC_Read_nByte                           0x08001d35   Thumb Code   108  i2c_soft.o(i.IIC_Read_nByte)
    IIC_Write_1Byte                          0x08001da1   Thumb Code    62  i2c_soft.o(i.IIC_Write_1Byte)
    IICwriteBit                              0x08001de1   Thumb Code    78  mpu6050.o(i.IICwriteBit)
    IICwriteBits                             0x08001e35   Thumb Code   102  mpu6050.o(i.IICwriteBits)
    IMUupdate                                0x08001e9d   Thumb Code  2594  imu.o(i.IMUupdate)
    InnerLoopInit                            0x080028d5   Thumb Code    22  timer.o(i.InnerLoopInit)
    LCD_AUTOScan_Dir                         0x080028ed   Thumb Code   352  lcd.o(i.LCD_AUTOScan_Dir)
    LCD_Clear                                0x08002a69   Thumb Code    48  lcd.o(i.LCD_Clear)
    LCD_Display_Dir                          0x08002aa5   Thumb Code   156  lcd.o(i.LCD_Display_Dir)
    LCD_FSMC_Config                          0x08002b5d   Thumb Code   550  lcd.o(i.LCD_FSMC_Config)
    LCD_Init                                 0x08002d8d   Thumb Code  1684  lcd.o(i.LCD_Init)
    LCD_ReadReg                              0x0800342d   Thumb Code    22  lcd.o(i.LCD_ReadReg)
    LCD_SetCursor                            0x08003449   Thumb Code   100  lcd.o(i.LCD_SetCursor)
    LCD_WriteRAM_Prepare                     0x080034c5   Thumb Code    12  lcd.o(i.LCD_WriteRAM_Prepare)
    LCD_WriteReg                             0x080034d5   Thumb Code    12  lcd.o(i.LCD_WriteReg)
    LED_Configuration                        0x080034e5   Thumb Code    54  led.o(i.LED_Configuration)
    MPU6050_Data_Offset                      0x08003521   Thumb Code   560  mpu6050.o(i.MPU6050_Data_Offset)
    MPU6050_Data_Prepare                     0x08003771   Thumb Code  1166  mpu6050.o(i.MPU6050_Data_Prepare)
    MPU6050_INT_Config                       0x08003c09   Thumb Code    56  mpu6050.o(i.MPU6050_INT_Config)
    MPU6050_Init                             0x08003c45   Thumb Code   184  mpu6050.o(i.MPU6050_Init)
    MPU6050_Read                             0x08003cfd   Thumb Code    22  mpu6050.o(i.MPU6050_Read)
    MPU6050_setClockSource                   0x08003d1d   Thumb Code    20  mpu6050.o(i.MPU6050_setClockSource)
    MPU6050_setDLPF                          0x08003d31   Thumb Code    20  mpu6050.o(i.MPU6050_setDLPF)
    MPU6050_setFullScaleAccelRange           0x08003d45   Thumb Code    36  mpu6050.o(i.MPU6050_setFullScaleAccelRange)
    MPU6050_setFullScaleGyroRange            0x08003d69   Thumb Code    36  mpu6050.o(i.MPU6050_setFullScaleGyroRange)
    MPU6050_setI2CBypassEnabled              0x08003d8d   Thumb Code    18  mpu6050.o(i.MPU6050_setI2CBypassEnabled)
    MPU6050_setI2CMasterModeEnabled          0x08003d9f   Thumb Code    18  mpu6050.o(i.MPU6050_setI2CMasterModeEnabled)
    MPU6050_setSleepEnabled                  0x08003db1   Thumb Code    18  mpu6050.o(i.MPU6050_setSleepEnabled)
    MPU6050_set_SMPLRT_DIV                   0x08003dc3   Thumb Code    28  mpu6050.o(i.MPU6050_set_SMPLRT_DIV)
    NVIC_Init                                0x08003de1   Thumb Code   106  misc.o(i.NVIC_Init)
    NVIC_PriorityGroupConfig                 0x08003e59   Thumb Code    10  misc.o(i.NVIC_PriorityGroupConfig)
    OV7670_Configuration                     0x08003e6d   Thumb Code   612  ov7670.o(i.OV7670_Configuration)
    OV_Reset                                 0x080040f1   Thumb Code    12  sccb.o(i.OV_Reset)
    OV_WriteReg                              0x080040fd   Thumb Code    78  sccb.o(i.OV_WriteReg)
    PWM_Configuration                        0x0800414d   Thumb Code   268  pwm.o(i.PWM_Configuration)
    RCC_AHB1PeriphClockCmd                   0x08004265   Thumb Code    26  stm32f4xx_rcc.o(i.RCC_AHB1PeriphClockCmd)
    RCC_AHB2PeriphClockCmd                   0x08004285   Thumb Code    26  stm32f4xx_rcc.o(i.RCC_AHB2PeriphClockCmd)
    RCC_AHB3PeriphClockCmd                   0x080042a5   Thumb Code    26  stm32f4xx_rcc.o(i.RCC_AHB3PeriphClockCmd)
    RCC_APB1PeriphClockCmd                   0x080042c5   Thumb Code    26  stm32f4xx_rcc.o(i.RCC_APB1PeriphClockCmd)
    RCC_GetClocksFreq                        0x080042e5   Thumb Code   214  stm32f4xx_rcc.o(i.RCC_GetClocksFreq)
    RCC_MCO1Config                           0x080043cd   Thumb Code    24  stm32f4xx_rcc.o(i.RCC_MCO1Config)
    SCCB_Configuration                       0x080043e9   Thumb Code    70  sccb.o(i.SCCB_Configuration)
    SCCB_Start                               0x08004435   Thumb Code    56  sccb.o(i.SCCB_Start)
    SCCB_Stop                                0x08004475   Thumb Code    42  sccb.o(i.SCCB_Stop)
    SCCB_Write                               0x080044a9   Thumb Code   172  sccb.o(i.SCCB_Write)
    SystemInit                               0x0800464d   Thumb Code    88  system_stm32f4xx.o(i.SystemInit)
    TIM3_Configuration                       0x080046b5   Thumb Code    94  timer.o(i.TIM3_Configuration)
    TIM3_IRQHandler                          0x0800471d   Thumb Code   236  timer.o(i.TIM3_IRQHandler)
    TIM5_Configuration                       0x0800482d   Thumb Code    58  timer.o(i.TIM5_Configuration)
    TIM5_IRQHandler                          0x0800486d   Thumb Code    30  timer.o(i.TIM5_IRQHandler)
    TIM6_Configuration                       0x08004891   Thumb Code    72  timer.o(i.TIM6_Configuration)
    TIM6_DAC_IRQHandler                      0x080048dd   Thumb Code    34  timer.o(i.TIM6_DAC_IRQHandler)
    TIM6_Start                               0x08004905   Thumb Code    30  timer.o(i.TIM6_Start)
    TIM_ARRPreloadConfig                     0x08004929   Thumb Code    24  stm32f4xx_tim.o(i.TIM_ARRPreloadConfig)
    TIM_ClearFlag                            0x08004941   Thumb Code     6  stm32f4xx_tim.o(i.TIM_ClearFlag)
    TIM_ClearITPendingBit                    0x08004947   Thumb Code     6  stm32f4xx_tim.o(i.TIM_ClearITPendingBit)
    TIM_Cmd                                  0x0800494d   Thumb Code    24  stm32f4xx_tim.o(i.TIM_Cmd)
    TIM_CtrlPWMOutputs                       0x08004965   Thumb Code    30  stm32f4xx_tim.o(i.TIM_CtrlPWMOutputs)
    TIM_GetITStatus                          0x08004983   Thumb Code    34  stm32f4xx_tim.o(i.TIM_GetITStatus)
    TIM_ITConfig                             0x080049a5   Thumb Code    18  stm32f4xx_tim.o(i.TIM_ITConfig)
    TIM_OC1Init                              0x080049b9   Thumb Code   114  stm32f4xx_tim.o(i.TIM_OC1Init)
    TIM_OC2Init                              0x08004a35   Thumb Code   154  stm32f4xx_tim.o(i.TIM_OC2Init)
    TIM_OC3Init                              0x08004ad9   Thumb Code   150  stm32f4xx_tim.o(i.TIM_OC3Init)
    TIM_OC4Init                              0x08004b79   Thumb Code   112  stm32f4xx_tim.o(i.TIM_OC4Init)
    TIM_OCStructInit                         0x08004bf1   Thumb Code    20  stm32f4xx_tim.o(i.TIM_OCStructInit)
    TIM_TimeBaseInit                         0x08004c05   Thumb Code   104  stm32f4xx_tim.o(i.TIM_TimeBaseInit)
    TIM_TimeBaseStructInit                   0x08004c89   Thumb Code    18  stm32f4xx_tim.o(i.TIM_TimeBaseStructInit)
    To_180_degrees                           0x08004d5d   Thumb Code    58  mymath.o(i.To_180_degrees)
    Transform                                0x08004da5   Thumb Code    14  mpu6050.o(i.Transform)
    USART1_IRQHandler                        0x08004db5   Thumb Code    38  usart.o(i.USART1_IRQHandler)
    USART2_IRQHandler                        0x08004de1   Thumb Code    58  usart.o(i.USART2_IRQHandler)
    USART_ClearITPendingBit                  0x08004e21   Thumb Code    30  stm32f4xx_usart.o(i.USART_ClearITPendingBit)
    USART_ClockInit                          0x08004e3f   Thumb Code    32  stm32f4xx_usart.o(i.USART_ClockInit)
    USART_Cmd                                0x08004e5f   Thumb Code    24  stm32f4xx_usart.o(i.USART_Cmd)
    USART_DMACmd                             0x08004e77   Thumb Code    18  stm32f4xx_usart.o(i.USART_DMACmd)
    USART_GetITStatus                        0x08004e89   Thumb Code    84  stm32f4xx_usart.o(i.USART_GetITStatus)
    USART_ITConfig                           0x08004edd   Thumb Code    74  stm32f4xx_usart.o(i.USART_ITConfig)
    USART_Init                               0x08004f29   Thumb Code   204  stm32f4xx_usart.o(i.USART_Init)
    Usart1_DataPrepare                       0x08004ffd   Thumb Code     2  datatransfer.o(i.Usart1_DataPrepare)
    Usart2_DataPrepare                       0x08005001   Thumb Code   216  datatransfer.o(i.Usart2_DataPrepare)
    Usart2_Init                              0x080050e9   Thumb Code   332  usart.o(i.Usart2_Init)
    Usart2_Send                              0x08005245   Thumb Code   172  usart.o(i.Usart2_Send)
    __ARM_fpclassify                         0x0800530d   Thumb Code    48  fpclassify.o(i.__ARM_fpclassify)
    __hardfp_asin                            0x08005341   Thumb Code   770  asin.o(i.__hardfp_asin)
    __kernel_poly                            0x080056a1   Thumb Code   248  poly.o(i.__kernel_poly)
    __mathlib_dbl_infnan                     0x08005799   Thumb Code    20  dunder.o(i.__mathlib_dbl_infnan)
    __mathlib_dbl_invalid                    0x080057b1   Thumb Code    24  dunder.o(i.__mathlib_dbl_invalid)
    __mathlib_dbl_underflow                  0x080057d1   Thumb Code    24  dunder.o(i.__mathlib_dbl_underflow)
    __scatterload_copy                       0x080057f1   Thumb Code    14  handlers.o(i.__scatterload_copy)
    __scatterload_null                       0x080057ff   Thumb Code     2  handlers.o(i.__scatterload_null)
    __scatterload_zeroinit                   0x08005801   Thumb Code    14  handlers.o(i.__scatterload_zeroinit)
    __set_errno                              0x08005811   Thumb Code     6  errno.o(i.__set_errno)
    fabs                                     0x0800581d   Thumb Code    24  fabs.o(i.fabs)
    fast_atan2                               0x08005835   Thumb Code   350  mymath.o(i.fast_atan2)
    main                                     0x080059b1   Thumb Code     8  main.o(i.main)
    my_abs                                   0x080059c5   Thumb Code    26  mymath.o(i.my_abs)
    my_sqrt                                  0x080059e1   Thumb Code    88  mymath.o(i.my_sqrt)
    simple_3d_trans                          0x08005a3d   Thumb Code   240  imu.o(i.simple_3d_trans)
    sqrt                                     0x08005b39   Thumb Code   110  sqrt.o(i.sqrt)
    Region$$Table$$Base                      0x08005d48   Number         0  anon$$obj.o(Region$$Table)
    Region$$Table$$Limit                     0x08005d68   Number         0  anon$$obj.o(Region$$Table)
    ak8975                                   0x20000000   Data          44  ak8975.o(.data)
    ak8975_ok                                0x2000002c   Data           1  ak8975.o(.data)
    Mag_CALIBRATED                           0x2000002d   Data           1  ak8975.o(.data)
    I2C_FastMode                             0x2000004a   Data           1  i2c_soft.o(.data)
    mpu6050_ok                               0x2000004c   Data           1  mpu6050.o(.data)
    acc_sum_cnt                              0x2000004e   Data           2  mpu6050.o(.data)
    gyro_sum_cnt                             0x20000050   Data           2  mpu6050.o(.data)
    filter_cnt                               0x20000052   Data           1  mpu6050.o(.data)
    filter_cnt_old                           0x20000053   Data           1  mpu6050.o(.data)
    test_ang                                 0x20000054   Data           4  mpu6050.o(.data)
    test_ang_old                             0x20000058   Data           4  mpu6050.o(.data)
    test_ang_d                               0x2000005c   Data           4  mpu6050.o(.data)
    test_fli_a                               0x20000060   Data           4  mpu6050.o(.data)
    test_i                                   0x20000064   Data           4  mpu6050.o(.data)
    Tx1Counter                               0x20000070   Data           1  usart.o(.data)
    count1                                   0x20000071   Data           1  usart.o(.data)
    Tx2Counter                               0x20000072   Data           1  usart.o(.data)
    count2                                   0x20000073   Data           1  usart.o(.data)
    BRUSH_COLOR                              0x20000080   Data           2  lcd.o(.data)
    BACK_COLOR                               0x20000082   Data           2  lcd.o(.data)
    lcd_id                                   0x20000084   Data           2  lcd.o(.data)
    dir_flag                                 0x20000086   Data           1  lcd.o(.data)
    lcd_width                                0x20000088   Data           2  lcd.o(.data)
    lcd_height                               0x2000008a   Data           2  lcd.o(.data)
    write_gramcmd                            0x2000008c   Data           2  lcd.o(.data)
    setxcmd                                  0x2000008e   Data           2  lcd.o(.data)
    setycmd                                  0x20000090   Data           2  lcd.o(.data)
    send_pid1                                0x20000098   Data           1  datatransfer.o(.data)
    send_pid2                                0x20000099   Data           1  datatransfer.o(.data)
    send_pid3                                0x2000009a   Data           1  datatransfer.o(.data)
    send_check                               0x2000009b   Data           1  datatransfer.o(.data)
    checkdata_to_send                        0x2000009c   Data           1  datatransfer.o(.data)
    checksum_to_send                         0x2000009d   Data           1  datatransfer.o(.data)
    appTosave                                0x2000009e   Data           1  datatransfer.o(.data)
    AngleWithGradiantFromUsart               0x200000a0   Data           4  datatransfer.o(.data)
    ExpAngleFromUsart                        0x200000a4   Data           4  datatransfer.o(.data)
    NS                                       0x200000a8   Data           1  datatransfer.o(.data)
    Roll                                     0x200000ac   Data           4  imu.o(.data)
    Pitch                                    0x200000b0   Data           4  imu.o(.data)
    Yaw                                      0x200000b4   Data           4  imu.o(.data)
    ref_q                                    0x200000b8   Data          16  imu.o(.data)
    norm_acc                                 0x200000c8   Data           4  imu.o(.data)
    norm_q                                   0x200000cc   Data           4  imu.o(.data)
    norm_acc_lpf                             0x200000d0   Data           4  imu.o(.data)
    mag_norm                                 0x200000d4   Data           4  imu.o(.data)
    mag_norm_xyz                             0x200000d8   Data           4  imu.o(.data)
    acc_ng_cali                              0x200000dc   Data           1  imu.o(.data)
    fast_atan_table                          0x200000f0   Data        1028  mymath.o(.data)
    Motor_X                                  0x200004f4   Data           4  pid.o(.data)
    Motor_Y                                  0x200004f8   Data           4  pid.o(.data)
    mode                                     0x200004fc   Data           4  ctrl.o(.data)
    mode_change_flag                         0x20000500   Data           4  ctrl.o(.data)
    MX                                       0x20000524   Data          40  bsp.o(.bss)
    MY                                       0x2000054c   Data          40  bsp.o(.bss)
    mpu6050                                  0x20000574   Data         128  mpu6050.o(.bss)
    sensor_setup                             0x200005f4   Data          64  mpu6050.o(.bss)
    mpu6050_buffer                           0x20000634   Data          14  mpu6050.o(.bss)
    sum_temp                                 0x20000644   Data          28  mpu6050.o(.bss)
    FILT_BUF                                 0x20000660   Data         154  mpu6050.o(.bss)
    mpu6050_tmp                              0x200006fc   Data          28  mpu6050.o(.bss)
    mpu_fil_tmp                              0x20000718   Data          28  mpu6050.o(.bss)
    Rx_1_Buf                                 0x200007d4   Data         256  usart.o(.bss)
    Tx1Buffer                                0x200008d4   Data         256  usart.o(.bss)
    Tx1DMABuffer                             0x200009d4   Data         256  usart.o(.bss)
    Rx_2_Buf                                 0x20000ad4   Data         256  usart.o(.bss)
    Tx2Buffer                                0x20000bd4   Data         256  usart.o(.bss)
    Tx2DMABuffer                             0x20000cd4   Data         256  usart.o(.bss)
    data_to_send                             0x20000dd4   Data          50  datatransfer.o(.bss)
    reference_v                              0x20000e38   Data          12  imu.o(.bss)
    ref                                      0x20000e44   Data          60  imu.o(.bss)
    mag_sim_3d                               0x20000e80   Data          12  imu.o(.bss)
    acc_3d_hg                                0x20000e8c   Data          12  imu.o(.bss)
    acc_ng                                   0x20000e98   Data          12  imu.o(.bss)
    acc_ng_offset                            0x20000ea4   Data          12  imu.o(.bss)
    __initial_sp                             0x200012c0   Data           0  startup_stm32f40xx.o(STACK)



==============================================================================

Memory Map of the image

  Image Entry point : 0x08000189

  Load Region LR_IROM1 (Base: 0x08000000, Size: 0x00006280, Max: 0x00080000, ABSOLUTE, COMPRESSED[0x000061a4])

    Execution Region ER_IROM1 (Base: 0x08000000, Size: 0x00005d68, Max: 0x00080000, ABSOLUTE)

    Base Addr    Size         Type   Attr      Idx    E Section Name        Object

    0x08000000   0x00000188   Data   RO          166    RESET               startup_stm32f40xx.o
    0x08000188   0x00000000   Code   RO         5370  * .ARM.Collect$$$$00000000  mc_w.l(entry.o)
    0x08000188   0x00000004   Code   RO         5425    .ARM.Collect$$$$00000001  mc_w.l(entry2.o)
    0x0800018c   0x00000004   Code   RO         5428    .ARM.Collect$$$$00000004  mc_w.l(entry5.o)
    0x08000190   0x00000000   Code   RO         5430    .ARM.Collect$$$$00000008  mc_w.l(entry7b.o)
    0x08000190   0x00000000   Code   RO         5432    .ARM.Collect$$$$0000000A  mc_w.l(entry8b.o)
    0x08000190   0x00000008   Code   RO         5433    .ARM.Collect$$$$0000000B  mc_w.l(entry9a.o)
    0x08000198   0x00000000   Code   RO         5435    .ARM.Collect$$$$0000000D  mc_w.l(entry10a.o)
    0x08000198   0x00000000   Code   RO         5437    .ARM.Collect$$$$0000000F  mc_w.l(entry11a.o)
    0x08000198   0x00000004   Code   RO         5426    .ARM.Collect$$$$00002712  mc_w.l(entry2.o)
    0x0800019c   0x00000024   Code   RO          167    .text               startup_stm32f40xx.o
    0x080001c0   0x00000024   Code   RO         5373    .text               mc_w.l(memseta.o)
    0x080001e4   0x0000014e   Code   RO         5375    .text               mf_w.l(dadd.o)
    0x08000332   0x000000e4   Code   RO         5377    .text               mf_w.l(dmul.o)
    0x08000416   0x00000022   Code   RO         5379    .text               mf_w.l(dflti.o)
    0x08000438   0x00000026   Code   RO         5381    .text               mf_w.l(f2d.o)
    0x0800045e   0x00000038   Code   RO         5387    .text               mf_w.l(d2f.o)
    0x08000496   0x0000001e   Code   RO         5439    .text               mc_w.l(llshl.o)
    0x080004b4   0x00000024   Code   RO         5441    .text               mc_w.l(llsshr.o)
    0x080004d8   0x00000000   Code   RO         5450    .text               mc_w.l(iusefp.o)
    0x080004d8   0x0000006e   Code   RO         5451    .text               mf_w.l(fepilogue.o)
    0x08000546   0x000000ba   Code   RO         5453    .text               mf_w.l(depilogue.o)
    0x08000600   0x000000de   Code   RO         5455    .text               mf_w.l(ddiv.o)
    0x080006de   0x00000002   PAD
    0x080006e0   0x00000024   Code   RO         5459    .text               mc_w.l(init.o)
    0x08000704   0x00000020   Code   RO         5461    .text               mc_w.l(llushr.o)
    0x08000724   0x000000a2   Code   RO         5463    .text               mf_w.l(dsqrt.o)
    0x080007c6   0x00000056   Code   RO         5473    .text               mc_w.l(__dczerorl2.o)
    0x0800081c   0x00000300   Code   RO          172    i.ANO_AK8975_CalOffset_Mag  ak8975.o
    0x08000b1c   0x00000008   Code   RO          174    i.ANO_AK8975_Read   ak8975.o
    0x08000b24   0x000000fc   Code   RO          175    i.ANO_AK8975_Read_Mag_Data  ak8975.o
    0x08000c20   0x0000000e   Code   RO          176    i.ANO_AK8975_Run    ak8975.o
    0x08000c2e   0x00000002   PAD
    0x08000c30   0x00000048   Code   RO         1025    i.ANO_DT_Send_Check  datatransfer.o
    0x08000c78   0x0000019c   Code   RO         1028    i.ANO_DT_Send_Senser  datatransfer.o
    0x08000e14   0x00000158   Code   RO         1029    i.ANO_DT_Send_Status  datatransfer.o
    0x08000f6c   0x0000009c   Code   RO          228    i.All_Init          bsp.o
    0x08001008   0x00000078   Code   RO          983    i.ControlLoop       controltask.o
    0x08001080   0x00000024   Code   RO         2207    i.DCMI_CaptureCmd   stm32f4xx_dcmi.o
    0x080010a4   0x0000000c   Code   RO         2209    i.DCMI_ClearITPendingBit  stm32f4xx_dcmi.o
    0x080010b0   0x00000024   Code   RO         2210    i.DCMI_Cmd          stm32f4xx_dcmi.o
    0x080010d4   0x0000001c   Code   RO         2213    i.DCMI_GetITStatus  stm32f4xx_dcmi.o
    0x080010f0   0x00000020   Code   RO          881    i.DCMI_IRQHandler   ov7670.o
    0x08001110   0x00000024   Code   RO         2214    i.DCMI_ITConfig     stm32f4xx_dcmi.o
    0x08001134   0x00000040   Code   RO         2215    i.DCMI_Init         stm32f4xx_dcmi.o
    0x08001174   0x00000034   Code   RO         2308    i.DMA_ClearFlag     stm32f4xx_dma.o
    0x080011a8   0x00000016   Code   RO         2310    i.DMA_Cmd           stm32f4xx_dma.o
    0x080011be   0x00000002   PAD
    0x080011c0   0x00000158   Code   RO         2311    i.DMA_DeInit        stm32f4xx_dma.o
    0x08001318   0x00000014   Code   RO         2315    i.DMA_GetCmdStatus  stm32f4xx_dma.o
    0x0800132c   0x00000008   Code   RO         2316    i.DMA_GetCurrDataCounter  stm32f4xx_dma.o
    0x08001334   0x00000058   Code   RO         2322    i.DMA_Init          stm32f4xx_dma.o
    0x0800138c   0x00000120   Code   RO         1030    i.DataTransferTask  datatransfer.o
    0x080014ac   0x0000030c   Code   RO         1031    i.Data_Receive_Anl  datatransfer.o
    0x080017b8   0x00000018   Code   RO          544    i.Delay_ms          timer.o
    0x080017d0   0x00000018   Code   RO          545    i.Delay_us          timer.o
    0x080017e8   0x00000034   Code   RO         2700    i.FSMC_NORSRAMCmd   stm32f4xx_fsmc.o
    0x0800181c   0x000000e6   Code   RO         2702    i.FSMC_NORSRAMInit  stm32f4xx_fsmc.o
    0x08001902   0x00000002   PAD
    0x08001904   0x0000004c   Code   RO          288    i.GPIO_Configuration  gpio.o
    0x08001950   0x00000090   Code   RO         2817    i.GPIO_Init         stm32f4xx_gpio.o
    0x080019e0   0x00000046   Code   RO         2818    i.GPIO_PinAFConfig  stm32f4xx_gpio.o
    0x08001a26   0x00000004   Code   RO         2824    i.GPIO_ResetBits    stm32f4xx_gpio.o
    0x08001a2a   0x00000004   Code   RO         2825    i.GPIO_SetBits      stm32f4xx_gpio.o
    0x08001a2e   0x00000008   Code   RO         2827    i.GPIO_ToggleBits   stm32f4xx_gpio.o
    0x08001a36   0x00000002   PAD
    0x08001a38   0x00000034   Code   RO          546    i.GetInnerLoop      timer.o
    0x08001a6c   0x00000038   Code   RO          304    i.I2c_Soft_Ask      i2c_soft.o
    0x08001aa4   0x00000034   Code   RO          305    i.I2c_Soft_Init     i2c_soft.o
    0x08001ad8   0x00000038   Code   RO          306    i.I2c_Soft_NoAsk    i2c_soft.o
    0x08001b10   0x00000060   Code   RO          307    i.I2c_Soft_ReadByte  i2c_soft.o
    0x08001b70   0x00000058   Code   RO          308    i.I2c_Soft_SendByte  i2c_soft.o
    0x08001bc8   0x00000058   Code   RO          309    i.I2c_Soft_Start    i2c_soft.o
    0x08001c20   0x00000038   Code   RO          310    i.I2c_Soft_Stop     i2c_soft.o
    0x08001c58   0x0000005c   Code   RO          311    i.I2c_Soft_WaitAsk  i2c_soft.o
    0x08001cb4   0x00000030   Code   RO          312    i.I2c_Soft_delay    i2c_soft.o
    0x08001ce4   0x00000050   Code   RO          313    i.IIC_Read_1Byte    i2c_soft.o
    0x08001d34   0x0000006c   Code   RO          314    i.IIC_Read_nByte    i2c_soft.o
    0x08001da0   0x0000003e   Code   RO          315    i.IIC_Write_1Byte   i2c_soft.o
    0x08001dde   0x00000002   PAD
    0x08001de0   0x00000054   Code   RO          414    i.IICwriteBit       mpu6050.o
    0x08001e34   0x00000066   Code   RO          415    i.IICwriteBits      mpu6050.o
    0x08001e9a   0x00000002   PAD
    0x08001e9c   0x00000a38   Code   RO         1126    i.IMUupdate         imu.o
    0x080028d4   0x00000016   Code   RO          547    i.InnerLoopInit     timer.o
    0x080028ea   0x00000002   PAD
    0x080028ec   0x0000017c   Code   RO          690    i.LCD_AUTOScan_Dir  lcd.o
    0x08002a68   0x0000003c   Code   RO          692    i.LCD_Clear         lcd.o
    0x08002aa4   0x000000b8   Code   RO          701    i.LCD_Display_Dir   lcd.o
    0x08002b5c   0x00000230   Code   RO          707    i.LCD_FSMC_Config   lcd.o
    0x08002d8c   0x000006a0   Code   RO          710    i.LCD_Init          lcd.o
    0x0800342c   0x0000001c   Code   RO          712    i.LCD_ReadReg       lcd.o
    0x08003448   0x0000007c   Code   RO          713    i.LCD_SetCursor     lcd.o
    0x080034c4   0x00000010   Code   RO          715    i.LCD_WriteRAM_Prepare  lcd.o
    0x080034d4   0x00000010   Code   RO          716    i.LCD_WriteReg      lcd.o
    0x080034e4   0x0000003c   Code   RO          398    i.LED_Configuration  led.o
    0x08003520   0x00000250   Code   RO          416    i.MPU6050_Data_Offset  mpu6050.o
    0x08003770   0x00000498   Code   RO          417    i.MPU6050_Data_Prepare  mpu6050.o
    0x08003c08   0x0000003c   Code   RO          418    i.MPU6050_INT_Config  mpu6050.o
    0x08003c44   0x000000b8   Code   RO          419    i.MPU6050_Init      mpu6050.o
    0x08003cfc   0x00000020   Code   RO          420    i.MPU6050_Read      mpu6050.o
    0x08003d1c   0x00000014   Code   RO          421    i.MPU6050_setClockSource  mpu6050.o
    0x08003d30   0x00000014   Code   RO          422    i.MPU6050_setDLPF   mpu6050.o
    0x08003d44   0x00000024   Code   RO          423    i.MPU6050_setFullScaleAccelRange  mpu6050.o
    0x08003d68   0x00000024   Code   RO          424    i.MPU6050_setFullScaleGyroRange  mpu6050.o
    0x08003d8c   0x00000012   Code   RO          425    i.MPU6050_setI2CBypassEnabled  mpu6050.o
    0x08003d9e   0x00000012   Code   RO          426    i.MPU6050_setI2CMasterModeEnabled  mpu6050.o
    0x08003db0   0x00000012   Code   RO          427    i.MPU6050_setSleepEnabled  mpu6050.o
    0x08003dc2   0x0000001c   Code   RO          428    i.MPU6050_set_SMPLRT_DIV  mpu6050.o
    0x08003dde   0x00000002   PAD
    0x08003de0   0x00000078   Code   RO         1342    i.NVIC_Init         misc.o
    0x08003e58   0x00000014   Code   RO         1343    i.NVIC_PriorityGroupConfig  misc.o
    0x08003e6c   0x00000284   Code   RO          882    i.OV7670_Configuration  ov7670.o
    0x080040f0   0x0000000c   Code   RO          915    i.OV_Reset          sccb.o
    0x080040fc   0x0000004e   Code   RO          916    i.OV_WriteReg       sccb.o
    0x0800414a   0x00000002   PAD
    0x0800414c   0x00000118   Code   RO          528    i.PWM_Configuration  pwm.o
    0x08004264   0x00000020   Code   RO         3417    i.RCC_AHB1PeriphClockCmd  stm32f4xx_rcc.o
    0x08004284   0x00000020   Code   RO         3420    i.RCC_AHB2PeriphClockCmd  stm32f4xx_rcc.o
    0x080042a4   0x00000020   Code   RO         3423    i.RCC_AHB3PeriphClockCmd  stm32f4xx_rcc.o
    0x080042c4   0x00000020   Code   RO         3426    i.RCC_APB1PeriphClockCmd  stm32f4xx_rcc.o
    0x080042e4   0x000000e8   Code   RO         3438    i.RCC_GetClocksFreq  stm32f4xx_rcc.o
    0x080043cc   0x0000001c   Code   RO         3449    i.RCC_MCO1Config    stm32f4xx_rcc.o
    0x080043e8   0x0000004c   Code   RO          917    i.SCCB_Configuration  sccb.o
    0x08004434   0x00000040   Code   RO          919    i.SCCB_Start        sccb.o
    0x08004474   0x00000034   Code   RO          920    i.SCCB_Stop         sccb.o
    0x080044a8   0x000000b8   Code   RO          921    i.SCCB_Write        sccb.o
    0x08004560   0x000000ec   Code   RO         5324    i.SetSysClock       system_stm32f4xx.o
    0x0800464c   0x00000068   Code   RO         5326    i.SystemInit        system_stm32f4xx.o
    0x080046b4   0x00000068   Code   RO          548    i.TIM3_Configuration  timer.o
    0x0800471c   0x00000110   Code   RO          549    i.TIM3_IRQHandler   timer.o
    0x0800482c   0x00000040   Code   RO          550    i.TIM5_Configuration  timer.o
    0x0800486c   0x00000024   Code   RO          551    i.TIM5_IRQHandler   timer.o
    0x08004890   0x0000004c   Code   RO          552    i.TIM6_Configuration  timer.o
    0x080048dc   0x00000028   Code   RO          553    i.TIM6_DAC_IRQHandler  timer.o
    0x08004904   0x00000024   Code   RO          554    i.TIM6_Start        timer.o
    0x08004928   0x00000018   Code   RO         4519    i.TIM_ARRPreloadConfig  stm32f4xx_tim.o
    0x08004940   0x00000006   Code   RO         4525    i.TIM_ClearFlag     stm32f4xx_tim.o
    0x08004946   0x00000006   Code   RO         4526    i.TIM_ClearITPendingBit  stm32f4xx_tim.o
    0x0800494c   0x00000018   Code   RO         4531    i.TIM_Cmd           stm32f4xx_tim.o
    0x08004964   0x0000001e   Code   RO         4533    i.TIM_CtrlPWMOutputs  stm32f4xx_tim.o
    0x08004982   0x00000022   Code   RO         4552    i.TIM_GetITStatus   stm32f4xx_tim.o
    0x080049a4   0x00000012   Code   RO         4556    i.TIM_ITConfig      stm32f4xx_tim.o
    0x080049b6   0x00000002   PAD
    0x080049b8   0x0000007c   Code   RO         4560    i.TIM_OC1Init       stm32f4xx_tim.o
    0x08004a34   0x000000a4   Code   RO         4565    i.TIM_OC2Init       stm32f4xx_tim.o
    0x08004ad8   0x000000a0   Code   RO         4570    i.TIM_OC3Init       stm32f4xx_tim.o
    0x08004b78   0x00000078   Code   RO         4575    i.TIM_OC4Init       stm32f4xx_tim.o
    0x08004bf0   0x00000014   Code   RO         4578    i.TIM_OCStructInit  stm32f4xx_tim.o
    0x08004c04   0x00000084   Code   RO         4603    i.TIM_TimeBaseInit  stm32f4xx_tim.o
    0x08004c88   0x00000012   Code   RO         4604    i.TIM_TimeBaseStructInit  stm32f4xx_tim.o
    0x08004c9a   0x00000008   Code   RO          984    i.Task_10ms         controltask.o
    0x08004ca2   0x00000002   PAD
    0x08004ca4   0x00000024   Code   RO          985    i.Task_20ms         controltask.o
    0x08004cc8   0x00000090   Code   RO          986    i.Task_2ms          controltask.o
    0x08004d58   0x00000002   Code   RO          987    i.Task_50ms         controltask.o
    0x08004d5a   0x00000002   Code   RO          988    i.Task_5ms          controltask.o
    0x08004d5c   0x00000048   Code   RO         1160    i.To_180_degrees    mymath.o
    0x08004da4   0x0000000e   Code   RO          429    i.Transform         mpu6050.o
    0x08004db2   0x00000002   PAD
    0x08004db4   0x0000002c   Code   RO          622    i.USART1_IRQHandler  usart.o
    0x08004de0   0x00000040   Code   RO          623    i.USART2_IRQHandler  usart.o
    0x08004e20   0x0000001e   Code   RO         5077    i.USART_ClearITPendingBit  stm32f4xx_usart.o
    0x08004e3e   0x00000020   Code   RO         5078    i.USART_ClockInit   stm32f4xx_usart.o
    0x08004e5e   0x00000018   Code   RO         5080    i.USART_Cmd         stm32f4xx_usart.o
    0x08004e76   0x00000012   Code   RO         5081    i.USART_DMACmd      stm32f4xx_usart.o
    0x08004e88   0x00000054   Code   RO         5084    i.USART_GetITStatus  stm32f4xx_usart.o
    0x08004edc   0x0000004a   Code   RO         5086    i.USART_ITConfig    stm32f4xx_usart.o
    0x08004f26   0x00000002   PAD
    0x08004f28   0x000000d4   Code   RO         5087    i.USART_Init        stm32f4xx_usart.o
    0x08004ffc   0x00000002   Code   RO         1032    i.Usart1_DataPrepare  datatransfer.o
    0x08004ffe   0x00000002   PAD
    0x08005000   0x000000e8   Code   RO         1033    i.Usart2_DataPrepare  datatransfer.o
    0x080050e8   0x0000015c   Code   RO          626    i.Usart2_Init       usart.o
    0x08005244   0x000000c8   Code   RO          627    i.Usart2_Send       usart.o
    0x0800530c   0x00000030   Code   RO         5409    i.__ARM_fpclassify  m_wm.l(fpclassify.o)
    0x0800533c   0x00000004   PAD
    0x08005340   0x00000360   Code   RO         5356    i.__hardfp_asin     m_wm.l(asin.o)
    0x080056a0   0x000000f8   Code   RO         5411    i.__kernel_poly     m_wm.l(poly.o)
    0x08005798   0x00000014   Code   RO         5390    i.__mathlib_dbl_infnan  m_wm.l(dunder.o)
    0x080057ac   0x00000004   PAD
    0x080057b0   0x00000020   Code   RO         5392    i.__mathlib_dbl_invalid  m_wm.l(dunder.o)
    0x080057d0   0x00000020   Code   RO         5395    i.__mathlib_dbl_underflow  m_wm.l(dunder.o)
    0x080057f0   0x0000000e   Code   RO         5467    i.__scatterload_copy  mc_w.l(handlers.o)
    0x080057fe   0x00000002   Code   RO         5468    i.__scatterload_null  mc_w.l(handlers.o)
    0x08005800   0x0000000e   Code   RO         5469    i.__scatterload_zeroinit  mc_w.l(handlers.o)
    0x0800580e   0x00000002   PAD
    0x08005810   0x0000000c   Code   RO         5445    i.__set_errno       mc_w.l(errno.o)
    0x0800581c   0x00000018   Code   RO         5405    i.fabs              m_wm.l(fabs.o)
    0x08005834   0x0000017c   Code   RO         1162    i.fast_atan2        mymath.o
    0x080059b0   0x00000008   Code   RO            2    i.main              main.o
    0x080059b8   0x0000000c   Code   RO          883    i.my_Configuration  ov7670.o
    0x080059c4   0x0000001a   Code   RO         1165    i.my_abs            mymath.o
    0x080059de   0x00000002   PAD
    0x080059e0   0x0000005c   Code   RO         1173    i.my_sqrt           mymath.o
    0x08005a3c   0x000000fc   Code   RO         1127    i.simple_3d_trans   imu.o
    0x08005b38   0x0000006e   Code   RO         5415    i.sqrt              m_wm.l(sqrt.o)
    0x08005ba6   0x0000014e   Data   RO          884    .constdata          ov7670.o
    0x08005cf4   0x00000004   PAD
    0x08005cf8   0x00000050   Data   RO         5359    .constdata          m_wm.l(asin.o)
    0x08005d48   0x00000020   Data   RO         5465    Region$$Table       anon$$obj.o


    Execution Region RW_IRAM1 (Base: 0x20000000, Size: 0x000012c0, Max: 0x00020000, ABSOLUTE, COMPRESSED[0x0000043c])

    Base Addr    Size         Type   Attr      Idx    E Section Name        Object

    0x20000000   0x0000004a   Data   RW          179    .data               ak8975.o
    0x2000004a   0x00000001   Data   RW          317    .data               i2c_soft.o
    0x2000004b   0x00000001   PAD
    0x2000004c   0x0000001c   Data   RW          431    .data               mpu6050.o
    0x20000068   0x00000008   Data   RW          556    .data               timer.o
    0x20000070   0x0000000f   Data   RW          632    .data               usart.o
    0x2000007f   0x00000001   PAD
    0x20000080   0x00000012   Data   RW          719    .data               lcd.o
    0x20000092   0x00000002   PAD
    0x20000094   0x00000004   Data   RW          989    .data               controltask.o
    0x20000098   0x00000014   Data   RW         1035    .data               datatransfer.o
    0x200000ac   0x00000044   Data   RW         1129    .data               imu.o
    0x200000f0   0x00000404   Data   RW         1174    .data               mymath.o
    0x200004f4   0x00000008   Data   RW         1259    .data               pid.o
    0x200004fc   0x00000008   Data   RW         1323    .data               ctrl.o
    0x20000504   0x00000010   Data   RW         3461    .data               stm32f4xx_rcc.o
    0x20000514   0x00000004   Data   RW         5446    .data               mc_w.l(errno.o)
    0x20000518   0x0000000c   Zero   RW          178    .bss                ak8975.o
    0x20000524   0x00000050   Zero   RW          229    .bss                bsp.o
    0x20000574   0x000001c0   Zero   RW          430    .bss                mpu6050.o
    0x20000734   0x000000a0   Zero   RW          555    .bss                timer.o
    0x200007d4   0x00000600   Zero   RW          631    .bss                usart.o
    0x20000dd4   0x00000064   Zero   RW         1034    .bss                datatransfer.o
    0x20000e38   0x00000084   Zero   RW         1128    .bss                imu.o
    0x20000ebc   0x00000004   PAD
    0x20000ec0   0x00000400   Zero   RW          164    STACK               startup_stm32f40xx.o


==============================================================================

Image component sizes


      Code (inc. data)   RO Data    RW Data    ZI Data      Debug   Object Name

      1042         36          0         74         12       3159   ak8975.o
       156         26          0          0         80       1119   bsp.o
       312         32          0          4          0       2746   controltask.o
         0          0          0          8          0        248   ctrl.o
      2130        150          0         20        100       7220   datatransfer.o
        76          8          0          0          0        541   gpio.o
       882         42          0          1          0       7688   i2c_soft.o
      2868        170          0         68        132       3718   imu.o
      3064        170          0         18          0       7424   lcd.o
        60          6          0          0          0        512   led.o
         8          0          0          0          0     285455   main.o
       140         24          0          0          0     210715   misc.o
      2438        112          0         28        448      21822   mpu6050.o
       570         48          0       1028          0       3271   mymath.o
       688         38        334          0          0       2229   ov7670.o
         0          0          0          8          0        482   pid.o
       280         12          0          0          0        768   pwm.o
       466         36          0          0          0       3296   sccb.o
        36          8        392          0       1024        820   startup_stm32f40xx.o
       212         32          0          0          0       7717   stm32f4xx_dcmi.o
       534         40          0          0          0      17506   stm32f4xx_dma.o
       282          6          0          0          0       9753   stm32f4xx_fsmc.o
       230          0          0          0          0       9817   stm32f4xx_gpio.o
       388         46          0         16          0      18681   stm32f4xx_rcc.o
       880         66          0          0          0      29258   stm32f4xx_tim.o
       474          8          0          0          0      11577   stm32f4xx_usart.o
       340         32          0          0          0       1601   system_stm32f4xx.o
       750         90          0          8        160       5731   timer.o
       656         56          0         15       1536       4770   usart.o

    ----------------------------------------------------------------------
     19992       1294        762       1300       3496     679644   Object Totals
         0          0         32          0          0          0   (incl. Generated)
        30          0          4          4          4          0   (incl. Padding)

    ----------------------------------------------------------------------

      Code (inc. data)   RO Data    RW Data    ZI Data      Debug   Library Member Name

       864         94         80          0          0        280   asin.o
        84         16          0          0          0        372   dunder.o
        24          0          0          0          0        124   fabs.o
        48          0          0          0          0        124   fpclassify.o
       248          0          0          0          0        152   poly.o
       110          0          0          0          0        148   sqrt.o
        86          0          0          0          0          0   __dczerorl2.o
         0          0          0          0          0          0   entry.o
         0          0          0          0          0          0   entry10a.o
         0          0          0          0          0          0   entry11a.o
         8          4          0          0          0          0   entry2.o
         4          0          0          0          0          0   entry5.o
         0          0          0          0          0          0   entry7b.o
         0          0          0          0          0          0   entry8b.o
         8          4          0          0          0          0   entry9a.o
        12          6          0          4          0         68   errno.o
        30          0          0          0          0          0   handlers.o
        36          8          0          0          0         68   init.o
         0          0          0          0          0          0   iusefp.o
        30          0          0          0          0         68   llshl.o
        36          0          0          0          0         68   llsshr.o
        32          0          0          0          0         68   llushr.o
        36          0          0          0          0        108   memseta.o
        56          0          0          0          0         88   d2f.o
       334          0          0          0          0        148   dadd.o
       222          0          0          0          0        100   ddiv.o
       186          0          0          0          0        176   depilogue.o
        34          0          0          0          0         76   dflti.o
       228          0          0          0          0         96   dmul.o
       162          0          0          0          0        100   dsqrt.o
        38          0          0          0          0         68   f2d.o
       110          0          0          0          0        168   fepilogue.o

    ----------------------------------------------------------------------
      3078        132         80          4          0       2668   Library Totals
        12          0          0          0          0          0   (incl. Padding)

    ----------------------------------------------------------------------

      Code (inc. data)   RO Data    RW Data    ZI Data      Debug   Library Name

      1378        110         80          0          0       1200   m_wm.l
       318         22          0          4          0        448   mc_w.l
      1370          0          0          0          0       1020   mf_w.l

    ----------------------------------------------------------------------
      3078        132         80          4          0       2668   Library Totals

    ----------------------------------------------------------------------

==============================================================================


      Code (inc. data)   RO Data    RW Data    ZI Data      Debug   

     23070       1426        842       1304       3496     668272   Grand Totals
     23070       1426        842       1084       3496     668272   ELF Image Totals (compressed)
     23070       1426        842       1084          0          0   ROM Totals

==============================================================================

    Total RO  Size (Code + RO Data)                23912 (  23.35kB)
    Total RW  Size (RW Data + ZI Data)              4800 (   4.69kB)
    Total ROM Size (Code + RO Data + RW Data)      24996 (  24.41kB)

==============================================================================

