<html>
<body>
<pre>
<h1>µVision Build Log</h1>
<h2>Tool Versions:</h2>
IDE-Version: ¦ÌVision V5.14.0.0
Copyright (C) 2015 ARM Ltd and ARM Germany GmbH. All rights reserved.
License Information: 1 2, 3, LIC=DSNVE-5CV7T-F0EN5-G7RVE-ETB5B-173EW
 
Tool Versions:
Toolchain:       MDK-ARM Professional  Version: 5.14.0.0
Toolchain Path:  C:\Keil_v5\ARM\ARMCC\Bin
C Compiler:      Armcc.exe V5.05 update 1 (build 106)
Assembler:       Armasm.exe V5.05 update 1 (build 106)
Linker/Locator:  ArmLink.exe V5.05 update 1 (build 106)
Library Manager: ArmAr.exe V5.05 update 1 (build 106)
Hex Converter:   FromElf.exe V5.05 update 1 (build 106)
CPU DLL:         SARMCM3.DLL V5.14.0.0
Dialog DLL:      DCM.DLL V1.13.1.0
Target DLL:      STLink\ST-LINKIII-KEIL_SWO.dll V2.0.14.0_KEIL
Dialog DLL:      TCM.DLL V1.14.4.0
 
<h2>Project:</h2>
C:\Users\b1101\Documents\GitHub\2017_Competition\NJUControl.uvprojx
Project File Date:  08/12/2017

<h2>Output:</h2>
Build target 'NJUControl'
compiling main.c...
users\main.c(42): warning:  #167-D: argument of type "u8 *" is incompatible with parameter of type "char *restrict"
                        DISPLAY
users\main.c(48): warning:  #167-D: argument of type "u8 *" is incompatible with parameter of type "char *restrict"
                                        DISPLAY
users\main.c(53): warning:  #167-D: argument of type "u8 *" is incompatible with parameter of type "char *restrict"
                                        DISPLAY
users\main.c(65): warning:  #167-D: argument of type "u8 *" is incompatible with parameter of type "char *restrict"
                        sprintf(str,"P:%1.1f",Pitch);
users\main.c(67): warning:  #167-D: argument of type "u8 *" is incompatible with parameter of type "char *restrict"
                        sprintf(str,"R:%1.1f",Roll>0?180-Roll:-180-Roll);
users\main.c(71): warning:  #167-D: argument of type "u8 *" is incompatible with parameter of type "char *restrict"
                        sprintf(str,"P:%1.f  I:%1.3f  D:%1.f",Motor_X->kp,Motor_X->ki,Motor_X->kd);
users\main.c(74): warning:  #167-D: argument of type "u8 *" is incompatible with parameter of type "char *restrict"
                        sprintf(str,"P:%1.f  I:%1.3f  D:%1.f",Motor_Y->kp,Motor_Y->ki,Motor_Y->kd);
users\main.c(77): warning:  #167-D: argument of type "u8 *" is incompatible with parameter of type "char *restrict"
                        sprintf(str,"P:%1.3f  I:%1.3f  D:%1.f",Speed_X->kp,Speed_X->ki,Speed_X->kd);
users\main.c(80): warning:  #167-D: argument of type "u8 *" is incompatible with parameter of type "char *restrict"
                        sprintf(str,"P:%1.3f  I:%1.3f  D:%1.f",Speed_Y->kp,Speed_Y->ki,Speed_Y->kd);
users\main.c(83): warning:  #167-D: argument of type "u8 *" is incompatible with parameter of type "char *restrict"
                        sprintf(str,"Skip:%f",skip);
users\main.c(113): warning:  #167-D: argument of type "u8 *" is incompatible with parameter of type "char *restrict"
                        sprintf(str,"P:%1.1f",Pitch);
users\main.c(115): warning:  #167-D: argument of type "u8 *" is incompatible with parameter of type "char *restrict"
                        sprintf(str,"R:%1.1f",Roll>0?180-Roll:-180-Roll);
users\main.c(119): warning:  #167-D: argument of type "u8 *" is incompatible with parameter of type "char *restrict"
                        sprintf(str,"P:%1.f  I:%1.3f  D:%1.f",Motor_X->kp,Motor_X->ki,Motor_X->kd);
users\main.c(122): warning:  #167-D: argument of type "u8 *" is incompatible with parameter of type "char *restrict"
                        sprintf(str,"P:%1.f  I:%1.3f  D:%1.f",Motor_Y->kp,Motor_Y->ki,Motor_Y->kd);
users\main.c(125): warning:  #167-D: argument of type "u8 *" is incompatible with parameter of type "char *restrict"
                        sprintf(str,"P:%1.3f  I:%1.3f  D:%1.f",Speed_X->kp,Speed_X->ki,Speed_X->kd);
users\main.c(128): warning:  #167-D: argument of type "u8 *" is incompatible with parameter of type "char *restrict"
                        sprintf(str,"P:%1.3f  I:%1.3f  D:%1.f",Speed_Y->kp,Speed_Y->ki,Speed_Y->kd);
users\main.c(131): warning:  #167-D: argument of type "u8 *" is incompatible with parameter of type "char *restrict"
                        sprintf(str,"Skip:%f",skip);
users\main.c(178): warning:  #167-D: argument of type "u8 *" is incompatible with parameter of type "char *restrict"
                                        sprintf(str,"P:%1.1f",Pitch);
users\main.c(180): warning:  #167-D: argument of type "u8 *" is incompatible with parameter of type "char *restrict"
                                        sprintf(str,"R:%1.1f",Roll>0?180-Roll:-180-Roll);
users\main.c(184): warning:  #167-D: argument of type "u8 *" is incompatible with parameter of type "char *restrict"
                                        sprintf(str,"P:%1.3f  I:%1.3f  D:%1.f",Motor_X->kp,Motor_X->ki,Motor_X->kd);
users\main.c(187): warning:  #167-D: argument of type "u8 *" is incompatible with parameter of type "char *restrict"
                                        sprintf(str,"P:%1.3f  I:%1.3f  D:%1.f",Motor_Y->kp,Motor_Y->ki,Motor_Y->kd);
users\main.c(190): warning:  #167-D: argument of type "u8 *" is incompatible with parameter of type "char *restrict"
                                        sprintf(str,"P:%1.3f  I:%1.3f  D:%1.f",Speed_X->kp,Speed_X->ki,Speed_X->kd);
users\main.c(193): warning:  #167-D: argument of type "u8 *" is incompatible with parameter of type "char *restrict"
                                        sprintf(str,"P:%1.3f  I:%1.3f  D:%1.f",Speed_Y->kp,Speed_Y->ki,Speed_Y->kd);
users\main.c(196): warning:  #167-D: argument of type "u8 *" is incompatible with parameter of type "char *restrict"
                                        sprintf(str,"Skip:%f",skip);
users\main.c: 24 warnings, 0 errors
linking...
Program Size: Code=33166 RO-data=6602 RW-data=1708 ZI-data=3612  
".\output\NJUControl.axf" - 0 Error(s), 24 Warning(s).

<h2>Collection of Component include folders:</h2>
  C:\Users\b1101\Documents\GitHub\2017_Competition\RTE
  C:\Keil_v5\ARM\PACK\Keil\STM32F4xx_DFP\1.0.8\Device\Include

<h2>Collection of Component Files used:</h2>
</pre>
</body>
</html>
